Component: Arm Compiler for Embedded 6.19 Tool: armlink [5e73cb00]

==============================================================================

Section Cross References

    main.o(.ARM.exidx.text.UARTSend) refers to main.o(.text.UARTSend) for [Anonymous Symbol]
    main.o(.text.UARTReceive) refers to lcd.o(.text.LCD_Puts) for LCD_Puts
    main.o(.ARM.exidx.text.UARTReceive) refers to main.o(.text.UARTReceive) for [Anonymous Symbol]
    main.o(.text.binOnOutput16Bit) refers to dflt_clz.o(x$fpl$dflt) for __aeabi_i2d
    main.o(.text.binOnOutput16Bit) refers to pow.o(i.__hardfp_pow) for __hardfp_pow
    main.o(.text.binOnOutput16Bit) refers to dfix.o(x$fpl$dfix) for __aeabi_d2iz
    main.o(.text.binOnOutput16Bit) refers to daddsub_clz.o(x$fpl$dsub) for __aeabi_dsub
    main.o(.text.binOnOutput16Bit) refers to dcmp.o(x$fpl$fcmp) for __aeabi_dcmple
    main.o(.text.binOnOutput16Bit) refers to stm32f4xx_hal_gpio.o(.text.HAL_GPIO_WritePin) for HAL_GPIO_WritePin
    main.o(.ARM.exidx.text.binOnOutput16Bit) refers to main.o(.text.binOnOutput16Bit) for [Anonymous Symbol]
    main.o(.text.TIM5_Delay_us) refers to main.o(.bss.Overflow_Counter) for Overflow_Counter
    main.o(.text.TIM5_Delay_us) refers to main.o(.data.counter5) for counter5
    main.o(.text.TIM5_Delay_us) refers to main.o(.data.psc5) for psc5
    main.o(.ARM.exidx.text.TIM5_Delay_us) refers to main.o(.text.TIM5_Delay_us) for [Anonymous Symbol]
    main.o(.text.main) refers to system_stm32f4xx.o(.text.SystemCoreClockUpdate) for SystemCoreClockUpdate
    main.o(.text.main) refers to stm32f4xx_hal.o(.text.HAL_Init) for HAL_Init
    main.o(.text.main) refers to lcd.o(.text.LCD_Init) for LCD_Init
    main.o(.text.main) refers to main.o(.data.psc5) for psc5
    main.o(.text.main) refers to main.o(.data.counter5) for counter5
    main.o(.text.main) refers to stm32f4xx_hal_gpio.o(.text.HAL_GPIO_Init) for HAL_GPIO_Init
    main.o(.text.main) refers to rt_memclr.o(.text) for __aeabi_memclr
    main.o(.text.main) refers to lcd.o(.text.LCD_Puts) for LCD_Puts
    main.o(.text.main) refers to main.o(.data.programState) for programState
    main.o(.text.main) refers to strlen.o(.text) for strlen
    main.o(.text.main) refers to main.o(.text.UARTReceive) for UARTReceive
    main.o(.text.main) refers to main.o(.data.selectedFreq) for selectedFreq
    main.o(.text.main) refers to stm32f4xx_hal_gpio.o(.text.HAL_GPIO_WritePin) for HAL_GPIO_WritePin
    main.o(.text.main) refers to main.o(.data.main.sin90) for main.sin90
    main.o(.text.main) refers to main.o(.text.binOnOutput16Bit) for binOnOutput16Bit
    main.o(.text.main) refers to main.o(.text.TIM5_Delay_us) for TIM5_Delay_us
    main.o(.text.main) refers to stm32f4xx_hal_gpio.o(.text.HAL_GPIO_TogglePin) for HAL_GPIO_TogglePin
    main.o(.ARM.exidx.text.main) refers to main.o(.text.main) for [Anonymous Symbol]
    main.o(.text.SysTick_Handler) refers to stm32f4xx_hal.o(.text.HAL_IncTick) for HAL_IncTick
    main.o(.ARM.exidx.text.SysTick_Handler) refers to main.o(.text.SysTick_Handler) for [Anonymous Symbol]
    main.o(.text.TIM5_IRQHandler) refers to main.o(.bss.Overflow_Counter) for Overflow_Counter
    main.o(.ARM.exidx.text.TIM5_IRQHandler) refers to main.o(.text.TIM5_IRQHandler) for [Anonymous Symbol]
    main.o(.data.waveForm) refers to main.o(.rodata.str1.1) for [Anonymous Symbol]
    main.o(.data.waveFormShort) refers to main.o(.rodata.str1.1) for [Anonymous Symbol]
    main.o(.data.selectedWaveForm) refers to main.o(.rodata.str1.1) for [Anonymous Symbol]
    lcd.o(.text.LCD_Delay_us) refers to stm32f4xx_hal.o(.text.HAL_GetTick) for HAL_GetTick
    lcd.o(.ARM.exidx.text.LCD_Delay_us) refers to lcd.o(.text.LCD_Delay_us) for [Anonymous Symbol]
    lcd.o(.text.LCD_Delay_ms) refers to stm32f4xx_hal.o(.text.HAL_Delay) for HAL_Delay
    lcd.o(.ARM.exidx.text.LCD_Delay_ms) refers to lcd.o(.text.LCD_Delay_ms) for [Anonymous Symbol]
    lcd.o(.text.LCD_Init) refers to stm32f4xx_hal_gpio.o(.text.HAL_GPIO_Init) for HAL_GPIO_Init
    lcd.o(.text.LCD_Init) refers to stm32f4xx_hal.o(.text.HAL_GetTick) for HAL_GetTick
    lcd.o(.text.LCD_Init) refers to lcd.o(.text.LCD_Delay_ms) for LCD_Delay_ms
    lcd.o(.text.LCD_Init) refers to lcd.o(.bss.LCD_Opts) for LCD_Opts
    lcd.o(.text.LCD_Init) refers to lcd.o(.text.LCD_Cmd4bit) for LCD_Cmd4bit
    lcd.o(.text.LCD_Init) refers to lcd.o(.text.LCD_Cmd) for LCD_Cmd
    lcd.o(.text.LCD_Init) refers to lcd.o(.text.LCD_DisplayOn) for LCD_DisplayOn
    lcd.o(.text.LCD_Init) refers to lcd.o(.text.LCD_Clear) for LCD_Clear
    lcd.o(.ARM.exidx.text.LCD_Init) refers to lcd.o(.text.LCD_Init) for [Anonymous Symbol]
    lcd.o(.text.LCD_Cmd4bit) refers to stm32f4xx_hal_gpio.o(.text.HAL_GPIO_WritePin) for HAL_GPIO_WritePin
    lcd.o(.text.LCD_Cmd4bit) refers to lcd.o(.text.LCD_Delay_us) for LCD_Delay_us
    lcd.o(.ARM.exidx.text.LCD_Cmd4bit) refers to lcd.o(.text.LCD_Cmd4bit) for [Anonymous Symbol]
[...]
    Removing stm32f4xx_hal_cortex.o(.ARM.exidx.text.HAL_NVIC_ClearPendingIRQ), (8 bytes).
    Removing stm32f4xx_hal_cortex.o(.text.__NVIC_ClearPendingIRQ), (48 bytes).
    Removing stm32f4xx_hal_cortex.o(.ARM.exidx.text.__NVIC_ClearPendingIRQ), (8 bytes).
    Removing stm32f4xx_hal_cortex.o(.text.HAL_NVIC_GetActive), (20 bytes).
    Removing stm32f4xx_hal_cortex.o(.ARM.exidx.text.HAL_NVIC_GetActive), (8 bytes).
    Removing stm32f4xx_hal_cortex.o(.text.__NVIC_GetActive), (64 bytes).
    Removing stm32f4xx_hal_cortex.o(.ARM.exidx.text.__NVIC_GetActive), (8 bytes).
    Removing stm32f4xx_hal_cortex.o(.text.HAL_SYSTICK_CLKSourceConfig), (52 bytes).
    Removing stm32f4xx_hal_cortex.o(.ARM.exidx.text.HAL_SYSTICK_CLKSourceConfig), (8 bytes).
    Removing stm32f4xx_hal_cortex.o(.text.HAL_SYSTICK_IRQHandler), (8 bytes).
    Removing stm32f4xx_hal_cortex.o(.ARM.exidx.text.HAL_SYSTICK_IRQHandler), (8 bytes).
    Removing stm32f4xx_hal_cortex.o(.text.HAL_SYSTICK_Callback), (2 bytes).
    Removing stm32f4xx_hal_cortex.o(.ARM.exidx.text.HAL_SYSTICK_Callback), (8 bytes).
    Removing stm32f4xx_hal_gpio.o(.text), (0 bytes).
    Removing stm32f4xx_hal_gpio.o(.ARM.exidx.text.HAL_GPIO_Init), (8 bytes).
    Removing stm32f4xx_hal_gpio.o(.text.HAL_GPIO_DeInit), (464 bytes).
    Removing stm32f4xx_hal_gpio.o(.ARM.exidx.text.HAL_GPIO_DeInit), (8 bytes).
    Removing stm32f4xx_hal_gpio.o(.text.HAL_GPIO_ReadPin), (46 bytes).
    Removing stm32f4xx_hal_gpio.o(.ARM.exidx.text.HAL_GPIO_ReadPin), (8 bytes).
    Removing stm32f4xx_hal_gpio.o(.ARM.exidx.text.HAL_GPIO_WritePin), (8 bytes).
    Removing stm32f4xx_hal_gpio.o(.ARM.exidx.text.HAL_GPIO_TogglePin), (8 bytes).
    Removing stm32f4xx_hal_gpio.o(.text.HAL_GPIO_LockPin), (86 bytes).
    Removing stm32f4xx_hal_gpio.o(.ARM.exidx.text.HAL_GPIO_LockPin), (8 bytes).
    Removing stm32f4xx_hal_gpio.o(.text.HAL_GPIO_EXTI_IRQHandler), (56 bytes).
    Removing stm32f4xx_hal_gpio.o(.ARM.exidx.text.HAL_GPIO_EXTI_IRQHandler), (8 bytes).
    Removing stm32f4xx_hal_gpio.o(.text.HAL_GPIO_EXTI_Callback), (10 bytes).
    Removing stm32f4xx_hal_gpio.o(.ARM.exidx.text.HAL_GPIO_EXTI_Callback), (8 bytes).
    Removing stm32f4xx_hal_pwr.o(.text), (0 bytes).
    Removing stm32f4xx_hal_pwr.o(.text.HAL_PWR_DeInit), (26 bytes).
    Removing stm32f4xx_hal_pwr.o(.ARM.exidx.text.HAL_PWR_DeInit), (8 bytes).
    Removing stm32f4xx_hal_pwr.o(.text.HAL_PWR_EnableBkUpAccess), (30 bytes).
    Removing stm32f4xx_hal_pwr.o(.ARM.exidx.text.HAL_PWR_EnableBkUpAccess), (8 bytes).
    Removing stm32f4xx_hal_pwr.o(.text.HAL_PWR_DisableBkUpAccess), (30 bytes).
    Removing stm32f4xx_hal_pwr.o(.ARM.exidx.text.HAL_PWR_DisableBkUpAccess), (8 bytes).
    Removing stm32f4xx_hal_pwr.o(.text.HAL_PWR_ConfigPVD), (210 bytes).
    Removing stm32f4xx_hal_pwr.o(.ARM.exidx.text.HAL_PWR_ConfigPVD), (8 bytes).
    Removing stm32f4xx_hal_pwr.o(.text.HAL_PWR_EnablePVD), (12 bytes).
    Removing stm32f4xx_hal_pwr.o(.ARM.exidx.text.HAL_PWR_EnablePVD), (8 bytes).
    Removing stm32f4xx_hal_pwr.o(.text.HAL_PWR_DisablePVD), (12 bytes).
    Removing stm32f4xx_hal_pwr.o(.ARM.exidx.text.HAL_PWR_DisablePVD), (8 bytes).
    Removing stm32f4xx_hal_pwr.o(.text.HAL_PWR_EnableWakeUpPin), (24 bytes).
    Removing stm32f4xx_hal_pwr.o(.ARM.exidx.text.HAL_PWR_EnableWakeUpPin), (8 bytes).
    Removing stm32f4xx_hal_pwr.o(.text.HAL_PWR_DisableWakeUpPin), (24 bytes).
    Removing stm32f4xx_hal_pwr.o(.ARM.exidx.text.HAL_PWR_DisableWakeUpPin), (8 bytes).
    Removing stm32f4xx_hal_pwr.o(.text.HAL_PWR_EnterSLEEPMode), (50 bytes).
    Removing stm32f4xx_hal_pwr.o(.ARM.exidx.text.HAL_PWR_EnterSLEEPMode), (8 bytes).
    Removing stm32f4xx_hal_pwr.o(.text.HAL_PWR_EnterSTOPMode), (86 bytes).
    Removing stm32f4xx_hal_pwr.o(.ARM.exidx.text.HAL_PWR_EnterSTOPMode), (8 bytes).
    Removing stm32f4xx_hal_pwr.o(.text.HAL_PWR_EnterSTANDBYMode), (36 bytes).
    Removing stm32f4xx_hal_pwr.o(.ARM.exidx.text.HAL_PWR_EnterSTANDBYMode), (8 bytes).
    Removing stm32f4xx_hal_pwr.o(.text.HAL_PWR_PVD_IRQHandler), (42 bytes).
    Removing stm32f4xx_hal_pwr.o(.ARM.exidx.text.HAL_PWR_PVD_IRQHandler), (8 bytes).
    Removing stm32f4xx_hal_pwr.o(.text.HAL_PWR_PVDCallback), (2 bytes).
    Removing stm32f4xx_hal_pwr.o(.ARM.exidx.text.HAL_PWR_PVDCallback), (8 bytes).
    Removing stm32f4xx_hal_pwr.o(.text.HAL_PWR_EnableSleepOnExit), (18 bytes).
    Removing stm32f4xx_hal_pwr.o(.ARM.exidx.text.HAL_PWR_EnableSleepOnExit), (8 bytes).
    Removing stm32f4xx_hal_pwr.o(.text.HAL_PWR_DisableSleepOnExit), (18 bytes).
    Removing stm32f4xx_hal_pwr.o(.ARM.exidx.text.HAL_PWR_DisableSleepOnExit), (8 bytes).
    Removing stm32f4xx_hal_pwr.o(.text.HAL_PWR_EnableSEVOnPend), (18 bytes).
    Removing stm32f4xx_hal_pwr.o(.ARM.exidx.text.HAL_PWR_EnableSEVOnPend), (8 bytes).
    Removing stm32f4xx_hal_pwr.o(.text.HAL_PWR_DisableSEVOnPend), (18 bytes).
    Removing stm32f4xx_hal_pwr.o(.ARM.exidx.text.HAL_PWR_DisableSEVOnPend), (8 bytes).
    Removing stm32f4xx_hal_pwr_ex.o(.text), (0 bytes).
    Removing stm32f4xx_hal_pwr_ex.o(.text.HAL_PWREx_EnableBkUpReg), (92 bytes).
    Removing stm32f4xx_hal_pwr_ex.o(.ARM.exidx.text.HAL_PWREx_EnableBkUpReg), (8 bytes).
    Removing stm32f4xx_hal_pwr_ex.o(.text.HAL_PWREx_DisableBkUpReg), (90 bytes).
    Removing stm32f4xx_hal_pwr_ex.o(.ARM.exidx.text.HAL_PWREx_DisableBkUpReg), (8 bytes).
    Removing stm32f4xx_hal_pwr_ex.o(.text.HAL_PWREx_EnableFlashPowerDown), (12 bytes).
    Removing stm32f4xx_hal_pwr_ex.o(.ARM.exidx.text.HAL_PWREx_EnableFlashPowerDown), (8 bytes).
    Removing stm32f4xx_hal_pwr_ex.o(.text.HAL_PWREx_DisableFlashPowerDown), (12 bytes).
    Removing stm32f4xx_hal_pwr_ex.o(.ARM.exidx.text.HAL_PWREx_DisableFlashPowerDown), (8 bytes).
    Removing stm32f4xx_hal_pwr_ex.o(.text.HAL_PWREx_GetVoltageRange), (16 bytes).
    Removing stm32f4xx_hal_pwr_ex.o(.ARM.exidx.text.HAL_PWREx_GetVoltageRange), (8 bytes).
    Removing stm32f4xx_hal_pwr_ex.o(.text.HAL_PWREx_ControlVoltageScaling), (318 bytes).
    Removing stm32f4xx_hal_pwr_ex.o(.ARM.exidx.text.HAL_PWREx_ControlVoltageScaling), (8 bytes).
    Removing stm32f4xx_hal_pwr_ex.o(.text.HAL_PWREx_EnableMainRegulatorLowVoltage), (12 bytes).
    Removing stm32f4xx_hal_pwr_ex.o(.ARM.exidx.text.HAL_PWREx_EnableMainRegulatorLowVoltage), (8 bytes).
    Removing stm32f4xx_hal_pwr_ex.o(.text.HAL_PWREx_DisableMainRegulatorLowVoltage), (12 bytes).
    Removing stm32f4xx_hal_pwr_ex.o(.ARM.exidx.text.HAL_PWREx_DisableMainRegulatorLowVoltage), (8 bytes).
    Removing stm32f4xx_hal_pwr_ex.o(.text.HAL_PWREx_EnableLowRegulatorLowVoltage), (12 bytes).
    Removing stm32f4xx_hal_pwr_ex.o(.ARM.exidx.text.HAL_PWREx_EnableLowRegulatorLowVoltage), (8 bytes).
    Removing stm32f4xx_hal_pwr_ex.o(.text.HAL_PWREx_DisableLowRegulatorLowVoltage), (12 bytes).
    Removing stm32f4xx_hal_pwr_ex.o(.ARM.exidx.text.HAL_PWREx_DisableLowRegulatorLowVoltage), (8 bytes).
    Removing stm32f4xx_hal_rcc.o(.text), (0 bytes).
    Removing stm32f4xx_hal_rcc.o(.text.HAL_RCC_DeInit), (4 bytes).
    Removing stm32f4xx_hal_rcc.o(.ARM.exidx.text.HAL_RCC_DeInit), (8 bytes).
    Removing stm32f4xx_hal_rcc.o(.text.HAL_RCC_OscConfig), (1726 bytes).
    Removing stm32f4xx_hal_rcc.o(.ARM.exidx.text.HAL_RCC_OscConfig), (8 bytes).
    Removing stm32f4xx_hal_rcc.o(.text.HAL_RCC_ClockConfig), (610 bytes).
    Removing stm32f4xx_hal_rcc.o(.ARM.exidx.text.HAL_RCC_ClockConfig), (8 bytes).
    Removing stm32f4xx_hal_rcc.o(.text.HAL_RCC_GetSysClockFreq), (230 bytes).
    Removing stm32f4xx_hal_rcc.o(.ARM.exidx.text.HAL_RCC_GetSysClockFreq), (8 bytes).
    Removing stm32f4xx_hal_rcc.o(.text.HAL_RCC_MCOConfig), (208 bytes).
    Removing stm32f4xx_hal_rcc.o(.ARM.exidx.text.HAL_RCC_MCOConfig), (8 bytes).
    Removing stm32f4xx_hal_rcc.o(.text.HAL_RCC_EnableCSS), (12 bytes).
    Removing stm32f4xx_hal_rcc.o(.ARM.exidx.text.HAL_RCC_EnableCSS), (8 bytes).
    Removing stm32f4xx_hal_rcc.o(.text.HAL_RCC_DisableCSS), (12 bytes).
    Removing stm32f4xx_hal_rcc.o(.ARM.exidx.text.HAL_RCC_DisableCSS), (8 bytes).
    Removing stm32f4xx_hal_rcc.o(.text.HAL_RCC_GetHCLKFreq), (12 bytes).
    Removing stm32f4xx_hal_rcc.o(.ARM.exidx.text.HAL_RCC_GetHCLKFreq), (8 bytes).
    Removing stm32f4xx_hal_rcc.o(.text.HAL_RCC_GetPCLK1Freq), (34 bytes).
    Removing stm32f4xx_hal_rcc.o(.ARM.exidx.text.HAL_RCC_GetPCLK1Freq), (8 bytes).
    Removing stm32f4xx_hal_rcc.o(.text.HAL_RCC_GetPCLK2Freq), (34 bytes).
    Removing stm32f4xx_hal_rcc.o(.ARM.exidx.text.HAL_RCC_GetPCLK2Freq), (8 bytes).
    Removing stm32f4xx_hal_rcc.o(.text.HAL_RCC_GetOscConfig), (320 bytes).
    Removing stm32f4xx_hal_rcc.o(.ARM.exidx.text.HAL_RCC_GetOscConfig), (8 bytes).
    Removing stm32f4xx_hal_rcc.o(.text.HAL_RCC_GetClockConfig), (84 bytes).
    Removing stm32f4xx_hal_rcc.o(.ARM.exidx.text.HAL_RCC_GetClockConfig), (8 bytes).
    Removing stm32f4xx_hal_rcc.o(.text.HAL_RCC_NMI_IRQHandler), (40 bytes).
    Removing stm32f4xx_hal_rcc.o(.ARM.exidx.text.HAL_RCC_NMI_IRQHandler), (8 bytes).
    Removing stm32f4xx_hal_rcc.o(.text.HAL_RCC_CSSCallback), (2 bytes).
    Removing stm32f4xx_hal_rcc.o(.ARM.exidx.text.HAL_RCC_CSSCallback), (8 bytes).
    Removing stm32f4xx_hal_rcc_ex.o(.text), (0 bytes).
    Removing stm32f4xx_hal_rcc_ex.o(.text.HAL_RCCEx_PeriphCLKConfig), (592 bytes).
    Removing stm32f4xx_hal_rcc_ex.o(.ARM.exidx.text.HAL_RCCEx_PeriphCLKConfig), (8 bytes).
    Removing stm32f4xx_hal_rcc_ex.o(.text.HAL_RCCEx_GetPeriphCLKConfig), (114 bytes).
    Removing stm32f4xx_hal_rcc_ex.o(.ARM.exidx.text.HAL_RCCEx_GetPeriphCLKConfig), (8 bytes).
    Removing stm32f4xx_hal_rcc_ex.o(.text.HAL_RCCEx_GetPeriphCLKFreq), (194 bytes).
    Removing stm32f4xx_hal_rcc_ex.o(.ARM.exidx.text.HAL_RCCEx_GetPeriphCLKFreq), (8 bytes).
    Removing stm32f4xx_hal_rcc_ex.o(.text.HAL_RCCEx_EnablePLLI2S), (176 bytes).
    Removing stm32f4xx_hal_rcc_ex.o(.ARM.exidx.text.HAL_RCCEx_EnablePLLI2S), (8 bytes).
    Removing stm32f4xx_hal_rcc_ex.o(.text.HAL_RCCEx_DisablePLLI2S), (80 bytes).
    Removing stm32f4xx_hal_rcc_ex.o(.ARM.exidx.text.HAL_RCCEx_DisablePLLI2S), (8 bytes).
    Removing stm32f4xx_hal_rcc_ex.o(.text.HAL_RCC_DeInit), (512 bytes).
    Removing stm32f4xx_hal_rcc_ex.o(.ARM.exidx.text.HAL_RCC_DeInit), (8 bytes).
    Removing system_stm32f4xx.o(.text), (0 bytes).
    Removing system_stm32f4xx.o(.ARM.exidx.text.SystemInit), (8 bytes).
    Removing system_stm32f4xx.o(.ARM.exidx.text.SystemCoreClockUpdate), (8 bytes).
    Removing system_stm32f4xx.o(.rodata.APBPrescTable), (8 bytes).

291 unused section(s) (total 11521 bytes) removed from the image.

==============================================================================

Image Symbol Table

    Local Symbols

    Symbol Name                              Value     Ov Type        Size  Object(Section)

    ../clib/angel/boardlib.s                 0x00000000   Number         0  boardinit1.o ABSOLUTE
    ../clib/angel/boardlib.s                 0x00000000   Number         0  boardinit2.o ABSOLUTE
    ../clib/angel/boardlib.s                 0x00000000   Number         0  boardinit3.o ABSOLUTE
    ../clib/angel/boardlib.s                 0x00000000   Number         0  boardshut.o ABSOLUTE
    ../clib/angel/handlers.s                 0x00000000   Number         0  __scatter_copy.o ABSOLUTE
    ../clib/angel/handlers.s                 0x00000000   Number         0  __scatter_zi.o ABSOLUTE
    ../clib/angel/kernel.s                   0x00000000   Number         0  __rtentry.o ABSOLUTE
    ../clib/angel/kernel.s                   0x00000000   Number         0  __rtentry2.o ABSOLUTE
    ../clib/angel/kernel.s                   0x00000000   Number         0  __rtentry4.o ABSOLUTE
    ../clib/angel/kernel.s                   0x00000000   Number         0  rtexit.o ABSOLUTE
    ../clib/angel/kernel.s                   0x00000000   Number         0  rtexit2.o ABSOLUTE
    ../clib/angel/rt.s                       0x00000000   Number         0  aeabi_ldiv0.o ABSOLUTE
    ../clib/angel/rt.s                       0x00000000   Number         0  aeabi_ldiv0_sigfpe.o ABSOLUTE
    ../clib/angel/rt.s                       0x00000000   Number         0  rt_div0.o ABSOLUTE
    ../clib/angel/rt.s                       0x00000000   Number         0  rt_errno_addr.o ABSOLUTE
    ../clib/angel/rt.s                       0x00000000   Number         0  rt_errno_addr_intlibspace.o ABSOLUTE
    ../clib/angel/rt.s                       0x00000000   Number         0  rt_raise.o ABSOLUTE
    ../clib/angel/scatter.s                  0x00000000   Number         0  __scatter.o ABSOLUTE
    ../clib/angel/startup.s                  0x00000000   Number         0  __main.o ABSOLUTE
    ../clib/angel/sys.s                      0x00000000   Number         0  libspace.o ABSOLUTE
    ../clib/angel/sys.s                      0x00000000   Number         0  sys_stackheap_outer.o ABSOLUTE
    ../clib/angel/sys.s                      0x00000000   Number         0  use_no_semi.o ABSOLUTE
    ../clib/angel/sys.s                      0x00000000   Number         0  indicate_semi.o ABSOLUTE
    ../clib/angel/sysapp.c                   0x00000000   Number         0  sys_exit.o ABSOLUTE
    ../clib/angel/sysapp.c                   0x00000000   Number         0  sys_exit_hlt.o ABSOLUTE
    ../clib/angel/sysapp.c                   0x00000000   Number         0  sys_wrch.o ABSOLUTE
    ../clib/angel/sysapp.c                   0x00000000   Number         0  sys_wrch_hlt.o ABSOLUTE
    ../clib/angel/sysapp.c                   0x00000000   Number         0  sys_command.o ABSOLUTE
    ../clib/angel/sysapp.c                   0x00000000   Number         0  sys_command_hlt.o ABSOLUTE
    ../clib/armsys.c                         0x00000000   Number         0  argv_veneer.o ABSOLUTE
    ../clib/armsys.c                         0x00000000   Number         0  argv_veneer.o ABSOLUTE
    ../clib/armsys.c                         0x00000000   Number         0  _get_argv_nomalloc.o ABSOLUTE
    ../clib/armsys.c                         0x00000000   Number         0  no_argv.o ABSOLUTE
    ../clib/fenv.c                           0x00000000   Number         0  _rserrno.o ABSOLUTE
    ../clib/heapalloc.c                      0x00000000   Number         0  hrguard.o ABSOLUTE
    ../clib/heapaux.c                        0x00000000   Number         0  heapauxi.o ABSOLUTE
    ../clib/libinit.s                        0x00000000   Number         0  libinit.o ABSOLUTE
    ../clib/libinit.s                        0x00000000   Number         0  libinit2.o ABSOLUTE
    ../clib/libinit.s                        0x00000000   Number         0  libshutdown.o ABSOLUTE
    ../clib/libinit.s                        0x00000000   Number         0  libshutdown2.o ABSOLUTE
    ../clib/longlong.s                       0x00000000   Number         0  lludivv7m.o ABSOLUTE
    ../clib/memcpset.s                       0x00000000   Number         0  rt_memclr.o ABSOLUTE
    ../clib/memcpset.s                       0x00000000   Number         0  rt_memclr_w.o ABSOLUTE
    ../clib/signal.c                         0x00000000   Number         0  defsig_fpe_outer.o ABSOLUTE
    ../clib/signal.c                         0x00000000   Number         0  defsig_fpe_formal.o ABSOLUTE
    ../clib/signal.c                         0x00000000   Number         0  defsig_exit.o ABSOLUTE
    ../clib/signal.c                         0x00000000   Number         0  defsig_fpe_inner.o ABSOLUTE
    ../clib/signal.c                         0x00000000   Number         0  __raise.o ABSOLUTE
    ../clib/signal.c                         0x00000000   Number         0  defsig_general.o ABSOLUTE
    ../clib/signal.c                         0x00000000   Number         0  defsig_abrt_inner.o ABSOLUTE
    ../clib/signal.c                         0x00000000   Number         0  defsig_rtred_inner.o ABSOLUTE
    ../clib/signal.c                         0x00000000   Number         0  defsig_rtmem_inner.o ABSOLUTE
    ../clib/signal.c                         0x00000000   Number         0  defsig_rtmem_outer.o ABSOLUTE
    ../clib/signal.c                         0x00000000   Number         0  defsig_rtmem_formal.o ABSOLUTE
    ../clib/signal.c                         0x00000000   Number         0  defsig_stak_inner.o ABSOLUTE
    ../clib/signal.c                         0x00000000   Number         0  defsig_pvfn_inner.o ABSOLUTE
    ../clib/signal.c                         0x00000000   Number         0  defsig_cppl_inner.o ABSOLUTE
    ../clib/signal.c                         0x00000000   Number         0  defsig_segv_inner.o ABSOLUTE
    ../clib/signal.c                         0x00000000   Number         0  defsig_other.o ABSOLUTE
    ../clib/signal.s                         0x00000000   Number         0  defsig.o ABSOLUTE
    ../clib/stdlib.c                         0x00000000   Number         0  exit.o ABSOLUTE
    ../clib/string.c                         0x00000000   Number         0  strlen.o ABSOLUTE
    ../fplib/basic.s                         0x00000000   Number         0  basic.o ABSOLUTE
    ../fplib/daddsub.s                       0x00000000   Number         0  daddsub_clz.o ABSOLUTE
    ../fplib/dcheck1.s                       0x00000000   Number         0  dcheck1.o ABSOLUTE
    ../fplib/dcmp.s                          0x00000000   Number         0  dcmp.o ABSOLUTE
    ../fplib/dcmpi.s                         0x00000000   Number         0  dcmpi.o ABSOLUTE
    ../fplib/ddiv.s                          0x00000000   Number         0  ddiv.o ABSOLUTE
    ../fplib/deqf.s                          0x00000000   Number         0  deqf.o ABSOLUTE
    ../fplib/dfix.s                          0x00000000   Number         0  dfix.o ABSOLUTE
    ../fplib/dflt.s                          0x00000000   Number         0  dflt_clz.o ABSOLUTE
    ../fplib/dgeqf.s                         0x00000000   Number         0  dgeqf.o ABSOLUTE
    ../fplib/dleqf.s                         0x00000000   Number         0  dleqf.o ABSOLUTE
    ../fplib/dmul.s                          0x00000000   Number         0  dmul.o ABSOLUTE
    ../fplib/dnaninf.s                       0x00000000   Number         0  dnaninf.o ABSOLUTE
    ../fplib/dretinf.s                       0x00000000   Number         0  dretinf.o ABSOLUTE
    ../fplib/drleqf.s                        0x00000000   Number         0  drleqf.o ABSOLUTE
    ../fplib/dsqrt.s                         0x00000000   Number         0  dsqrt_umaal.o ABSOLUTE
    ../fplib/fpinit.s                        0x00000000   Number         0  fpinit.o ABSOLUTE
    ../fplib/retnan.s                        0x00000000   Number         0  retnan.o ABSOLUTE
    ../fplib/scalbn.s                        0x00000000   Number         0  scalbn.o ABSOLUTE
    ../fplib/trapv.s                         0x00000000   Number         0  trapv.o ABSOLUTE
    ../fplib/usenofp.s                       0x00000000   Number         0  usenofp.o ABSOLUTE
    ../mathlib/dunder.c                      0x00000000   Number         0  dunder.o ABSOLUTE
    ../mathlib/fabs.c                        0x00000000   Number         0  fabs.o ABSOLUTE
    ../mathlib/fpclassify.c                  0x00000000   Number         0  fpclassify.o ABSOLUTE
    ../mathlib/poly.c                        0x00000000   Number         0  poly.o ABSOLUTE
    ../mathlib/pow.c                         0x00000000   Number         0  pow.o ABSOLUTE
    ../mathlib/qnan.c                        0x00000000   Number         0  qnan.o ABSOLUTE
    ../mathlib/sqrt.c                        0x00000000   Number         0  sqrt.o ABSOLUTE
    LCD.c                                    0x00000000   Number         0  lcd.o ABSOLUTE
    MY_Keypad4x4.c                           0x00000000   Number         0  my_keypad4x4.o ABSOLUTE
    RTE/Device/STM32F401RETx/startup_stm32f401xe.s 0x00000000   Number         0  startup_stm32f401xe.o ABSOLUTE
    dc.s                                     0x00000000   Number         0  dc.o ABSOLUTE
    main.c                                   0x00000000   Number         0  main.o ABSOLUTE
    stm32f4xx_hal.c                          0x00000000   Number         0  stm32f4xx_hal.o ABSOLUTE
    stm32f4xx_hal_cortex.c                   0x00000000   Number         0  stm32f4xx_hal_cortex.o ABSOLUTE
    stm32f4xx_hal_gpio.c                     0x00000000   Number         0  stm32f4xx_hal_gpio.o ABSOLUTE
    stm32f4xx_hal_pwr.c                      0x00000000   Number         0  stm32f4xx_hal_pwr.o ABSOLUTE
    stm32f4xx_hal_pwr_ex.c                   0x00000000   Number         0  stm32f4xx_hal_pwr_ex.o ABSOLUTE
    stm32f4xx_hal_rcc.c                      0x00000000   Number         0  stm32f4xx_hal_rcc.o ABSOLUTE
    stm32f4xx_hal_rcc_ex.c                   0x00000000   Number         0  stm32f4xx_hal_rcc_ex.o ABSOLUTE
    system_stm32f4xx.c                       0x00000000   Number         0  system_stm32f4xx.o ABSOLUTE
    RESET                                    0x08000000   Section      404  startup_stm32f401xe.o(RESET)
    !!!main                                  0x08000194   Section        8  __main.o(!!!main)
    !!!scatter                               0x0800019c   Section       52  __scatter.o(!!!scatter)
    !!handler_copy                           0x080001d0   Section       26  __scatter_copy.o(!!handler_copy)
    !!handler_zi                             0x080001ec   Section       28  __scatter_zi.o(!!handler_zi)
    .ARM.Collect$$libinit$$00000000          0x08000208   Section        2  libinit.o(.ARM.Collect$$libinit$$00000000)
    .ARM.Collect$$libinit$$00000001          0x0800020a   Section        4  libinit2.o(.ARM.Collect$$libinit$$00000001)
    .ARM.Collect$$libinit$$00000004          0x0800020e   Section        0  libinit2.o(.ARM.Collect$$libinit$$00000004)
    .ARM.Collect$$libinit$$00000006          0x0800020e   Section        0  libinit2.o(.ARM.Collect$$libinit$$00000006)
    .ARM.Collect$$libinit$$0000000C          0x0800020e   Section        0  libinit2.o(.ARM.Collect$$libinit$$0000000C)
    .ARM.Collect$$libinit$$0000000E          0x0800020e   Section        0  libinit2.o(.ARM.Collect$$libinit$$0000000E)
    .ARM.Collect$$libinit$$00000010          0x0800020e   Section        0  libinit2.o(.ARM.Collect$$libinit$$00000010)
    .ARM.Collect$$libinit$$00000013          0x0800020e   Section        0  libinit2.o(.ARM.Collect$$libinit$$00000013)
    .ARM.Collect$$libinit$$00000015          0x0800020e   Section        0  libinit2.o(.ARM.Collect$$libinit$$00000015)
    .ARM.Collect$$libinit$$00000017          0x0800020e   Section        0  libinit2.o(.ARM.Collect$$libinit$$00000017)
    .ARM.Collect$$libinit$$00000019          0x0800020e   Section        0  libinit2.o(.ARM.Collect$$libinit$$00000019)
    .ARM.Collect$$libinit$$0000001B          0x0800020e   Section        0  libinit2.o(.ARM.Collect$$libinit$$0000001B)
    .ARM.Collect$$libinit$$0000001D          0x0800020e   Section        0  libinit2.o(.ARM.Collect$$libinit$$0000001D)
    .ARM.Collect$$libinit$$0000001F          0x0800020e   Section        0  libinit2.o(.ARM.Collect$$libinit$$0000001F)
    .ARM.Collect$$libinit$$00000021          0x0800020e   Section        0  libinit2.o(.ARM.Collect$$libinit$$00000021)
    .ARM.Collect$$libinit$$00000023          0x0800020e   Section        0  libinit2.o(.ARM.Collect$$libinit$$00000023)
    .ARM.Collect$$libinit$$00000025          0x0800020e   Section        0  libinit2.o(.ARM.Collect$$libinit$$00000025)
    .ARM.Collect$$libinit$$00000027          0x0800020e   Section        0  libinit2.o(.ARM.Collect$$libinit$$00000027)
    .ARM.Collect$$libinit$$0000002E          0x0800020e   Section        0  libinit2.o(.ARM.Collect$$libinit$$0000002E)
    .ARM.Collect$$libinit$$00000030          0x0800020e   Section        0  libinit2.o(.ARM.Collect$$libinit$$00000030)
    .ARM.Collect$$libinit$$00000032          0x0800020e   Section        0  libinit2.o(.ARM.Collect$$libinit$$00000032)
    .ARM.Collect$$libinit$$00000034          0x0800020e   Section        0  libinit2.o(.ARM.Collect$$libinit$$00000034)
    .ARM.Collect$$libinit$$00000035          0x0800020e   Section        2  libinit2.o(.ARM.Collect$$libinit$$00000035)
    .ARM.Collect$$libshutdown$$00000000      0x08000210   Section        2  libshutdown.o(.ARM.Collect$$libshutdown$$00000000)
    .ARM.Collect$$libshutdown$$00000002      0x08000212   Section        0  libshutdown2.o(.ARM.Collect$$libshutdown$$00000002)
    .ARM.Collect$$libshutdown$$00000004      0x08000212   Section        0  libshutdown2.o(.ARM.Collect$$libshutdown$$00000004)
    .ARM.Collect$$libshutdown$$00000007      0x08000212   Section        0  libshutdown2.o(.ARM.Collect$$libshutdown$$00000007)
    .ARM.Collect$$libshutdown$$0000000A      0x08000212   Section        0  libshutdown2.o(.ARM.Collect$$libshutdown$$0000000A)
    .ARM.Collect$$libshutdown$$0000000C      0x08000212   Section        0  libshutdown2.o(.ARM.Collect$$libshutdown$$0000000C)
    .ARM.Collect$$libshutdown$$0000000F      0x08000212   Section        0  libshutdown2.o(.ARM.Collect$$libshutdown$$0000000F)
    .ARM.Collect$$libshutdown$$00000010      0x08000212   Section        2  libshutdown2.o(.ARM.Collect$$libshutdown$$00000010)
    .ARM.Collect$$rtentry$$00000000          0x08000214   Section        0  __rtentry.o(.ARM.Collect$$rtentry$$00000000)
    .ARM.Collect$$rtentry$$00000002          0x08000214   Section        0  __rtentry2.o(.ARM.Collect$$rtentry$$00000002)
    .ARM.Collect$$rtentry$$00000004          0x08000214   Section        6  __rtentry4.o(.ARM.Collect$$rtentry$$00000004)
    .ARM.Collect$$rtentry$$00000009          0x0800021a   Section        0  __rtentry2.o(.ARM.Collect$$rtentry$$00000009)
    .ARM.Collect$$rtentry$$0000000A          0x0800021a   Section        4  __rtentry2.o(.ARM.Collect$$rtentry$$0000000A)
    .ARM.Collect$$rtentry$$0000000C          0x0800021e   Section        0  __rtentry2.o(.ARM.Collect$$rtentry$$0000000C)
    .ARM.Collect$$rtentry$$0000000D          0x0800021e   Section        8  __rtentry2.o(.ARM.Collect$$rtentry$$0000000D)
    .ARM.Collect$$rtexit$$00000000           0x08000226   Section        2  rtexit.o(.ARM.Collect$$rtexit$$00000000)
    .ARM.Collect$$rtexit$$00000002           0x08000228   Section        0  rtexit2.o(.ARM.Collect$$rtexit$$00000002)
    .ARM.Collect$$rtexit$$00000003           0x08000228   Section        4  rtexit2.o(.ARM.Collect$$rtexit$$00000003)
    .ARM.Collect$$rtexit$$00000004           0x0800022c   Section        6  rtexit2.o(.ARM.Collect$$rtexit$$00000004)
    $v0                                      0x08000234   Number         0  startup_stm32f401xe.o(.text)
    .text                                    0x08000234   Section       64  startup_stm32f401xe.o(.text)
    .text                                    0x08000274   Section        0  strlen.o(.text)
    .text                                    0x080002b2   Section       68  rt_memclr.o(.text)
    .text                                    0x080002f6   Section        0  heapauxi.o(.text)
    .text                                    0x080002fc   Section        0  _rserrno.o(.text)
    .text                                    0x08000312   Section       78  rt_memclr_w.o(.text)
    .text                                    0x08000360   Section        8  rt_errno_addr_intlibspace.o(.text)
    .text                                    0x08000368   Section        8  libspace.o(.text)
    .text                                    0x08000370   Section       74  sys_stackheap_outer.o(.text)
    .text                                    0x080003ba   Section        0  exit.o(.text)
    .text                                    0x080003cc   Section        0  sys_exit.o(.text)
    .text                                    0x080003d8   Section        2  use_no_semi.o(.text)
    .text                                    0x080003da   Section        0  indicate_semi.o(.text)
    [Anonymous Symbol]                       0x080003dc   Section        0  stm32f4xx_hal.o(.text.HAL_Delay)
    [Anonymous Symbol]                       0x08000420   Section        0  stm32f4xx_hal_gpio.o(.text.HAL_GPIO_Init)
    [Anonymous Symbol]                       0x08000784   Section        0  stm32f4xx_hal_gpio.o(.text.HAL_GPIO_TogglePin)
    [Anonymous Symbol]                       0x080007ac   Section        0  stm32f4xx_hal_gpio.o(.text.HAL_GPIO_WritePin)
    [Anonymous Symbol]                       0x080007dc   Section        0  stm32f4xx_hal.o(.text.HAL_GetTick)
    [Anonymous Symbol]                       0x080007e8   Section        0  stm32f4xx_hal.o(.text.HAL_IncTick)
    [Anonymous Symbol]                       0x08000804   Section        0  stm32f4xx_hal.o(.text.HAL_Init)
    [Anonymous Symbol]                       0x08000834   Section        0  stm32f4xx_hal.o(.text.HAL_InitTick)
    [Anonymous Symbol]                       0x080008a4   Section        0  stm32f4xx_hal.o(.text.HAL_MspInit)
    [Anonymous Symbol]                       0x080008a8   Section        0  stm32f4xx_hal_cortex.o(.text.HAL_NVIC_SetPriority)
    [Anonymous Symbol]                       0x080008dc   Section        0  stm32f4xx_hal_cortex.o(.text.HAL_NVIC_SetPriorityGrouping)
    [Anonymous Symbol]                       0x080008ec   Section        0  stm32f4xx_hal_cortex.o(.text.HAL_SYSTICK_Config)
    [Anonymous Symbol]                       0x080008fc   Section        0  lcd.o(.text.LCD_Clear)
    LCD_Cmd                                  0x0800090d   Thumb Code    50  lcd.o(.text.LCD_Cmd)
    [Anonymous Symbol]                       0x0800090c   Section        0  lcd.o(.text.LCD_Cmd)
    LCD_Cmd4bit                              0x08000941   Thumb Code   136  lcd.o(.text.LCD_Cmd4bit)
    [Anonymous Symbol]                       0x08000940   Section        0  lcd.o(.text.LCD_Cmd4bit)
    LCD_CursorSet                            0x080009c9   Thumb Code    88  lcd.o(.text.LCD_CursorSet)
    [Anonymous Symbol]                       0x080009c8   Section        0  lcd.o(.text.LCD_CursorSet)
    LCD_Data                                 0x08000a21   Thumb Code    50  lcd.o(.text.LCD_Data)
    [Anonymous Symbol]                       0x08000a20   Section        0  lcd.o(.text.LCD_Data)
    [Anonymous Symbol]                       0x08000a54   Section        0  lcd.o(.text.LCD_Delay_ms)
    [Anonymous Symbol]                       0x08000a68   Section        0  lcd.o(.text.LCD_Delay_us)
    [Anonymous Symbol]                       0x08000ae4   Section        0  lcd.o(.text.LCD_DisplayOn)
    [Anonymous Symbol]                       0x08000b04   Section        0  lcd.o(.text.LCD_Init)
    [Anonymous Symbol]                       0x08000c1c   Section        0  lcd.o(.text.LCD_Puts)
    NVIC_EncodePriority                      0x08000cd5   Thumb Code   108  stm32f4xx_hal_cortex.o(.text.NVIC_EncodePriority)
    [Anonymous Symbol]                       0x08000cd4   Section        0  stm32f4xx_hal_cortex.o(.text.NVIC_EncodePriority)
    SysTick_Config                           0x08000d41   Thumb Code    82  stm32f4xx_hal_cortex.o(.text.SysTick_Config)
    [Anonymous Symbol]                       0x08000d40   Section        0  stm32f4xx_hal_cortex.o(.text.SysTick_Config)
    [Anonymous Symbol]                       0x08000d94   Section        0  main.o(.text.SysTick_Handler)
    [Anonymous Symbol]                       0x08000d9c   Section        0  system_stm32f4xx.o(.text.SystemCoreClockUpdate)
    [Anonymous Symbol]                       0x08000ecc   Section        0  system_stm32f4xx.o(.text.SystemInit)
    [Anonymous Symbol]                       0x08000ee0   Section        0  main.o(.text.TIM5_Delay_us)
    [Anonymous Symbol]                       0x08000f74   Section        0  main.o(.text.TIM5_IRQHandler)
    [Anonymous Symbol]                       0x08000fa8   Section        0  main.o(.text.UARTReceive)
    __NVIC_GetPriorityGrouping               0x0800101d   Thumb Code    16  stm32f4xx_hal_cortex.o(.text.__NVIC_GetPriorityGrouping)
    [Anonymous Symbol]                       0x0800101c   Section        0  stm32f4xx_hal_cortex.o(.text.__NVIC_GetPriorityGrouping)
    __NVIC_SetPriority                       0x0800102d   Thumb Code    66  stm32f4xx_hal_cortex.o(.text.__NVIC_SetPriority)
    [Anonymous Symbol]                       0x0800102c   Section        0  stm32f4xx_hal_cortex.o(.text.__NVIC_SetPriority)
    __NVIC_SetPriorityGrouping               0x08001071   Thumb Code    60  stm32f4xx_hal_cortex.o(.text.__NVIC_SetPriorityGrouping)
    [Anonymous Symbol]                       0x08001070   Section        0  stm32f4xx_hal_cortex.o(.text.__NVIC_SetPriorityGrouping)
    [Anonymous Symbol]                       0x080010b0   Section        0  main.o(.text.binOnOutput16Bit)
    [Anonymous Symbol]                       0x08001a70   Section        0  main.o(.text.main)
    i.__ARM_fpclassify                       0x08002112   Section        0  fpclassify.o(i.__ARM_fpclassify)
    i.__hardfp_pow                           0x08002148   Section        0  pow.o(i.__hardfp_pow)
    i.__kernel_poly                          0x08002da8   Section        0  poly.o(i.__kernel_poly)
    i.__mathlib_dbl_divzero                  0x08002ea0   Section        0  dunder.o(i.__mathlib_dbl_divzero)
    i.__mathlib_dbl_infnan2                  0x08002ed0   Section        0  dunder.o(i.__mathlib_dbl_infnan2)
    i.__mathlib_dbl_invalid                  0x08002ee8   Section        0  dunder.o(i.__mathlib_dbl_invalid)
    i.__mathlib_dbl_overflow                 0x08002f08   Section        0  dunder.o(i.__mathlib_dbl_overflow)
    i.__mathlib_dbl_underflow                0x08002f28   Section        0  dunder.o(i.__mathlib_dbl_underflow)
    i.fabs                                   0x08002f48   Section        0  fabs.o(i.fabs)
    i.sqrt                                   0x08002f60   Section        0  sqrt.o(i.sqrt)
    $v0                                      0x08002fce   Number         0  basic.o(x$fpl$basic)
    x$fpl$basic                              0x08002fce   Section       24  basic.o(x$fpl$basic)
    $v0                                      0x08002fe8   Number         0  daddsub_clz.o(x$fpl$dadd)
    x$fpl$dadd                               0x08002fe8   Section      336  daddsub_clz.o(x$fpl$dadd)
    _dadd1                                   0x08002ff9   Thumb Code     0  daddsub_clz.o(x$fpl$dadd)
    $v0                                      0x08003138   Number         0  dcheck1.o(x$fpl$dcheck1)
    x$fpl$dcheck1                            0x08003138   Section       16  dcheck1.o(x$fpl$dcheck1)
    $v0                                      0x08003148   Number         0  dcmpi.o(x$fpl$dcmpinf)
    x$fpl$dcmpinf                            0x08003148   Section       24  dcmpi.o(x$fpl$dcmpinf)
    $v0                                      0x08003160   Number         0  ddiv.o(x$fpl$ddiv)
    x$fpl$ddiv                               0x08003160   Section      692  ddiv.o(x$fpl$ddiv)
    ddiv_entry                               0x08003167   Thumb Code     0  ddiv.o(x$fpl$ddiv)
    $v0                                      0x08003414   Number         0  deqf.o(x$fpl$deqf)
    x$fpl$deqf                               0x08003414   Section      120  deqf.o(x$fpl$deqf)
    $v0                                      0x0800348c   Number         0  dfix.o(x$fpl$dfix)
    x$fpl$dfix                               0x0800348c   Section       94  dfix.o(x$fpl$dfix)
    $v0                                      0x080034ea   Number         0  dflt_clz.o(x$fpl$dflt)
    x$fpl$dflt                               0x080034ea   Section       46  dflt_clz.o(x$fpl$dflt)
    $v0                                      0x08003518   Number         0  dgeqf.o(x$fpl$dgeqf)
    x$fpl$dgeqf                              0x08003518   Section      120  dgeqf.o(x$fpl$dgeqf)
    $v0                                      0x08003590   Number         0  dleqf.o(x$fpl$dleqf)
    x$fpl$dleqf                              0x08003590   Section      120  dleqf.o(x$fpl$dleqf)
    $v0                                      0x08003608   Number         0  dmul.o(x$fpl$dmul)
    x$fpl$dmul                               0x08003608   Section      340  dmul.o(x$fpl$dmul)
    $v0                                      0x0800375c   Number         0  dnaninf.o(x$fpl$dnaninf)
    x$fpl$dnaninf                            0x0800375c   Section      156  dnaninf.o(x$fpl$dnaninf)
    $v0                                      0x080037f8   Number         0  dretinf.o(x$fpl$dretinf)
    x$fpl$dretinf                            0x080037f8   Section       12  dretinf.o(x$fpl$dretinf)
    $v0                                      0x08003804   Number         0  drleqf.o(x$fpl$drleqf)
    x$fpl$drleqf                             0x08003804   Section      108  drleqf.o(x$fpl$drleqf)
    $v0                                      0x08003870   Number         0  daddsub_clz.o(x$fpl$drsb)
    x$fpl$drsb                               0x08003870   Section       22  daddsub_clz.o(x$fpl$drsb)
    $v0                                      0x08003888   Number         0  dsqrt_umaal.o(x$fpl$dsqrt)
    x$fpl$dsqrt                              0x08003888   Section      408  dsqrt_umaal.o(x$fpl$dsqrt)
    $v0                                      0x08003a20   Number         0  daddsub_clz.o(x$fpl$dsub)
    x$fpl$dsub                               0x08003a20   Section      476  daddsub_clz.o(x$fpl$dsub)
    _dsub1                                   0x08003a31   Thumb Code     0  daddsub_clz.o(x$fpl$dsub)
    $v0                                      0x08003bfc   Number         0  dcmp.o(x$fpl$fcmp)
    x$fpl$fcmp                               0x08003bfc   Section       84  dcmp.o(x$fpl$fcmp)
    $v0                                      0x08003c50   Number         0  fpinit.o(x$fpl$fpinit)
    x$fpl$fpinit                             0x08003c50   Section       26  fpinit.o(x$fpl$fpinit)
    $v0                                      0x08003c6a   Number         0  retnan.o(x$fpl$retnan)
    x$fpl$retnan                             0x08003c6a   Section      100  retnan.o(x$fpl$retnan)
    $v0                                      0x08003cce   Number         0  scalbn.o(x$fpl$scalbn)
    x$fpl$scalbn                             0x08003cce   Section       92  scalbn.o(x$fpl$scalbn)
    $v0                                      0x08003d2a   Number         0  trapv.o(x$fpl$trapveneer)
    x$fpl$trapveneer                         0x08003d2a   Section       48  trapv.o(x$fpl$trapveneer)
    x$fpl$usenofp                            0x08003d5a   Section        0  usenofp.o(x$fpl$usenofp)
    bp                                       0x08003d60   Data          16  pow.o(.constdata)
    .constdata                               0x08003d60   Section      136  pow.o(.constdata)
    dp_h                                     0x08003d70   Data          16  pow.o(.constdata)
    dp_l                                     0x08003d80   Data          16  pow.o(.constdata)
    L                                        0x08003d90   Data          48  pow.o(.constdata)
    P                                        0x08003dc0   Data          40  pow.o(.constdata)
    .constdata                               0x08003de8   Section        8  qnan.o(.constdata)
    main.sin90                               0x20000008   Data         132  main.o(.data.main.sin90)
    [Anonymous Symbol]                       0x20000008   Section        0  main.o(.data.main.sin90)
    .bss                                     0x200000a0   Section       96  libspace.o(.bss)
    LCD_Opts                                 0x20000100   Data           5  lcd.o(.bss.LCD_Opts)
    [Anonymous Symbol]                       0x20000100   Section        0  lcd.o(.bss.LCD_Opts)
    Heap_Mem                                 0x20000110   Data         512  startup_stm32f401xe.o(HEAP)
    HEAP                                     0x20000110   Section      512  startup_stm32f401xe.o(HEAP)
    Stack_Mem                                0x20000310   Data        1024  startup_stm32f401xe.o(STACK)
    STACK                                    0x20000310   Section     1024  startup_stm32f401xe.o(STACK)
    __initial_sp                             0x20000710   Data           0  startup_stm32f401xe.o(STACK)

    Global Symbols

    Symbol Name                              Value     Ov Type        Size  Object(Section)

    BuildAttributes$$THM_ISAv4$E$P$D$K$B$S$7EM$VFPi3$EXTD16$VFPS$VFMA$PE$A:L22UL41UL21$X:L11$S22US41US21$IEEE1$IW$~IW$USESV6$~STKCKD$USESV7$~SHL$OTIME$ROPI$IEEEX$EBA8$UX$STANDARDLIB$REQ8$PRES8$EABIv2 0x00000000   Number         0  anon$$obj.o ABSOLUTE
    __ARM_exceptions_init                     - Undefined Weak Reference
    __alloca_initialize                       - Undefined Weak Reference
    __arm_preinit_                            - Undefined Weak Reference
    __arm_relocate_pie_                       - Undefined Weak Reference
    __cpp_initialize__aeabi_                  - Undefined Weak Reference
    __cxa_finalize                            - Undefined Weak Reference
    __rt_locale                               - Undefined Weak Reference
    __sigvec_lookup                           - Undefined Weak Reference
    _atexit_init                              - Undefined Weak Reference
    _call_atexit_fns                          - Undefined Weak Reference
    _clock_init                               - Undefined Weak Reference
    _fp_trap_init                             - Undefined Weak Reference
    _fp_trap_shutdown                         - Undefined Weak Reference
    _get_lc_collate                           - Undefined Weak Reference
    _get_lc_ctype                             - Undefined Weak Reference
    _get_lc_monetary                          - Undefined Weak Reference
    _get_lc_numeric                           - Undefined Weak Reference
    _get_lc_time                              - Undefined Weak Reference
    _getenv_init                              - Undefined Weak Reference
    _handle_redirection                       - Undefined Weak Reference
    _init_alloc                               - Undefined Weak Reference
    _init_user_alloc                          - Undefined Weak Reference
    _initio                                   - Undefined Weak Reference
    _rand_init                                - Undefined Weak Reference
    _signal_finish                            - Undefined Weak Reference
    _signal_init                              - Undefined Weak Reference
    _terminate_alloc                          - Undefined Weak Reference
    _terminate_user_alloc                     - Undefined Weak Reference
    _terminateio                              - Undefined Weak Reference
    __Vectors_Size                           0x00000194   Number         0  startup_stm32f401xe.o ABSOLUTE
    __Vectors                                0x08000000   Data           4  startup_stm32f401xe.o(RESET)
    __Vectors_End                            0x08000194   Data           0  startup_stm32f401xe.o(RESET)
    __main                                   0x08000195   Thumb Code     8  __main.o(!!!main)
    __scatterload                            0x0800019d   Thumb Code     0  __scatter.o(!!!scatter)
    __scatterload_rt2                        0x0800019d   Thumb Code    44  __scatter.o(!!!scatter)
    __scatterload_rt2_thumb_only             0x0800019d   Thumb Code     0  __scatter.o(!!!scatter)
    __scatterload_null                       0x080001ab   Thumb Code     0  __scatter.o(!!!scatter)
    __scatterload_copy                       0x080001d1   Thumb Code    26  __scatter_copy.o(!!handler_copy)
    __scatterload_zeroinit                   0x080001ed   Thumb Code    28  __scatter_zi.o(!!handler_zi)
    __rt_lib_init                            0x08000209   Thumb Code     0  libinit.o(.ARM.Collect$$libinit$$00000000)
    __rt_lib_init_fp_1                       0x0800020b   Thumb Code     0  libinit2.o(.ARM.Collect$$libinit$$00000001)
    __rt_lib_init_alloca_1                   0x0800020f   Thumb Code     0  libinit2.o(.ARM.Collect$$libinit$$00000030)
    __rt_lib_init_argv_1                     0x0800020f   Thumb Code     0  libinit2.o(.ARM.Collect$$libinit$$0000002E)
    __rt_lib_init_atexit_1                   0x0800020f   Thumb Code     0  libinit2.o(.ARM.Collect$$libinit$$0000001D)
    __rt_lib_init_clock_1                    0x0800020f   Thumb Code     0  libinit2.o(.ARM.Collect$$libinit$$00000023)
    __rt_lib_init_cpp_1                      0x0800020f   Thumb Code     0  libinit2.o(.ARM.Collect$$libinit$$00000034)
    __rt_lib_init_exceptions_1               0x0800020f   Thumb Code     0  libinit2.o(.ARM.Collect$$libinit$$00000032)
    __rt_lib_init_fp_trap_1                  0x0800020f   Thumb Code     0  libinit2.o(.ARM.Collect$$libinit$$00000021)
    __rt_lib_init_getenv_1                   0x0800020f   Thumb Code     0  libinit2.o(.ARM.Collect$$libinit$$00000025)
    __rt_lib_init_heap_1                     0x0800020f   Thumb Code     0  libinit2.o(.ARM.Collect$$libinit$$0000000C)
    __rt_lib_init_lc_collate_1               0x0800020f   Thumb Code     0  libinit2.o(.ARM.Collect$$libinit$$00000013)
    __rt_lib_init_lc_ctype_1                 0x0800020f   Thumb Code     0  libinit2.o(.ARM.Collect$$libinit$$00000015)
    __rt_lib_init_lc_monetary_1              0x0800020f   Thumb Code     0  libinit2.o(.ARM.Collect$$libinit$$00000017)
    __rt_lib_init_lc_numeric_1               0x0800020f   Thumb Code     0  libinit2.o(.ARM.Collect$$libinit$$00000019)
    __rt_lib_init_lc_time_1                  0x0800020f   Thumb Code     0  libinit2.o(.ARM.Collect$$libinit$$0000001B)
    __rt_lib_init_preinit_1                  0x0800020f   Thumb Code     0  libinit2.o(.ARM.Collect$$libinit$$00000006)
    __rt_lib_init_rand_1                     0x0800020f   Thumb Code     0  libinit2.o(.ARM.Collect$$libinit$$00000010)
    __rt_lib_init_relocate_pie_1             0x0800020f   Thumb Code     0  libinit2.o(.ARM.Collect$$libinit$$00000004)
    __rt_lib_init_return                     0x0800020f   Thumb Code     0  libinit2.o(.ARM.Collect$$libinit$$00000035)
    __rt_lib_init_signal_1                   0x0800020f   Thumb Code     0  libinit2.o(.ARM.Collect$$libinit$$0000001F)
    __rt_lib_init_stdio_1                    0x0800020f   Thumb Code     0  libinit2.o(.ARM.Collect$$libinit$$00000027)
    __rt_lib_init_user_alloc_1               0x0800020f   Thumb Code     0  libinit2.o(.ARM.Collect$$libinit$$0000000E)
    __rt_lib_shutdown                        0x08000211   Thumb Code     0  libshutdown.o(.ARM.Collect$$libshutdown$$00000000)
    __rt_lib_shutdown_cpp_1                  0x08000213   Thumb Code     0  libshutdown2.o(.ARM.Collect$$libshutdown$$00000002)
    __rt_lib_shutdown_fp_trap_1              0x08000213   Thumb Code     0  libshutdown2.o(.ARM.Collect$$libshutdown$$00000007)
    __rt_lib_shutdown_heap_1                 0x08000213   Thumb Code     0  libshutdown2.o(.ARM.Collect$$libshutdown$$0000000F)
    __rt_lib_shutdown_return                 0x08000213   Thumb Code     0  libshutdown2.o(.ARM.Collect$$libshutdown$$00000010)
    __rt_lib_shutdown_signal_1               0x08000213   Thumb Code     0  libshutdown2.o(.ARM.Collect$$libshutdown$$0000000A)
    __rt_lib_shutdown_stdio_1                0x08000213   Thumb Code     0  libshutdown2.o(.ARM.Collect$$libshutdown$$00000004)
    __rt_lib_shutdown_user_alloc_1           0x08000213   Thumb Code     0  libshutdown2.o(.ARM.Collect$$libshutdown$$0000000C)
    __rt_entry                               0x08000215   Thumb Code     0  __rtentry.o(.ARM.Collect$$rtentry$$00000000)
    __rt_entry_presh_1                       0x08000215   Thumb Code     0  __rtentry2.o(.ARM.Collect$$rtentry$$00000002)
    __rt_entry_sh                            0x08000215   Thumb Code     0  __rtentry4.o(.ARM.Collect$$rtentry$$00000004)
    __rt_entry_li                            0x0800021b   Thumb Code     0  __rtentry2.o(.ARM.Collect$$rtentry$$0000000A)
    __rt_entry_postsh_1                      0x0800021b   Thumb Code     0  __rtentry2.o(.ARM.Collect$$rtentry$$00000009)
    __rt_entry_main                          0x0800021f   Thumb Code     0  __rtentry2.o(.ARM.Collect$$rtentry$$0000000D)
    __rt_entry_postli_1                      0x0800021f   Thumb Code     0  __rtentry2.o(.ARM.Collect$$rtentry$$0000000C)
    __rt_exit                                0x08000227   Thumb Code     0  rtexit.o(.ARM.Collect$$rtexit$$00000000)
    __rt_exit_ls                             0x08000229   Thumb Code     0  rtexit2.o(.ARM.Collect$$rtexit$$00000003)
    __rt_exit_prels_1                        0x08000229   Thumb Code     0  rtexit2.o(.ARM.Collect$$rtexit$$00000002)
    __rt_exit_exit                           0x0800022d   Thumb Code     0  rtexit2.o(.ARM.Collect$$rtexit$$00000004)
    Reset_Handler                            0x08000235   Thumb Code     8  startup_stm32f401xe.o(.text)
    NMI_Handler                              0x0800023d   Thumb Code     2  startup_stm32f401xe.o(.text)
    HardFault_Handler                        0x0800023f   Thumb Code     2  startup_stm32f401xe.o(.text)
    MemManage_Handler                        0x08000241   Thumb Code     2  startup_stm32f401xe.o(.text)
    BusFault_Handler                         0x08000243   Thumb Code     2  startup_stm32f401xe.o(.text)
    UsageFault_Handler                       0x08000245   Thumb Code     2  startup_stm32f401xe.o(.text)
    SVC_Handler                              0x08000247   Thumb Code     2  startup_stm32f401xe.o(.text)
    DebugMon_Handler                         0x08000249   Thumb Code     2  startup_stm32f401xe.o(.text)
    PendSV_Handler                           0x0800024b   Thumb Code     2  startup_stm32f401xe.o(.text)
    ADC_IRQHandler                           0x0800024f   Thumb Code     0  startup_stm32f401xe.o(.text)
    DMA1_Stream0_IRQHandler                  0x0800024f   Thumb Code     0  startup_stm32f401xe.o(.text)
    DMA1_Stream1_IRQHandler                  0x0800024f   Thumb Code     0  startup_stm32f401xe.o(.text)
    DMA1_Stream2_IRQHandler                  0x0800024f   Thumb Code     0  startup_stm32f401xe.o(.text)
    DMA1_Stream3_IRQHandler                  0x0800024f   Thumb Code     0  startup_stm32f401xe.o(.text)
    DMA1_Stream4_IRQHandler                  0x0800024f   Thumb Code     0  startup_stm32f401xe.o(.text)
    DMA1_Stream5_IRQHandler                  0x0800024f   Thumb Code     0  startup_stm32f401xe.o(.text)
    DMA1_Stream6_IRQHandler                  0x0800024f   Thumb Code     0  startup_stm32f401xe.o(.text)
    DMA1_Stream7_IRQHandler                  0x0800024f   Thumb Code     0  startup_stm32f401xe.o(.text)
    DMA2_Stream0_IRQHandler                  0x0800024f   Thumb Code     0  startup_stm32f401xe.o(.text)
    DMA2_Stream1_IRQHandler                  0x0800024f   Thumb Code     0  startup_stm32f401xe.o(.text)
    DMA2_Stream2_IRQHandler                  0x0800024f   Thumb Code     0  startup_stm32f401xe.o(.text)
    DMA2_Stream3_IRQHandler                  0x0800024f   Thumb Code     0  startup_stm32f401xe.o(.text)
    DMA2_Stream4_IRQHandler                  0x0800024f   Thumb Code     0  startup_stm32f401xe.o(.text)
    DMA2_Stream5_IRQHandler                  0x0800024f   Thumb Code     0  startup_stm32f401xe.o(.text)
    DMA2_Stream6_IRQHandler                  0x0800024f   Thumb Code     0  startup_stm32f401xe.o(.text)
    DMA2_Stream7_IRQHandler                  0x0800024f   Thumb Code     0  startup_stm32f401xe.o(.text)
    EXTI0_IRQHandler                         0x0800024f   Thumb Code     0  startup_stm32f401xe.o(.text)
    EXTI15_10_IRQHandler                     0x0800024f   Thumb Code     0  startup_stm32f401xe.o(.text)
    EXTI1_IRQHandler                         0x0800024f   Thumb Code     0  startup_stm32f401xe.o(.text)
    EXTI2_IRQHandler                         0x0800024f   Thumb Code     0  startup_stm32f401xe.o(.text)
    EXTI3_IRQHandler                         0x0800024f   Thumb Code     0  startup_stm32f401xe.o(.text)
    EXTI4_IRQHandler                         0x0800024f   Thumb Code     0  startup_stm32f401xe.o(.text)
    EXTI9_5_IRQHandler                       0x0800024f   Thumb Code     0  startup_stm32f401xe.o(.text)
    FLASH_IRQHandler                         0x0800024f   Thumb Code     0  startup_stm32f401xe.o(.text)
    FPU_IRQHandler                           0x0800024f   Thumb Code     0  startup_stm32f401xe.o(.text)
    I2C1_ER_IRQHandler                       0x0800024f   Thumb Code     0  startup_stm32f401xe.o(.text)
    I2C1_EV_IRQHandler                       0x0800024f   Thumb Code     0  startup_stm32f401xe.o(.text)
    I2C2_ER_IRQHandler                       0x0800024f   Thumb Code     0  startup_stm32f401xe.o(.text)
    I2C2_EV_IRQHandler                       0x0800024f   Thumb Code     0  startup_stm32f401xe.o(.text)
    I2C3_ER_IRQHandler                       0x0800024f   Thumb Code     0  startup_stm32f401xe.o(.text)
    I2C3_EV_IRQHandler                       0x0800024f   Thumb Code     0  startup_stm32f401xe.o(.text)
    OTG_FS_IRQHandler                        0x0800024f   Thumb Code     0  startup_stm32f401xe.o(.text)
    OTG_FS_WKUP_IRQHandler                   0x0800024f   Thumb Code     0  startup_stm32f401xe.o(.text)
    PVD_IRQHandler                           0x0800024f   Thumb Code     0  startup_stm32f401xe.o(.text)
    RCC_IRQHandler                           0x0800024f   Thumb Code     0  startup_stm32f401xe.o(.text)
    RTC_Alarm_IRQHandler                     0x0800024f   Thumb Code     0  startup_stm32f401xe.o(.text)
    RTC_WKUP_IRQHandler                      0x0800024f   Thumb Code     0  startup_stm32f401xe.o(.text)
    SDIO_IRQHandler                          0x0800024f   Thumb Code     0  startup_stm32f401xe.o(.text)
    SPI1_IRQHandler                          0x0800024f   Thumb Code     0  startup_stm32f401xe.o(.text)
    SPI2_IRQHandler                          0x0800024f   Thumb Code     0  startup_stm32f401xe.o(.text)
    SPI3_IRQHandler                          0x0800024f   Thumb Code     0  startup_stm32f401xe.o(.text)
    SPI4_IRQHandler                          0x0800024f   Thumb Code     0  startup_stm32f401xe.o(.text)
    TAMP_STAMP_IRQHandler                    0x0800024f   Thumb Code     0  startup_stm32f401xe.o(.text)
    TIM1_BRK_TIM9_IRQHandler                 0x0800024f   Thumb Code     0  startup_stm32f401xe.o(.text)
    TIM1_CC_IRQHandler                       0x0800024f   Thumb Code     0  startup_stm32f401xe.o(.text)
    TIM1_TRG_COM_TIM11_IRQHandler            0x0800024f   Thumb Code     0  startup_stm32f401xe.o(.text)
    TIM1_UP_TIM10_IRQHandler                 0x0800024f   Thumb Code     0  startup_stm32f401xe.o(.text)
    TIM2_IRQHandler                          0x0800024f   Thumb Code     0  startup_stm32f401xe.o(.text)
    TIM3_IRQHandler                          0x0800024f   Thumb Code     0  startup_stm32f401xe.o(.text)
    TIM4_IRQHandler                          0x0800024f   Thumb Code     0  startup_stm32f401xe.o(.text)
    USART1_IRQHandler                        0x0800024f   Thumb Code     0  startup_stm32f401xe.o(.text)
    USART2_IRQHandler                        0x0800024f   Thumb Code     0  startup_stm32f401xe.o(.text)
    USART6_IRQHandler                        0x0800024f   Thumb Code     0  startup_stm32f401xe.o(.text)
    WWDG_IRQHandler                          0x0800024f   Thumb Code     0  startup_stm32f401xe.o(.text)
    __user_initial_stackheap                 0x08000251   Thumb Code     0  startup_stm32f401xe.o(.text)
    strlen                                   0x08000275   Thumb Code    62  strlen.o(.text)
    __aeabi_memclr                           0x080002b3   Thumb Code     0  rt_memclr.o(.text)
    __rt_memclr                              0x080002b3   Thumb Code     0  rt_memclr.o(.text)
    _memset                                  0x080002b7   Thumb Code    64  rt_memclr.o(.text)
    __use_two_region_memory                  0x080002f7   Thumb Code     2  heapauxi.o(.text)
    __rt_heap_escrow$2region                 0x080002f9   Thumb Code     2  heapauxi.o(.text)
    __rt_heap_expand$2region                 0x080002fb   Thumb Code     2  heapauxi.o(.text)
    __read_errno                             0x080002fd   Thumb Code    10  _rserrno.o(.text)
    __set_errno                              0x08000307   Thumb Code    12  _rserrno.o(.text)
    __aeabi_memclr4                          0x08000313   Thumb Code     0  rt_memclr_w.o(.text)
    __aeabi_memclr8                          0x08000313   Thumb Code     0  rt_memclr_w.o(.text)
    __rt_memclr_w                            0x08000313   Thumb Code     0  rt_memclr_w.o(.text)
    _memset_w                                0x08000317   Thumb Code    74  rt_memclr_w.o(.text)
    __aeabi_errno_addr                       0x08000361   Thumb Code     8  rt_errno_addr_intlibspace.o(.text)
    __errno$intlibspace                      0x08000361   Thumb Code     0  rt_errno_addr_intlibspace.o(.text)
    __rt_errno_addr$intlibspace              0x08000361   Thumb Code     0  rt_errno_addr_intlibspace.o(.text)
    __user_libspace                          0x08000369   Thumb Code     8  libspace.o(.text)
    __user_perproc_libspace                  0x08000369   Thumb Code     0  libspace.o(.text)
    __user_perthread_libspace                0x08000369   Thumb Code     0  libspace.o(.text)
    __user_setup_stackheap                   0x08000371   Thumb Code    74  sys_stackheap_outer.o(.text)
    exit                                     0x080003bb   Thumb Code    18  exit.o(.text)
    _sys_exit                                0x080003cd   Thumb Code     8  sys_exit.o(.text)
    __I$use$semihosting                      0x080003d9   Thumb Code     0  use_no_semi.o(.text)
    __use_no_semihosting_swi                 0x080003d9   Thumb Code     2  use_no_semi.o(.text)
    __semihosting_library_function           0x080003db   Thumb Code     0  indicate_semi.o(.text)
    HAL_Delay                                0x080003dd   Thumb Code    66  stm32f4xx_hal.o(.text.HAL_Delay)
    HAL_GPIO_Init                            0x08000421   Thumb Code   866  stm32f4xx_hal_gpio.o(.text.HAL_GPIO_Init)
    HAL_GPIO_TogglePin                       0x08000785   Thumb Code    38  stm32f4xx_hal_gpio.o(.text.HAL_GPIO_TogglePin)
    HAL_GPIO_WritePin                        0x080007ad   Thumb Code    46  stm32f4xx_hal_gpio.o(.text.HAL_GPIO_WritePin)
    HAL_GetTick                              0x080007dd   Thumb Code    12  stm32f4xx_hal.o(.text.HAL_GetTick)
    HAL_IncTick                              0x080007e9   Thumb Code    26  stm32f4xx_hal.o(.text.HAL_IncTick)
    HAL_Init                                 0x08000805   Thumb Code    46  stm32f4xx_hal.o(.text.HAL_Init)
    HAL_InitTick                             0x08000835   Thumb Code   112  stm32f4xx_hal.o(.text.HAL_InitTick)
    HAL_MspInit                              0x080008a5   Thumb Code     2  stm32f4xx_hal.o(.text.HAL_MspInit)
    HAL_NVIC_SetPriority                     0x080008a9   Thumb Code    50  stm32f4xx_hal_cortex.o(.text.HAL_NVIC_SetPriority)
    HAL_NVIC_SetPriorityGrouping             0x080008dd   Thumb Code    16  stm32f4xx_hal_cortex.o(.text.HAL_NVIC_SetPriorityGrouping)
    HAL_SYSTICK_Config                       0x080008ed   Thumb Code    16  stm32f4xx_hal_cortex.o(.text.HAL_SYSTICK_Config)
    LCD_Clear                                0x080008fd   Thumb Code    16  lcd.o(.text.LCD_Clear)
    LCD_Delay_ms                             0x08000a55   Thumb Code    20  lcd.o(.text.LCD_Delay_ms)
    LCD_Delay_us                             0x08000a69   Thumb Code   124  lcd.o(.text.LCD_Delay_us)
    LCD_DisplayOn                            0x08000ae5   Thumb Code    30  lcd.o(.text.LCD_DisplayOn)
    LCD_Init                                 0x08000b05   Thumb Code   280  lcd.o(.text.LCD_Init)
    LCD_Puts                                 0x08000c1d   Thumb Code   182  lcd.o(.text.LCD_Puts)
    SysTick_Handler                          0x08000d95   Thumb Code     8  main.o(.text.SysTick_Handler)
    SystemCoreClockUpdate                    0x08000d9d   Thumb Code   302  system_stm32f4xx.o(.text.SystemCoreClockUpdate)
    SystemInit                               0x08000ecd   Thumb Code    18  system_stm32f4xx.o(.text.SystemInit)
    TIM5_Delay_us                            0x08000ee1   Thumb Code   148  main.o(.text.TIM5_Delay_us)
    TIM5_IRQHandler                          0x08000f75   Thumb Code    50  main.o(.text.TIM5_IRQHandler)
    UARTReceive                              0x08000fa9   Thumb Code   116  main.o(.text.UARTReceive)
    binOnOutput16Bit                         0x080010b1   Thumb Code  2496  main.o(.text.binOnOutput16Bit)
    main                                     0x08001a71   Thumb Code  1698  main.o(.text.main)
    __ARM_fpclassify                         0x08002113   Thumb Code    48  fpclassify.o(i.__ARM_fpclassify)
    __hardfp_pow                             0x08002149   Thumb Code  3088  pow.o(i.__hardfp_pow)
    __kernel_poly                            0x08002da9   Thumb Code   248  poly.o(i.__kernel_poly)
    __mathlib_dbl_divzero                    0x08002ea1   Thumb Code    28  dunder.o(i.__mathlib_dbl_divzero)
    __mathlib_dbl_infnan2                    0x08002ed1   Thumb Code    20  dunder.o(i.__mathlib_dbl_infnan2)
    __mathlib_dbl_invalid                    0x08002ee9   Thumb Code    24  dunder.o(i.__mathlib_dbl_invalid)
    __mathlib_dbl_overflow                   0x08002f09   Thumb Code    24  dunder.o(i.__mathlib_dbl_overflow)
    __mathlib_dbl_underflow                  0x08002f29   Thumb Code    24  dunder.o(i.__mathlib_dbl_underflow)
    fabs                                     0x08002f49   Thumb Code    24  fabs.o(i.fabs)
    sqrt                                     0x08002f61   Thumb Code   110  sqrt.o(i.sqrt)
    __aeabi_dneg                             0x08002fcf   Thumb Code     0  basic.o(x$fpl$basic)
    _dneg                                    0x08002fcf   Thumb Code     6  basic.o(x$fpl$basic)
    __aeabi_fneg                             0x08002fd5   Thumb Code     0  basic.o(x$fpl$basic)
    _fneg                                    0x08002fd5   Thumb Code     6  basic.o(x$fpl$basic)
    _dabs                                    0x08002fdb   Thumb Code     6  basic.o(x$fpl$basic)
    _fabs                                    0x08002fe1   Thumb Code     6  basic.o(x$fpl$basic)
    __aeabi_dadd                             0x08002fe9   Thumb Code     0  daddsub_clz.o(x$fpl$dadd)
    _dadd                                    0x08002fe9   Thumb Code   332  daddsub_clz.o(x$fpl$dadd)
    __fpl_dcheck_NaN1                        0x08003139   Thumb Code    10  dcheck1.o(x$fpl$dcheck1)
    __fpl_dcmp_Inf                           0x08003149   Thumb Code    24  dcmpi.o(x$fpl$dcmpinf)
    __aeabi_ddiv                             0x08003161   Thumb Code     0  ddiv.o(x$fpl$ddiv)
    _ddiv                                    0x08003161   Thumb Code   556  ddiv.o(x$fpl$ddiv)
    __aeabi_cdcmpeq                          0x08003415   Thumb Code     0  deqf.o(x$fpl$deqf)
    _dcmpeq                                  0x08003415   Thumb Code   120  deqf.o(x$fpl$deqf)
    __aeabi_d2iz                             0x0800348d   Thumb Code     0  dfix.o(x$fpl$dfix)
    _dfix                                    0x0800348d   Thumb Code    94  dfix.o(x$fpl$dfix)
    __aeabi_i2d                              0x080034eb   Thumb Code     0  dflt_clz.o(x$fpl$dflt)
    _dflt                                    0x080034eb   Thumb Code    46  dflt_clz.o(x$fpl$dflt)
    __aeabi_cdcmpge                          0x08003519   Thumb Code     0  dgeqf.o(x$fpl$dgeqf)
    _dcmpge                                  0x08003519   Thumb Code   120  dgeqf.o(x$fpl$dgeqf)
    __aeabi_cdcmple                          0x08003591   Thumb Code     0  dleqf.o(x$fpl$dleqf)
    _dcmple                                  0x08003591   Thumb Code   120  dleqf.o(x$fpl$dleqf)
    __fpl_dcmple_InfNaN                      0x080035f3   Thumb Code     0  dleqf.o(x$fpl$dleqf)
    __aeabi_dmul                             0x08003609   Thumb Code     0  dmul.o(x$fpl$dmul)
    _dmul                                    0x08003609   Thumb Code   332  dmul.o(x$fpl$dmul)
    __fpl_dnaninf                            0x0800375d   Thumb Code   156  dnaninf.o(x$fpl$dnaninf)
    __fpl_dretinf                            0x080037f9   Thumb Code    12  dretinf.o(x$fpl$dretinf)
    __aeabi_cdrcmple                         0x08003805   Thumb Code     0  drleqf.o(x$fpl$drleqf)
    _drcmple                                 0x08003805   Thumb Code   108  drleqf.o(x$fpl$drleqf)
    __aeabi_drsub                            0x08003871   Thumb Code     0  daddsub_clz.o(x$fpl$drsb)
    _drsb                                    0x08003871   Thumb Code    22  daddsub_clz.o(x$fpl$drsb)
    _dsqrt                                   0x08003889   Thumb Code   404  dsqrt_umaal.o(x$fpl$dsqrt)
    __aeabi_dsub                             0x08003a21   Thumb Code     0  daddsub_clz.o(x$fpl$dsub)
    _dsub                                    0x08003a21   Thumb Code   472  daddsub_clz.o(x$fpl$dsub)
    __aeabi_dcmpeq                           0x08003bfd   Thumb Code     0  dcmp.o(x$fpl$fcmp)
    _deq                                     0x08003bfd   Thumb Code    14  dcmp.o(x$fpl$fcmp)
    _dneq                                    0x08003c0b   Thumb Code    14  dcmp.o(x$fpl$fcmp)
    __aeabi_dcmpgt                           0x08003c19   Thumb Code     0  dcmp.o(x$fpl$fcmp)
    _dgr                                     0x08003c19   Thumb Code    14  dcmp.o(x$fpl$fcmp)
    __aeabi_dcmpge                           0x08003c27   Thumb Code     0  dcmp.o(x$fpl$fcmp)
    _dgeq                                    0x08003c27   Thumb Code    14  dcmp.o(x$fpl$fcmp)
    __aeabi_dcmple                           0x08003c35   Thumb Code     0  dcmp.o(x$fpl$fcmp)
    _dleq                                    0x08003c35   Thumb Code    14  dcmp.o(x$fpl$fcmp)
    __aeabi_dcmplt                           0x08003c43   Thumb Code     0  dcmp.o(x$fpl$fcmp)
    _dls                                     0x08003c43   Thumb Code    14  dcmp.o(x$fpl$fcmp)
    _fp_init                                 0x08003c51   Thumb Code    26  fpinit.o(x$fpl$fpinit)
    __fplib_config_fpu_vfp                   0x08003c69   Thumb Code     0  fpinit.o(x$fpl$fpinit)
    __fplib_config_pureend_doubles           0x08003c69   Thumb Code     0  fpinit.o(x$fpl$fpinit)
    __fpl_return_NaN                         0x08003c6b   Thumb Code   100  retnan.o(x$fpl$retnan)
    __ARM_scalbn                             0x08003ccf   Thumb Code    92  scalbn.o(x$fpl$scalbn)
    __fpl_cmpreturn                          0x08003d2b   Thumb Code    48  trapv.o(x$fpl$trapveneer)
    __I$use$fp                               0x08003d5a   Number         0  usenofp.o(x$fpl$usenofp)
    __mathlib_zero                           0x08003de8   Data           8  qnan.o(.constdata)
    AHBPrescTable                            0x08003df0   Data          16  system_stm32f4xx.o(.rodata.AHBPrescTable)
    Region$$Table$$Base                      0x08003e00   Number         0  anon$$obj.o(Region$$Table)
    Region$$Table$$Limit                     0x08003e20   Number         0  anon$$obj.o(Region$$Table)
    SystemCoreClock                          0x20000000   Data           4  system_stm32f4xx.o(.data.SystemCoreClock)
    counter5                                 0x20000004   Data           4  main.o(.data.counter5)
    programState                             0x2000008c   Data           4  main.o(.data.programState)
    psc5                                     0x20000090   Data           4  main.o(.data.psc5)
    selectedFreq                             0x20000094   Data           4  main.o(.data.selectedFreq)
    uwTickFreq                               0x20000098   Data           1  stm32f4xx_hal.o(.data.uwTickFreq)
    uwTickPrio                               0x2000009c   Data           4  stm32f4xx_hal.o(.data.uwTickPrio)
    __libspace_start                         0x200000a0   Data          96  libspace.o(.bss)
    __temporary_stack_top$libspace           0x20000100   Data           0  libspace.o(.bss)
    Overflow_Counter                         0x20000108   Data           4  main.o(.bss.Overflow_Counter)
    uwTick                                   0x2000010c   Data           4  stm32f4xx_hal.o(.bss.uwTick)



==============================================================================

Memory Map of the image

  Image Entry point : 0x08000195

  Load Region LR_IROM1 (Base: 0x08000000, Size: 0x00003ec0, Max: 0x00080000, ABSOLUTE)

    Execution Region ER_IROM1 (Exec base: 0x08000000, Load base: 0x08000000, Size: 0x00003e20, Max: 0x00080000, ABSOLUTE)

    Exec Addr    Load Addr    Size         Type   Attr      Idx    E Section Name        Object

    0x08000000   0x08000000   0x00000194   Data   RO          393    RESET               startup_stm32f401xe.o
    0x08000194   0x08000194   0x00000008   Code   RO          424  * !!!main             c_w.l(__main.o)
    0x0800019c   0x0800019c   0x00000034   Code   RO          697    !!!scatter          c_w.l(__scatter.o)
    0x080001d0   0x080001d0   0x0000001a   Code   RO          699    !!handler_copy      c_w.l(__scatter_copy.o)
    0x080001ea   0x080001ea   0x00000002   PAD
    0x080001ec   0x080001ec   0x0000001c   Code   RO          701    !!handler_zi        c_w.l(__scatter_zi.o)
    0x08000208   0x08000208   0x00000002   Code   RO          558    .ARM.Collect$$libinit$$00000000  c_w.l(libinit.o)
    0x0800020a   0x0800020a   0x00000004   Code   RO          569    .ARM.Collect$$libinit$$00000001  c_w.l(libinit2.o)
    0x0800020e   0x0800020e   0x00000000   Code   RO          572    .ARM.Collect$$libinit$$00000004  c_w.l(libinit2.o)
    0x0800020e   0x0800020e   0x00000000   Code   RO          574    .ARM.Collect$$libinit$$00000006  c_w.l(libinit2.o)
    0x0800020e   0x0800020e   0x00000000   Code   RO          577    .ARM.Collect$$libinit$$0000000C  c_w.l(libinit2.o)
    0x0800020e   0x0800020e   0x00000000   Code   RO          579    .ARM.Collect$$libinit$$0000000E  c_w.l(libinit2.o)
    0x0800020e   0x0800020e   0x00000000   Code   RO          581    .ARM.Collect$$libinit$$00000010  c_w.l(libinit2.o)
    0x0800020e   0x0800020e   0x00000000   Code   RO          584    .ARM.Collect$$libinit$$00000013  c_w.l(libinit2.o)
    0x0800020e   0x0800020e   0x00000000   Code   RO          586    .ARM.Collect$$libinit$$00000015  c_w.l(libinit2.o)
    0x0800020e   0x0800020e   0x00000000   Code   RO          588    .ARM.Collect$$libinit$$00000017  c_w.l(libinit2.o)
    0x0800020e   0x0800020e   0x00000000   Code   RO          590    .ARM.Collect$$libinit$$00000019  c_w.l(libinit2.o)
    0x0800020e   0x0800020e   0x00000000   Code   RO          592    .ARM.Collect$$libinit$$0000001B  c_w.l(libinit2.o)
    0x0800020e   0x0800020e   0x00000000   Code   RO          594    .ARM.Collect$$libinit$$0000001D  c_w.l(libinit2.o)
    0x0800020e   0x0800020e   0x00000000   Code   RO          596    .ARM.Collect$$libinit$$0000001F  c_w.l(libinit2.o)
    0x0800020e   0x0800020e   0x00000000   Code   RO          598    .ARM.Collect$$libinit$$00000021  c_w.l(libinit2.o)
    0x0800020e   0x0800020e   0x00000000   Code   RO          600    .ARM.Collect$$libinit$$00000023  c_w.l(libinit2.o)
    0x0800020e   0x0800020e   0x00000000   Code   RO          602    .ARM.Collect$$libinit$$00000025  c_w.l(libinit2.o)
    0x0800020e   0x0800020e   0x00000000   Code   RO          604    .ARM.Collect$$libinit$$00000027  c_w.l(libinit2.o)
    0x0800020e   0x0800020e   0x00000000   Code   RO          608    .ARM.Collect$$libinit$$0000002E  c_w.l(libinit2.o)
    0x0800020e   0x0800020e   0x00000000   Code   RO          610    .ARM.Collect$$libinit$$00000030  c_w.l(libinit2.o)
    0x0800020e   0x0800020e   0x00000000   Code   RO          612    .ARM.Collect$$libinit$$00000032  c_w.l(libinit2.o)
    0x0800020e   0x0800020e   0x00000000   Code   RO          614    .ARM.Collect$$libinit$$00000034  c_w.l(libinit2.o)
    0x0800020e   0x0800020e   0x00000002   Code   RO          615    .ARM.Collect$$libinit$$00000035  c_w.l(libinit2.o)
    0x08000210   0x08000210   0x00000002   Code   RO          652    .ARM.Collect$$libshutdown$$00000000  c_w.l(libshutdown.o)
    0x08000212   0x08000212   0x00000000   Code   RO          680    .ARM.Collect$$libshutdown$$00000002  c_w.l(libshutdown2.o)
    0x08000212   0x08000212   0x00000000   Code   RO          682    .ARM.Collect$$libshutdown$$00000004  c_w.l(libshutdown2.o)
    0x08000212   0x08000212   0x00000000   Code   RO          685    .ARM.Collect$$libshutdown$$00000007  c_w.l(libshutdown2.o)
    0x08000212   0x08000212   0x00000000   Code   RO          688    .ARM.Collect$$libshutdown$$0000000A  c_w.l(libshutdown2.o)
    0x08000212   0x08000212   0x00000000   Code   RO          690    .ARM.Collect$$libshutdown$$0000000C  c_w.l(libshutdown2.o)
    0x08000212   0x08000212   0x00000000   Code   RO          693    .ARM.Collect$$libshutdown$$0000000F  c_w.l(libshutdown2.o)
    0x08000212   0x08000212   0x00000002   Code   RO          694    .ARM.Collect$$libshutdown$$00000010  c_w.l(libshutdown2.o)
    0x08000214   0x08000214   0x00000000   Code   RO          451    .ARM.Collect$$rtentry$$00000000  c_w.l(__rtentry.o)
    0x08000214   0x08000214   0x00000000   Code   RO          515    .ARM.Collect$$rtentry$$00000002  c_w.l(__rtentry2.o)
    0x08000214   0x08000214   0x00000006   Code   RO          527    .ARM.Collect$$rtentry$$00000004  c_w.l(__rtentry4.o)
    0x0800021a   0x0800021a   0x00000000   Code   RO          517    .ARM.Collect$$rtentry$$00000009  c_w.l(__rtentry2.o)
    0x0800021a   0x0800021a   0x00000004   Code   RO          518    .ARM.Collect$$rtentry$$0000000A  c_w.l(__rtentry2.o)
    0x0800021e   0x0800021e   0x00000000   Code   RO          520    .ARM.Collect$$rtentry$$0000000C  c_w.l(__rtentry2.o)
    0x0800021e   0x0800021e   0x00000008   Code   RO          521    .ARM.Collect$$rtentry$$0000000D  c_w.l(__rtentry2.o)
    0x08000226   0x08000226   0x00000002   Code   RO          561    .ARM.Collect$$rtexit$$00000000  c_w.l(rtexit.o)
    0x08000228   0x08000228   0x00000000   Code   RO          623    .ARM.Collect$$rtexit$$00000002  c_w.l(rtexit2.o)
    0x08000228   0x08000228   0x00000004   Code   RO          624    .ARM.Collect$$rtexit$$00000003  c_w.l(rtexit2.o)
    0x0800022c   0x0800022c   0x00000006   Code   RO          625    .ARM.Collect$$rtexit$$00000004  c_w.l(rtexit2.o)
    0x08000232   0x08000232   0x00000002   PAD
    0x08000234   0x08000234   0x00000040   Code   RO          394    .text               startup_stm32f401xe.o
    0x08000274   0x08000274   0x0000003e   Code   RO          418    .text               c_w.l(strlen.o)
    0x080002b2   0x080002b2   0x00000044   Code   RO          420    .text               c_w.l(rt_memclr.o)
    0x080002f6   0x080002f6   0x00000006   Code   RO          422    .text               c_w.l(heapauxi.o)
    0x080002fc   0x080002fc   0x00000016   Code   RO          456    .text               c_w.l(_rserrno.o)
    0x08000312   0x08000312   0x0000004e   Code   RO          458    .text               c_w.l(rt_memclr_w.o)
    0x08000360   0x08000360   0x00000008   Code   RO          534    .text               c_w.l(rt_errno_addr_intlibspace.o)
    0x08000368   0x08000368   0x00000008   Code   RO          542    .text               c_w.l(libspace.o)
    0x08000370   0x08000370   0x0000004a   Code   RO          545    .text               c_w.l(sys_stackheap_outer.o)
    0x080003ba   0x080003ba   0x00000012   Code   RO          547    .text               c_w.l(exit.o)
    0x080003cc   0x080003cc   0x0000000c   Code   RO          618    .text               c_w.l(sys_exit.o)
    0x080003d8   0x080003d8   0x00000002   Code   RO          641    .text               c_w.l(use_no_semi.o)
    0x080003da   0x080003da   0x00000000   Code   RO          643    .text               c_w.l(indicate_semi.o)
    0x080003da   0x080003da   0x00000002   PAD
    0x080003dc   0x080003dc   0x00000042   Code   RO          132    .text.HAL_Delay     stm32f4xx_hal.o
    0x0800041e   0x0800041e   0x00000002   PAD
    0x08000420   0x08000420   0x00000362   Code   RO          247    .text.HAL_GPIO_Init  stm32f4xx_hal_gpio.o
    0x08000782   0x08000782   0x00000002   PAD
    0x08000784   0x08000784   0x00000026   Code   RO          255    .text.HAL_GPIO_TogglePin  stm32f4xx_hal_gpio.o
    0x080007aa   0x080007aa   0x00000002   PAD
    0x080007ac   0x080007ac   0x0000002e   Code   RO          253    .text.HAL_GPIO_WritePin  stm32f4xx_hal_gpio.o
    0x080007da   0x080007da   0x00000002   PAD
    0x080007dc   0x080007dc   0x0000000c   Code   RO          124    .text.HAL_GetTick   stm32f4xx_hal.o
    0x080007e8   0x080007e8   0x0000001a   Code   RO          122    .text.HAL_IncTick   stm32f4xx_hal.o
    0x08000802   0x08000802   0x00000002   PAD
    0x08000804   0x08000804   0x0000002e   Code   RO          112    .text.HAL_Init      stm32f4xx_hal.o
    0x08000832   0x08000832   0x00000002   PAD
    0x08000834   0x08000834   0x00000070   Code   RO          114    .text.HAL_InitTick  stm32f4xx_hal.o
    0x080008a4   0x080008a4   0x00000002   Code   RO          116    .text.HAL_MspInit   stm32f4xx_hal.o
    0x080008a6   0x080008a6   0x00000002   PAD
    0x080008a8   0x080008a8   0x00000032   Code   RO          180    .text.HAL_NVIC_SetPriority  stm32f4xx_hal_cortex.o
    0x080008da   0x080008da   0x00000002   PAD
    0x080008dc   0x080008dc   0x00000010   Code   RO          176    .text.HAL_NVIC_SetPriorityGrouping  stm32f4xx_hal_cortex.o
    0x080008ec   0x080008ec   0x00000010   Code   RO          200    .text.HAL_SYSTICK_Config  stm32f4xx_hal_cortex.o
    0x080008fc   0x080008fc   0x00000010   Code   RO           51    .text.LCD_Clear     lcd.o
    0x0800090c   0x0800090c   0x00000032   Code   RO           47    .text.LCD_Cmd       lcd.o
    0x0800093e   0x0800093e   0x00000002   PAD
    0x08000940   0x08000940   0x00000088   Code   RO           45    .text.LCD_Cmd4bit   lcd.o
    0x080009c8   0x080009c8   0x00000058   Code   RO           55    .text.LCD_CursorSet  lcd.o
    0x08000a20   0x08000a20   0x00000032   Code   RO           57    .text.LCD_Data      lcd.o
    0x08000a52   0x08000a52   0x00000002   PAD
    0x08000a54   0x08000a54   0x00000014   Code   RO           41    .text.LCD_Delay_ms  lcd.o
    0x08000a68   0x08000a68   0x0000007c   Code   RO           39    .text.LCD_Delay_us  lcd.o
    0x08000ae4   0x08000ae4   0x0000001e   Code   RO           49    .text.LCD_DisplayOn  lcd.o
    0x08000b02   0x08000b02   0x00000002   PAD
    0x08000b04   0x08000b04   0x00000118   Code   RO           43    .text.LCD_Init      lcd.o
    0x08000c1c   0x08000c1c   0x000000b6   Code   RO           53    .text.LCD_Puts      lcd.o
    0x08000cd2   0x08000cd2   0x00000002   PAD
    0x08000cd4   0x08000cd4   0x0000006c   Code   RO          186    .text.NVIC_EncodePriority  stm32f4xx_hal_cortex.o
    0x08000d40   0x08000d40   0x00000052   Code   RO          202    .text.SysTick_Config  stm32f4xx_hal_cortex.o
    0x08000d92   0x08000d92   0x00000002   PAD
    0x08000d94   0x08000d94   0x00000008   Code   RO           12    .text.SysTick_Handler  main.o
    0x08000d9c   0x08000d9c   0x0000012e   Code   RO          403    .text.SystemCoreClockUpdate  system_stm32f4xx.o
    0x08000eca   0x08000eca   0x00000002   PAD
    0x08000ecc   0x08000ecc   0x00000012   Code   RO          401    .text.SystemInit    system_stm32f4xx.o
    0x08000ede   0x08000ede   0x00000002   PAD
    0x08000ee0   0x08000ee0   0x00000094   Code   RO            8    .text.TIM5_Delay_us  main.o
    0x08000f74   0x08000f74   0x00000032   Code   RO           14    .text.TIM5_IRQHandler  main.o
    0x08000fa6   0x08000fa6   0x00000002   PAD
    0x08000fa8   0x08000fa8   0x00000074   Code   RO            4    .text.UARTReceive   main.o
    0x0800101c   0x0800101c   0x00000010   Code   RO          182    .text.__NVIC_GetPriorityGrouping  stm32f4xx_hal_cortex.o
    0x0800102c   0x0800102c   0x00000042   Code   RO          184    .text.__NVIC_SetPriority  stm32f4xx_hal_cortex.o
    0x0800106e   0x0800106e   0x00000002   PAD
    0x08001070   0x08001070   0x0000003c   Code   RO          178    .text.__NVIC_SetPriorityGrouping  stm32f4xx_hal_cortex.o
    0x080010ac   0x080010ac   0x00000004   PAD
    0x080010b0   0x080010b0   0x000009c0   Code   RO            6    .text.binOnOutput16Bit  main.o
    0x08001a70   0x08001a70   0x000006a2   Code   RO           10    .text.main          main.o
    0x08002112   0x08002112   0x00000030   Code   RO          503    i.__ARM_fpclassify  m_wm.l(fpclassify.o)
    0x08002142   0x08002142   0x00000006   PAD
    0x08002148   0x08002148   0x00000c60   Code   RO          444    i.__hardfp_pow      m_wm.l(pow.o)
    0x08002da8   0x08002da8   0x000000f8   Code   RO          505    i.__kernel_poly     m_wm.l(poly.o)
    0x08002ea0   0x08002ea0   0x00000030   Code   RO          483    i.__mathlib_dbl_divzero  m_wm.l(dunder.o)
    0x08002ed0   0x08002ed0   0x00000014   Code   RO          485    i.__mathlib_dbl_infnan2  m_wm.l(dunder.o)
    0x08002ee4   0x08002ee4   0x00000004   PAD
    0x08002ee8   0x08002ee8   0x00000020   Code   RO          486    i.__mathlib_dbl_invalid  m_wm.l(dunder.o)
    0x08002f08   0x08002f08   0x00000020   Code   RO          487    i.__mathlib_dbl_overflow  m_wm.l(dunder.o)
    0x08002f28   0x08002f28   0x00000020   Code   RO          489    i.__mathlib_dbl_underflow  m_wm.l(dunder.o)
    0x08002f48   0x08002f48   0x00000018   Code   RO          499    i.fabs              m_wm.l(fabs.o)
    0x08002f60   0x08002f60   0x0000006e   Code   RO          510    i.sqrt              m_wm.l(sqrt.o)
    0x08002fce   0x08002fce   0x00000018   Code   RO          460    x$fpl$basic         fz_wm.l(basic.o)
    0x08002fe6   0x08002fe6   0x00000002   PAD
    0x08002fe8   0x08002fe8   0x00000150   Code   RO          426    x$fpl$dadd          fz_wm.l(daddsub_clz.o)
    0x08003138   0x08003138   0x00000010   Code   RO          536    x$fpl$dcheck1       fz_wm.l(dcheck1.o)
    0x08003148   0x08003148   0x00000018   Code   RO          538    x$fpl$dcmpinf       fz_wm.l(dcmpi.o)
    0x08003160   0x08003160   0x000002b4   Code   RO          463    x$fpl$ddiv          fz_wm.l(ddiv.o)
    0x08003414   0x08003414   0x00000078   Code   RO          466    x$fpl$deqf          fz_wm.l(deqf.o)
    0x0800348c   0x0800348c   0x0000005e   Code   RO          434    x$fpl$dfix          fz_wm.l(dfix.o)
    0x080034ea   0x080034ea   0x0000002e   Code   RO          439    x$fpl$dflt          fz_wm.l(dflt_clz.o)
    0x08003518   0x08003518   0x00000078   Code   RO          468    x$fpl$dgeqf         fz_wm.l(dgeqf.o)
    0x08003590   0x08003590   0x00000078   Code   RO          470    x$fpl$dleqf         fz_wm.l(dleqf.o)
    0x08003608   0x08003608   0x00000154   Code   RO          472    x$fpl$dmul          fz_wm.l(dmul.o)
    0x0800375c   0x0800375c   0x0000009c   Code   RO          474    x$fpl$dnaninf       fz_wm.l(dnaninf.o)
    0x080037f8   0x080037f8   0x0000000c   Code   RO          476    x$fpl$dretinf       fz_wm.l(dretinf.o)
    0x08003804   0x08003804   0x0000006c   Code   RO          478    x$fpl$drleqf        fz_wm.l(drleqf.o)
    0x08003870   0x08003870   0x00000016   Code   RO          427    x$fpl$drsb          fz_wm.l(daddsub_clz.o)
    0x08003886   0x08003886   0x00000002   PAD
    0x08003888   0x08003888   0x00000198   Code   RO          540    x$fpl$dsqrt         fz_wm.l(dsqrt_umaal.o)
    0x08003a20   0x08003a20   0x000001dc   Code   RO          428    x$fpl$dsub          fz_wm.l(daddsub_clz.o)
    0x08003bfc   0x08003bfc   0x00000054   Code   RO          432    x$fpl$fcmp          fz_wm.l(dcmp.o)
    0x08003c50   0x08003c50   0x0000001a   Code   RO          635    x$fpl$fpinit        fz_wm.l(fpinit.o)
    0x08003c6a   0x08003c6a   0x00000064   Code   RO          559    x$fpl$retnan        fz_wm.l(retnan.o)
    0x08003cce   0x08003cce   0x0000005c   Code   RO          480    x$fpl$scalbn        fz_wm.l(scalbn.o)
    0x08003d2a   0x08003d2a   0x00000030   Code   RO          616    x$fpl$trapveneer    fz_wm.l(trapv.o)
    0x08003d5a   0x08003d5a   0x00000000   Code   RO          482    x$fpl$usenofp       fz_wm.l(usenofp.o)
    0x08003d5a   0x08003d5a   0x00000006   PAD
    0x08003d60   0x08003d60   0x00000088   Data   RO          447    .constdata          m_wm.l(pow.o)
    0x08003de8   0x08003de8   0x00000008   Data   RO          507    .constdata          m_wm.l(qnan.o)
    0x08003df0   0x08003df0   0x00000010   Data   RO          406    .rodata.AHBPrescTable  system_stm32f4xx.o
    0x08003e00   0x08003e00   0x00000020   Data   RO          696    Region$$Table       anon$$obj.o


    Execution Region RW_IRAM1 (Exec base: 0x20000000, Load base: 0x08003e20, Size: 0x00000710, Max: 0x00018000, ABSOLUTE)

    Exec Addr    Load Addr    Size         Type   Attr      Idx    E Section Name        Object

    0x20000000   0x08003e20   0x00000004   Data   RW          405    .data.SystemCoreClock  system_stm32f4xx.o
    0x20000004   0x08003e24   0x00000004   Data   RW           25    .data.counter5      main.o
    0x20000008   0x08003e28   0x00000084   Data   RW           27    .data.main.sin90    main.o
    0x2000008c   0x08003eac   0x00000004   Data   RW           16    .data.programState  main.o
    0x20000090   0x08003eb0   0x00000004   Data   RW           26    .data.psc5          main.o
    0x20000094   0x08003eb4   0x00000004   Data   RW           23    .data.selectedFreq  main.o
    0x20000098   0x08003eb8   0x00000001   Data   RW          167    .data.uwTickFreq    stm32f4xx_hal.o
    0x20000099   0x08003eb9   0x00000003   PAD
    0x2000009c   0x08003ebc   0x00000004   Data   RW          166    .data.uwTickPrio    stm32f4xx_hal.o
    0x200000a0        -       0x00000060   Zero   RW          543    .bss                c_w.l(libspace.o)
    0x20000100        -       0x00000005   Zero   RW           79    .bss.LCD_Opts       lcd.o
    0x20000105   0x08003ec0   0x00000003   PAD
    0x20000108        -       0x00000004   Zero   RW           24    .bss.Overflow_Counter  main.o
    0x2000010c        -       0x00000004   Zero   RW          168    .bss.uwTick         stm32f4xx_hal.o
    0x20000110        -       0x00000200   Zero   RW          392    HEAP                startup_stm32f401xe.o
    0x20000310        -       0x00000400   Zero   RW          391    STACK               startup_stm32f401xe.o


==============================================================================

Image component sizes


      Code (inc. data)   RO Data    RW Data    ZI Data      Debug   Object Name

       976          0          0          0          5       4666   lcd.o
      4516         32          0        148          4       7272   main.o
        64         26        404          0       1536        904   startup_stm32f401xe.o
       264          0          0          5          4       6966   stm32f4xx_hal.o
       414          0          0          0          0       9217   stm32f4xx_hal_cortex.o
       950          0          0          0          0       5332   stm32f4xx_hal_gpio.o
       320          0         16          4          0       2718   system_stm32f4xx.o

    ----------------------------------------------------------------------
      7542         58        452        160       1552      37075   Object Totals
         0          0         32          0          0          0   (incl. Generated)
        38          0          0          3          3          0   (incl. Padding)

    ----------------------------------------------------------------------

      Code (inc. data)   RO Data    RW Data    ZI Data      Debug   Library Member Name

         8          0          0          0          0         68   __main.o
         0          0          0          0          0          0   __rtentry.o
        12          0          0          0          0          0   __rtentry2.o
         6          0          0          0          0          0   __rtentry4.o
        52          8          0          0          0          0   __scatter.o
        26          0          0          0          0          0   __scatter_copy.o
        28          0          0          0          0          0   __scatter_zi.o
        22          0          0          0          0        100   _rserrno.o
        18          0          0          0          0         80   exit.o
         6          0          0          0          0        152   heapauxi.o
         0          0          0          0          0          0   indicate_semi.o
         2          0          0          0          0          0   libinit.o
         6          0          0          0          0          0   libinit2.o
         2          0          0          0          0          0   libshutdown.o
         2          0          0          0          0          0   libshutdown2.o
         8          4          0          0         96         68   libspace.o
         8          4          0          0          0         68   rt_errno_addr_intlibspace.o
        68          0          0          0          0         68   rt_memclr.o
        78          0          0          0          0         80   rt_memclr_w.o
         2          0          0          0          0          0   rtexit.o
        10          0          0          0          0          0   rtexit2.o
        62          0          0          0          0         76   strlen.o
        12          4          0          0          0         68   sys_exit.o
        74          0          0          0          0         80   sys_stackheap_outer.o
         2          0          0          0          0         68   use_no_semi.o
        24          0          0          0          0        164   basic.o
       834         16          0          0          0        516   daddsub_clz.o
        16          4          0          0          0        116   dcheck1.o
        84          0          0          0          0        244   dcmp.o
        24          0          0          0          0        116   dcmpi.o
       692        140          0          0          0        264   ddiv.o
       120          4          0          0          0        140   deqf.o
        94          4          0          0          0        140   dfix.o
        46          0          0          0          0        116   dflt_clz.o
       120          4          0          0          0        140   dgeqf.o
       120          4          0          0          0        140   dleqf.o
       340         12          0          0          0        152   dmul.o
       156          4          0          0          0        140   dnaninf.o
        12          0          0          0          0        116   dretinf.o
       108          0          0          0          0        128   drleqf.o
       408         56          0          0          0        168   dsqrt_umaal.o
        26          0          0          0          0        116   fpinit.o
       100          0          0          0          0        116   retnan.o
        92          0          0          0          0        116   scalbn.o
        48          0          0          0          0        116   trapv.o
         0          0          0          0          0          0   usenofp.o
       164         44          0          0          0        620   dunder.o
        24          0          0          0          0        124   fabs.o
        48          0          0          0          0        124   fpclassify.o
       248          0          0          0          0        152   poly.o
      3168        296        136          0          0        352   pow.o
         0          0          8          0          0          0   qnan.o
       110          0          0          0          0        148   sqrt.o

    ----------------------------------------------------------------------
      7766        608        144          0         96       5760   Library Totals
        26          0          0          0          0          0   (incl. Padding)

    ----------------------------------------------------------------------

      Code (inc. data)   RO Data    RW Data    ZI Data      Debug   Library Name

       514         20          0          0         96        976   c_w.l
      3464        248          0          0          0       3264   fz_wm.l
      3762        340        144          0          0       1520   m_wm.l

    ----------------------------------------------------------------------
      7766        608        144          0         96       5760   Library Totals

    ----------------------------------------------------------------------

==============================================================================


      Code (inc. data)   RO Data    RW Data    ZI Data      Debug   

     15308        666        596        160       1648      39319   Grand Totals
     15308        666        596        160       1648      39319   ELF Image Totals
     15308        666        596        160          0          0   ROM Totals

==============================================================================

    Total RO  Size (Code + RO Data)                15904 (  15.53kB)
    Total RW  Size (RW Data + ZI Data)              1808 (   1.77kB)
    Total ROM Size (Code + RO Data + RW Data)      16064 (  15.69kB)

==============================================================================

