Component: Arm Compiler for Embedded 6.19 Tool: armlink [5e73cb00]

==============================================================================

Section Cross References

    main.o(.ARM.exidx.text.UARTSend) refers to main.o(.text.UARTSend) for [Anonymous Symbol]
    main.o(.text.UARTReceive) refers to lcd.o(.text.LCD_Puts) for LCD_Puts
    main.o(.ARM.exidx.text.UARTReceive) refers to main.o(.text.UARTReceive) for [Anonymous Symbol]
    main.o(.text.binOnOutput16Bit) refers to dflt_clz.o(x$fpl$dflt) for __aeabi_i2d
    main.o(.text.binOnOutput16Bit) refers to pow.o(i.__hardfp_pow) for __hardfp_pow
    main.o(.text.binOnOutput16Bit) refers to dfix.o(x$fpl$dfix) for __aeabi_d2iz
    main.o(.text.binOnOutput16Bit) refers to daddsub_clz.o(x$fpl$dsub) for __aeabi_dsub
    main.o(.text.binOnOutput16Bit) refers to dcmp.o(x$fpl$fcmp) for __aeabi_dcmple
    main.o(.text.binOnOutput16Bit) refers to stm32f4xx_hal_gpio.o(.text.HAL_GPIO_WritePin) for HAL_GPIO_WritePin
    main.o(.ARM.exidx.text.binOnOutput16Bit) refers to main.o(.text.binOnOutput16Bit) for [Anonymous Symbol]
    main.o(.text.TIM5_Delay_us) refers to main.o(.bss.Overflow_Counter) for Overflow_Counter
    main.o(.text.TIM5_Delay_us) refers to main.o(.data.counter5) for counter5
    main.o(.text.TIM5_Delay_us) refers to main.o(.bss.lcd) for lcd
    main.o(.text.TIM5_Delay_us) refers to main.o(.rodata.str1.1) for .L.str.12
    main.o(.text.TIM5_Delay_us) refers to sprintf.o(.text) for sprintf
    main.o(.text.TIM5_Delay_us) refers to lcd.o(.text.LCD_Puts) for LCD_Puts
    main.o(.ARM.exidx.text.TIM5_Delay_us) refers to main.o(.text.TIM5_Delay_us) for [Anonymous Symbol]
    main.o(.text.main) refers to system_stm32f4xx.o(.text.SystemCoreClockUpdate) for SystemCoreClockUpdate
    main.o(.text.main) refers to stm32f4xx_hal.o(.text.HAL_Init) for HAL_Init
    main.o(.text.main) refers to lcd.o(.text.LCD_Init) for LCD_Init
    main.o(.text.main) refers to main.o(.data.psc5) for psc5
    main.o(.text.main) refers to main.o(.data.counter5) for counter5
    main.o(.text.main) refers to main.o(.text.__NVIC_EnableIRQ) for __NVIC_EnableIRQ
    main.o(.text.main) refers to stm32f4xx_hal_gpio.o(.text.HAL_GPIO_Init) for HAL_GPIO_Init
    main.o(.text.main) refers to rt_memclr.o(.text) for __aeabi_memclr
    main.o(.text.main) refers to lcd.o(.text.LCD_Puts) for LCD_Puts
    main.o(.text.main) refers to main.o(.data.programState) for programState
    main.o(.text.main) refers to strlen.o(.text) for strlen
    main.o(.text.main) refers to main.o(.text.UARTReceive) for UARTReceive
    main.o(.text.main) refers to main.o(.data.selectedFreq) for selectedFreq
    main.o(.text.main) refers to main.o(.text.TIM5_Delay_us) for TIM5_Delay_us
    main.o(.text.main) refers to stm32f4xx_hal_gpio.o(.text.HAL_GPIO_WritePin) for HAL_GPIO_WritePin
    main.o(.text.main) refers to main.o(.data.main.sin90) for main.sin90
    main.o(.text.main) refers to main.o(.text.binOnOutput16Bit) for binOnOutput16Bit
    main.o(.text.main) refers to stm32f4xx_hal_gpio.o(.text.HAL_GPIO_TogglePin) for HAL_GPIO_TogglePin
    main.o(.text.main) refers to main.o(.data.main.traingle) for main.traingle
    main.o(.text.main) refers to stm32f4xx_hal.o(.text.HAL_Delay) for HAL_Delay
    main.o(.ARM.exidx.text.main) refers to main.o(.text.main) for [Anonymous Symbol]
    main.o(.ARM.exidx.text.__NVIC_EnableIRQ) refers to main.o(.text.__NVIC_EnableIRQ) for [Anonymous Symbol]
    main.o(.text.SysTick_Handler) refers to stm32f4xx_hal.o(.text.HAL_IncTick) for HAL_IncTick
    main.o(.ARM.exidx.text.SysTick_Handler) refers to main.o(.text.SysTick_Handler) for [Anonymous Symbol]
    main.o(.text.TIM5_IRQHandler) refers to main.o(.bss.Overflow_Counter) for Overflow_Counter
    main.o(.ARM.exidx.text.TIM5_IRQHandler) refers to main.o(.text.TIM5_IRQHandler) for [Anonymous Symbol]
    main.o(.data.waveForm) refers to main.o(.rodata.str1.1) for [Anonymous Symbol]
    main.o(.data.waveFormShort) refers to main.o(.rodata.str1.1) for [Anonymous Symbol]
    main.o(.data.selectedWaveForm) refers to main.o(.rodata.str1.1) for [Anonymous Symbol]
    lcd.o(.text.LCD_Delay_us) refers to stm32f4xx_hal.o(.text.HAL_GetTick) for HAL_GetTick
    lcd.o(.ARM.exidx.text.LCD_Delay_us) refers to lcd.o(.text.LCD_Delay_us) for [Anonymous Symbol]
    lcd.o(.text.LCD_Delay_ms) refers to stm32f4xx_hal.o(.text.HAL_Delay) for HAL_Delay
    lcd.o(.ARM.exidx.text.LCD_Delay_ms) refers to lcd.o(.text.LCD_Delay_ms) for [Anonymous Symbol]
    lcd.o(.text.LCD_Init) refers to stm32f4xx_hal_gpio.o(.text.HAL_GPIO_Init) for HAL_GPIO_Init
    lcd.o(.text.LCD_Init) refers to stm32f4xx_hal.o(.text.HAL_GetTick) for HAL_GetTick
    lcd.o(.text.LCD_Init) refers to lcd.o(.text.LCD_Delay_ms) for LCD_Delay_ms
    lcd.o(.text.LCD_Init) refers to lcd.o(.bss.LCD_Opts) for LCD_Opts
    lcd.o(.text.LCD_Init) refers to lcd.o(.text.LCD_Cmd4bit) for LCD_Cmd4bit
[...]
    .text                                    0x08001528   Section        2  use_no_semi.o(.text)
    .text                                    0x0800152a   Section        0  indicate_semi.o(.text)
    [Anonymous Symbol]                       0x0800152c   Section        0  stm32f4xx_hal.o(.text.HAL_Delay)
    [Anonymous Symbol]                       0x08001570   Section        0  stm32f4xx_hal_gpio.o(.text.HAL_GPIO_Init)
    [Anonymous Symbol]                       0x080018d4   Section        0  stm32f4xx_hal_gpio.o(.text.HAL_GPIO_TogglePin)
    [Anonymous Symbol]                       0x080018fc   Section        0  stm32f4xx_hal_gpio.o(.text.HAL_GPIO_WritePin)
    [Anonymous Symbol]                       0x0800192c   Section        0  stm32f4xx_hal.o(.text.HAL_GetTick)
    [Anonymous Symbol]                       0x08001938   Section        0  stm32f4xx_hal.o(.text.HAL_IncTick)
    [Anonymous Symbol]                       0x08001954   Section        0  stm32f4xx_hal.o(.text.HAL_Init)
    [Anonymous Symbol]                       0x08001984   Section        0  stm32f4xx_hal.o(.text.HAL_InitTick)
    [Anonymous Symbol]                       0x080019f4   Section        0  stm32f4xx_hal.o(.text.HAL_MspInit)
    [Anonymous Symbol]                       0x080019f8   Section        0  stm32f4xx_hal_cortex.o(.text.HAL_NVIC_SetPriority)
    [Anonymous Symbol]                       0x08001a2c   Section        0  stm32f4xx_hal_cortex.o(.text.HAL_NVIC_SetPriorityGrouping)
    [Anonymous Symbol]                       0x08001a3c   Section        0  stm32f4xx_hal_cortex.o(.text.HAL_SYSTICK_Config)
    [Anonymous Symbol]                       0x08001a4c   Section        0  lcd.o(.text.LCD_Clear)
    LCD_Cmd                                  0x08001a5d   Thumb Code    50  lcd.o(.text.LCD_Cmd)
    [Anonymous Symbol]                       0x08001a5c   Section        0  lcd.o(.text.LCD_Cmd)
    LCD_Cmd4bit                              0x08001a91   Thumb Code   136  lcd.o(.text.LCD_Cmd4bit)
    [Anonymous Symbol]                       0x08001a90   Section        0  lcd.o(.text.LCD_Cmd4bit)
    LCD_CursorSet                            0x08001b19   Thumb Code    88  lcd.o(.text.LCD_CursorSet)
    [Anonymous Symbol]                       0x08001b18   Section        0  lcd.o(.text.LCD_CursorSet)
    LCD_Data                                 0x08001b71   Thumb Code    50  lcd.o(.text.LCD_Data)
    [Anonymous Symbol]                       0x08001b70   Section        0  lcd.o(.text.LCD_Data)
    [Anonymous Symbol]                       0x08001ba4   Section        0  lcd.o(.text.LCD_Delay_ms)
    [Anonymous Symbol]                       0x08001bb8   Section        0  lcd.o(.text.LCD_Delay_us)
    [Anonymous Symbol]                       0x08001c34   Section        0  lcd.o(.text.LCD_DisplayOn)
    [Anonymous Symbol]                       0x08001c54   Section        0  lcd.o(.text.LCD_Init)
    [Anonymous Symbol]                       0x08001d6c   Section        0  lcd.o(.text.LCD_Puts)
    NVIC_EncodePriority                      0x08001e25   Thumb Code   108  stm32f4xx_hal_cortex.o(.text.NVIC_EncodePriority)
    [Anonymous Symbol]                       0x08001e24   Section        0  stm32f4xx_hal_cortex.o(.text.NVIC_EncodePriority)
    SysTick_Config                           0x08001e91   Thumb Code    82  stm32f4xx_hal_cortex.o(.text.SysTick_Config)
    [Anonymous Symbol]                       0x08001e90   Section        0  stm32f4xx_hal_cortex.o(.text.SysTick_Config)
    [Anonymous Symbol]                       0x08001ee4   Section        0  main.o(.text.SysTick_Handler)
    [Anonymous Symbol]                       0x08001eec   Section        0  system_stm32f4xx.o(.text.SystemCoreClockUpdate)
    [Anonymous Symbol]                       0x0800201c   Section        0  system_stm32f4xx.o(.text.SystemInit)
    [Anonymous Symbol]                       0x08002030   Section        0  main.o(.text.TIM5_Delay_us)
    [Anonymous Symbol]                       0x080020d4   Section        0  main.o(.text.TIM5_IRQHandler)
    [Anonymous Symbol]                       0x08002108   Section        0  main.o(.text.UARTReceive)
    __NVIC_EnableIRQ                         0x0800217d   Thumb Code    48  main.o(.text.__NVIC_EnableIRQ)
    [Anonymous Symbol]                       0x0800217c   Section        0  main.o(.text.__NVIC_EnableIRQ)
    __NVIC_GetPriorityGrouping               0x080021ad   Thumb Code    16  stm32f4xx_hal_cortex.o(.text.__NVIC_GetPriorityGrouping)
    [Anonymous Symbol]                       0x080021ac   Section        0  stm32f4xx_hal_cortex.o(.text.__NVIC_GetPriorityGrouping)
    __NVIC_SetPriority                       0x080021bd   Thumb Code    66  stm32f4xx_hal_cortex.o(.text.__NVIC_SetPriority)
    [Anonymous Symbol]                       0x080021bc   Section        0  stm32f4xx_hal_cortex.o(.text.__NVIC_SetPriority)
    __NVIC_SetPriorityGrouping               0x08002201   Thumb Code    60  stm32f4xx_hal_cortex.o(.text.__NVIC_SetPriorityGrouping)
    [Anonymous Symbol]                       0x08002200   Section        0  stm32f4xx_hal_cortex.o(.text.__NVIC_SetPriorityGrouping)
    [Anonymous Symbol]                       0x08002240   Section        0  main.o(.text.binOnOutput16Bit)
    [Anonymous Symbol]                       0x08002c00   Section        0  main.o(.text.main)
    CL$$btod_d2e                             0x080034d2   Section       62  btod.o(CL$$btod_d2e)
    CL$$btod_d2e_denorm_low                  0x08003510   Section       70  btod.o(CL$$btod_d2e_denorm_low)
    CL$$btod_d2e_norm_op1                    0x08003556   Section       96  btod.o(CL$$btod_d2e_norm_op1)
    CL$$btod_div_common                      0x080035b8   Section      824  btod.o(CL$$btod_div_common)
    CL$$btod_e2e                             0x080038f0   Section      220  btod.o(CL$$btod_e2e)
    CL$$btod_ediv                            0x080039cc   Section       42  btod.o(CL$$btod_ediv)
    CL$$btod_emul                            0x080039f6   Section       42  btod.o(CL$$btod_emul)
    CL$$btod_mult_common                     0x08003a20   Section      580  btod.o(CL$$btod_mult_common)
    i.__ARM_fpclassify                       0x08003c64   Section        0  fpclassify.o(i.__ARM_fpclassify)
    i.__hardfp_pow                           0x08003c98   Section        0  pow.o(i.__hardfp_pow)
    i.__kernel_poly                          0x080048f8   Section        0  poly.o(i.__kernel_poly)
    i.__mathlib_dbl_divzero                  0x080049f0   Section        0  dunder.o(i.__mathlib_dbl_divzero)
    i.__mathlib_dbl_infnan2                  0x08004a20   Section        0  dunder.o(i.__mathlib_dbl_infnan2)
    i.__mathlib_dbl_invalid                  0x08004a38   Section        0  dunder.o(i.__mathlib_dbl_invalid)
    i.__mathlib_dbl_overflow                 0x08004a58   Section        0  dunder.o(i.__mathlib_dbl_overflow)
    i.__mathlib_dbl_underflow                0x08004a78   Section        0  dunder.o(i.__mathlib_dbl_underflow)
    i._is_digit                              0x08004a98   Section        0  __printf_wp.o(i._is_digit)
    i.fabs                                   0x08004aa6   Section        0  fabs.o(i.fabs)
    i.sqrt                                   0x08004abe   Section        0  sqrt.o(i.sqrt)
    locale$$code                             0x08004b2c   Section       44  lc_numeric_c.o(locale$$code)
    locale$$code                             0x08004b58   Section       44  lc_ctype_c.o(locale$$code)
    $v0                                      0x08004b84   Number         0  basic.o(x$fpl$basic)
    x$fpl$basic                              0x08004b84   Section       24  basic.o(x$fpl$basic)
    $v0                                      0x08004b9c   Number         0  daddsub_clz.o(x$fpl$dadd)
    x$fpl$dadd                               0x08004b9c   Section      336  daddsub_clz.o(x$fpl$dadd)
    _dadd1                                   0x08004bad   Thumb Code     0  daddsub_clz.o(x$fpl$dadd)
    $v0                                      0x08004cec   Number         0  dcheck1.o(x$fpl$dcheck1)
    x$fpl$dcheck1                            0x08004cec   Section       16  dcheck1.o(x$fpl$dcheck1)
    $v0                                      0x08004cfc   Number         0  dcmpi.o(x$fpl$dcmpinf)
    x$fpl$dcmpinf                            0x08004cfc   Section       24  dcmpi.o(x$fpl$dcmpinf)
    $v0                                      0x08004d14   Number         0  ddiv.o(x$fpl$ddiv)
    x$fpl$ddiv                               0x08004d14   Section      692  ddiv.o(x$fpl$ddiv)
    ddiv_entry                               0x08004d1b   Thumb Code     0  ddiv.o(x$fpl$ddiv)
    $v0                                      0x08004fc8   Number         0  deqf.o(x$fpl$deqf)
    x$fpl$deqf                               0x08004fc8   Section      120  deqf.o(x$fpl$deqf)
    $v0                                      0x08005040   Number         0  dfix.o(x$fpl$dfix)
    x$fpl$dfix                               0x08005040   Section       94  dfix.o(x$fpl$dfix)
    $v0                                      0x0800509e   Number         0  dflt_clz.o(x$fpl$dflt)
    x$fpl$dflt                               0x0800509e   Section       46  dflt_clz.o(x$fpl$dflt)
    $v0                                      0x080050cc   Number         0  dgeqf.o(x$fpl$dgeqf)
    x$fpl$dgeqf                              0x080050cc   Section      120  dgeqf.o(x$fpl$dgeqf)
    $v0                                      0x08005144   Number         0  dleqf.o(x$fpl$dleqf)
    x$fpl$dleqf                              0x08005144   Section      120  dleqf.o(x$fpl$dleqf)
    $v0                                      0x080051bc   Number         0  dmul.o(x$fpl$dmul)
    x$fpl$dmul                               0x080051bc   Section      340  dmul.o(x$fpl$dmul)
    $v0                                      0x08005310   Number         0  dnaninf.o(x$fpl$dnaninf)
    x$fpl$dnaninf                            0x08005310   Section      156  dnaninf.o(x$fpl$dnaninf)
    $v0                                      0x080053ac   Number         0  dretinf.o(x$fpl$dretinf)
    x$fpl$dretinf                            0x080053ac   Section       12  dretinf.o(x$fpl$dretinf)
    $v0                                      0x080053b8   Number         0  drleqf.o(x$fpl$drleqf)
    x$fpl$drleqf                             0x080053b8   Section      108  drleqf.o(x$fpl$drleqf)
    $v0                                      0x08005424   Number         0  daddsub_clz.o(x$fpl$drsb)
    x$fpl$drsb                               0x08005424   Section       22  daddsub_clz.o(x$fpl$drsb)
    $v0                                      0x0800543c   Number         0  dsqrt_umaal.o(x$fpl$dsqrt)
    x$fpl$dsqrt                              0x0800543c   Section      408  dsqrt_umaal.o(x$fpl$dsqrt)
    $v0                                      0x080055d4   Number         0  daddsub_clz.o(x$fpl$dsub)
    x$fpl$dsub                               0x080055d4   Section      476  daddsub_clz.o(x$fpl$dsub)
    _dsub1                                   0x080055e5   Thumb Code     0  daddsub_clz.o(x$fpl$dsub)
    $v0                                      0x080057b0   Number         0  dcmp.o(x$fpl$fcmp)
    x$fpl$fcmp                               0x080057b0   Section       84  dcmp.o(x$fpl$fcmp)
    $v0                                      0x08005804   Number         0  fpinit.o(x$fpl$fpinit)
    x$fpl$fpinit                             0x08005804   Section       26  fpinit.o(x$fpl$fpinit)
    $v0                                      0x0800581e   Number         0  printf1.o(x$fpl$printf1)
    x$fpl$printf1                            0x0800581e   Section        4  printf1.o(x$fpl$printf1)
    $v0                                      0x08005822   Number         0  printf2.o(x$fpl$printf2)
    x$fpl$printf2                            0x08005822   Section        4  printf2.o(x$fpl$printf2)
    $v0                                      0x08005826   Number         0  retnan.o(x$fpl$retnan)
    x$fpl$retnan                             0x08005826   Section      100  retnan.o(x$fpl$retnan)
    $v0                                      0x0800588a   Number         0  scalbn.o(x$fpl$scalbn)
    x$fpl$scalbn                             0x0800588a   Section       92  scalbn.o(x$fpl$scalbn)
    $v0                                      0x080058e6   Number         0  trapv.o(x$fpl$trapveneer)
    x$fpl$trapveneer                         0x080058e6   Section       48  trapv.o(x$fpl$trapveneer)
    x$fpl$usenofp                            0x08005916   Section        0  usenofp.o(x$fpl$usenofp)
    bp                                       0x08005918   Data          16  pow.o(.constdata)
    .constdata                               0x08005918   Section      136  pow.o(.constdata)
    dp_h                                     0x08005928   Data          16  pow.o(.constdata)
    dp_l                                     0x08005938   Data          16  pow.o(.constdata)
    L                                        0x08005948   Data          48  pow.o(.constdata)
    P                                        0x08005978   Data          40  pow.o(.constdata)
    initial_mbstate                          0x080059a0   Data           8  _printf_wctomb.o(.constdata)
    .constdata                               0x080059a0   Section        8  _printf_wctomb.o(.constdata)
    uc_hextab                                0x080059a8   Data          20  _printf_hex_int_ll_ptr.o(.constdata)
    .constdata                               0x080059a8   Section       40  _printf_hex_int_ll_ptr.o(.constdata)
    lc_hextab                                0x080059bc   Data          20  _printf_hex_int_ll_ptr.o(.constdata)
    maptable                                 0x080059d0   Data          17  __printf_flags_ss_wp.o(.constdata)
    .constdata                               0x080059d0   Section       17  __printf_flags_ss_wp.o(.constdata)
    .constdata                               0x080059e8   Section        8  qnan.o(.constdata)
    lc_hextab                                0x080059f0   Data          19  _printf_fp_hex.o(.constdata)
    .constdata                               0x080059f0   Section       38  _printf_fp_hex.o(.constdata)
    uc_hextab                                0x08005a03   Data          19  _printf_fp_hex.o(.constdata)
    tenpwrs_x                                0x08005a18   Data          60  bigflt0.o(.constdata)
    .constdata                               0x08005a18   Section      148  bigflt0.o(.constdata)
    tenpwrs_i                                0x08005a54   Data          64  bigflt0.o(.constdata)
    .L.str.12                                0x08005abc   Data           6  main.o(.rodata.str1.1)
    [Anonymous Symbol]                       0x08005abc   Section        0  main.o(.rodata.str1.1)
    locale$$data                             0x08005ae4   Section       28  lc_numeric_c.o(locale$$data)
    __lcnum_c_name                           0x08005ae8   Data           2  lc_numeric_c.o(locale$$data)
    __lcnum_c_start                          0x08005af0   Data           0  lc_numeric_c.o(locale$$data)
    __lcnum_c_point                          0x08005afc   Data           0  lc_numeric_c.o(locale$$data)
    __lcnum_c_thousands                      0x08005afe   Data           0  lc_numeric_c.o(locale$$data)
    __lcnum_c_grouping                       0x08005aff   Data           0  lc_numeric_c.o(locale$$data)
    __lcnum_c_end                            0x08005b00   Data           0  lc_numeric_c.o(locale$$data)
    locale$$data                             0x08005b00   Section      272  lc_ctype_c.o(locale$$data)
    __lcctype_c_name                         0x08005b04   Data           2  lc_ctype_c.o(locale$$data)
    __lcctype_c_start                        0x08005b0c   Data           0  lc_ctype_c.o(locale$$data)
    __lcctype_c_end                          0x08005c10   Data           0  lc_ctype_c.o(locale$$data)
    main.sin90                               0x20000008   Data         132  main.o(.data.main.sin90)
    [Anonymous Symbol]                       0x20000008   Section        0  main.o(.data.main.sin90)
    main.traingle                            0x2000008c   Data         516  main.o(.data.main.traingle)
    [Anonymous Symbol]                       0x2000008c   Section        0  main.o(.data.main.traingle)
    .bss                                     0x200002a8   Section       96  libspace.o(.bss)
    LCD_Opts                                 0x20000308   Data           5  lcd.o(.bss.LCD_Opts)
    [Anonymous Symbol]                       0x20000308   Section        0  lcd.o(.bss.LCD_Opts)
    Heap_Mem                                 0x20000338   Data         512  startup_stm32f401xe.o(HEAP)
    HEAP                                     0x20000338   Section      512  startup_stm32f401xe.o(HEAP)
    Stack_Mem                                0x20000538   Data        1024  startup_stm32f401xe.o(STACK)
    STACK                                    0x20000538   Section     1024  startup_stm32f401xe.o(STACK)
    __initial_sp                             0x20000938   Data           0  startup_stm32f401xe.o(STACK)

    Global Symbols

    Symbol Name                              Value     Ov Type        Size  Object(Section)

    BuildAttributes$$THM_ISAv4$E$P$D$K$B$S$7EM$VFPi3$EXTD16$VFPS$VFMA$PE$A:L22UL41UL21$X:L11$S22US41US21$IEEE1$IW$~IW$USESV6$~STKCKD$USESV7$~SHL$OTIME$ROPI$IEEEX$EBA8$UX$STANDARDLIB$REQ8$PRES8$EABIv2 0x00000000   Number         0  anon$$obj.o ABSOLUTE
    _printf_flags                            0x00000000   Number         0  printf_stubs.o ABSOLUTE
    _printf_return_value                     0x00000000   Number         0  printf_stubs.o ABSOLUTE
    _printf_sizespec                         0x00000000   Number         0  printf_stubs.o ABSOLUTE
    _printf_widthprec                        0x00000000   Number         0  printf_stubs.o ABSOLUTE
    __ARM_exceptions_init                     - Undefined Weak Reference
    __alloca_initialize                       - Undefined Weak Reference
    __arm_preinit_                            - Undefined Weak Reference
    __arm_relocate_pie_                       - Undefined Weak Reference
    __cpp_initialize__aeabi_                  - Undefined Weak Reference
    __cxa_finalize                            - Undefined Weak Reference
    __sigvec_lookup                           - Undefined Weak Reference
    _atexit_init                              - Undefined Weak Reference
    _call_atexit_fns                          - Undefined Weak Reference
    _clock_init                               - Undefined Weak Reference
    _fp_trap_init                             - Undefined Weak Reference
    _fp_trap_shutdown                         - Undefined Weak Reference
    _get_lc_collate                           - Undefined Weak Reference
    _get_lc_monetary                          - Undefined Weak Reference
    _get_lc_time                              - Undefined Weak Reference
    _getenv_init                              - Undefined Weak Reference
    _handle_redirection                       - Undefined Weak Reference
    _init_alloc                               - Undefined Weak Reference
    _init_user_alloc                          - Undefined Weak Reference
    _initio                                   - Undefined Weak Reference
    _printf_mbtowc                            - Undefined Weak Reference
    _printf_wc                                - Undefined Weak Reference
    _rand_init                                - Undefined Weak Reference
    _signal_finish                            - Undefined Weak Reference
    _signal_init                              - Undefined Weak Reference
    _terminate_alloc                          - Undefined Weak Reference
    _terminate_user_alloc                     - Undefined Weak Reference
    _terminateio                              - Undefined Weak Reference
    __Vectors_Size                           0x00000194   Number         0  startup_stm32f401xe.o ABSOLUTE
    __Vectors                                0x08000000   Data           4  startup_stm32f401xe.o(RESET)
    __Vectors_End                            0x08000194   Data           0  startup_stm32f401xe.o(RESET)
    __main                                   0x08000195   Thumb Code     8  __main.o(!!!main)
    __scatterload                            0x0800019d   Thumb Code     0  __scatter.o(!!!scatter)
    __scatterload_rt2                        0x0800019d   Thumb Code    44  __scatter.o(!!!scatter)
    __scatterload_rt2_thumb_only             0x0800019d   Thumb Code     0  __scatter.o(!!!scatter)
    __scatterload_null                       0x080001ab   Thumb Code     0  __scatter.o(!!!scatter)
    __decompress                             0x080001d1   Thumb Code    58  __dczerorl.o(!!dczerorl)
    __decompress0                            0x080001d1   Thumb Code     0  __dczerorl.o(!!dczerorl)
    __scatterload_zeroinit                   0x0800020d   Thumb Code    28  __scatter_zi.o(!!handler_zi)
    _printf_n                                0x08000229   Thumb Code     0  _printf_n.o(.ARM.Collect$$_printf_percent$$00000001)
    _printf_percent                          0x08000229   Thumb Code     0  _printf_percent.o(.ARM.Collect$$_printf_percent$$00000000)
    _printf_p                                0x0800022f   Thumb Code     0  _printf_p.o(.ARM.Collect$$_printf_percent$$00000002)
    _printf_f                                0x08000235   Thumb Code     0  _printf_f.o(.ARM.Collect$$_printf_percent$$00000003)
    _printf_e                                0x0800023b   Thumb Code     0  _printf_e.o(.ARM.Collect$$_printf_percent$$00000004)
    _printf_g                                0x08000241   Thumb Code     0  _printf_g.o(.ARM.Collect$$_printf_percent$$00000005)
    _printf_a                                0x08000247   Thumb Code     0  _printf_a.o(.ARM.Collect$$_printf_percent$$00000006)
    _printf_ll                               0x0800024d   Thumb Code     0  _printf_ll.o(.ARM.Collect$$_printf_percent$$00000007)
    _printf_i                                0x08000257   Thumb Code     0  _printf_i.o(.ARM.Collect$$_printf_percent$$00000008)
    _printf_d                                0x0800025d   Thumb Code     0  _printf_d.o(.ARM.Collect$$_printf_percent$$00000009)
    _printf_u                                0x08000263   Thumb Code     0  _printf_u.o(.ARM.Collect$$_printf_percent$$0000000A)
    _printf_o                                0x08000269   Thumb Code     0  _printf_o.o(.ARM.Collect$$_printf_percent$$0000000B)
    _printf_x                                0x0800026f   Thumb Code     0  _printf_x.o(.ARM.Collect$$_printf_percent$$0000000C)
    _printf_lli                              0x08000275   Thumb Code     0  _printf_lli.o(.ARM.Collect$$_printf_percent$$0000000D)
    _printf_lld                              0x0800027b   Thumb Code     0  _printf_lld.o(.ARM.Collect$$_printf_percent$$0000000E)
    _printf_llu                              0x08000281   Thumb Code     0  _printf_llu.o(.ARM.Collect$$_printf_percent$$0000000F)
    _printf_llo                              0x08000287   Thumb Code     0  _printf_llo.o(.ARM.Collect$$_printf_percent$$00000010)
    _printf_llx                              0x0800028d   Thumb Code     0  _printf_llx.o(.ARM.Collect$$_printf_percent$$00000011)
    _printf_l                                0x08000293   Thumb Code     0  _printf_l.o(.ARM.Collect$$_printf_percent$$00000012)
    _printf_c                                0x0800029d   Thumb Code     0  _printf_c.o(.ARM.Collect$$_printf_percent$$00000013)
    _printf_s                                0x080002a3   Thumb Code     0  _printf_s.o(.ARM.Collect$$_printf_percent$$00000014)
    _printf_lc                               0x080002a9   Thumb Code     0  _printf_lc.o(.ARM.Collect$$_printf_percent$$00000015)
    _printf_ls                               0x080002af   Thumb Code     0  _printf_ls.o(.ARM.Collect$$_printf_percent$$00000016)
    _printf_percent_end                      0x080002b5   Thumb Code     0  _printf_percent_end.o(.ARM.Collect$$_printf_percent$$00000017)
    __rt_lib_init                            0x080002b9   Thumb Code     0  libinit.o(.ARM.Collect$$libinit$$00000000)
    __rt_lib_init_fp_1                       0x080002bb   Thumb Code     0  libinit2.o(.ARM.Collect$$libinit$$00000001)
    __rt_lib_init_heap_1                     0x080002bf   Thumb Code     0  libinit2.o(.ARM.Collect$$libinit$$0000000C)
    __rt_lib_init_lc_common                  0x080002bf   Thumb Code     0  libinit2.o(.ARM.Collect$$libinit$$00000011)
    __rt_lib_init_preinit_1                  0x080002bf   Thumb Code     0  libinit2.o(.ARM.Collect$$libinit$$00000006)
    __rt_lib_init_rand_1                     0x080002bf   Thumb Code     0  libinit2.o(.ARM.Collect$$libinit$$00000010)
    __rt_lib_init_relocate_pie_1             0x080002bf   Thumb Code     0  libinit2.o(.ARM.Collect$$libinit$$00000004)
    __rt_lib_init_user_alloc_1               0x080002bf   Thumb Code     0  libinit2.o(.ARM.Collect$$libinit$$0000000E)
    __rt_lib_init_lc_collate_1               0x080002c5   Thumb Code     0  libinit2.o(.ARM.Collect$$libinit$$00000013)
    __rt_lib_init_lc_ctype_2                 0x080002c5   Thumb Code     0  libinit2.o(.ARM.Collect$$libinit$$00000014)
    __rt_lib_init_lc_ctype_1                 0x080002d1   Thumb Code     0  libinit2.o(.ARM.Collect$$libinit$$00000015)
    __rt_lib_init_lc_monetary_1              0x080002d1   Thumb Code     0  libinit2.o(.ARM.Collect$$libinit$$00000017)
    __rt_lib_init_lc_numeric_2               0x080002d1   Thumb Code     0  libinit2.o(.ARM.Collect$$libinit$$00000018)
    __rt_lib_init_alloca_1                   0x080002db   Thumb Code     0  libinit2.o(.ARM.Collect$$libinit$$00000030)
    __rt_lib_init_argv_1                     0x080002db   Thumb Code     0  libinit2.o(.ARM.Collect$$libinit$$0000002E)
    __rt_lib_init_atexit_1                   0x080002db   Thumb Code     0  libinit2.o(.ARM.Collect$$libinit$$0000001D)
    __rt_lib_init_clock_1                    0x080002db   Thumb Code     0  libinit2.o(.ARM.Collect$$libinit$$00000023)
    __rt_lib_init_cpp_1                      0x080002db   Thumb Code     0  libinit2.o(.ARM.Collect$$libinit$$00000034)
    __rt_lib_init_exceptions_1               0x080002db   Thumb Code     0  libinit2.o(.ARM.Collect$$libinit$$00000032)
    __rt_lib_init_fp_trap_1                  0x080002db   Thumb Code     0  libinit2.o(.ARM.Collect$$libinit$$00000021)
    __rt_lib_init_getenv_1                   0x080002db   Thumb Code     0  libinit2.o(.ARM.Collect$$libinit$$00000025)
    __rt_lib_init_lc_numeric_1               0x080002db   Thumb Code     0  libinit2.o(.ARM.Collect$$libinit$$00000019)
    __rt_lib_init_lc_time_1                  0x080002db   Thumb Code     0  libinit2.o(.ARM.Collect$$libinit$$0000001B)
    __rt_lib_init_return                     0x080002db   Thumb Code     0  libinit2.o(.ARM.Collect$$libinit$$00000035)
    __rt_lib_init_signal_1                   0x080002db   Thumb Code     0  libinit2.o(.ARM.Collect$$libinit$$0000001F)
    __rt_lib_init_stdio_1                    0x080002db   Thumb Code     0  libinit2.o(.ARM.Collect$$libinit$$00000027)
    __rt_lib_shutdown                        0x080002dd   Thumb Code     0  libshutdown.o(.ARM.Collect$$libshutdown$$00000000)
    __rt_lib_shutdown_cpp_1                  0x080002df   Thumb Code     0  libshutdown2.o(.ARM.Collect$$libshutdown$$00000002)
    __rt_lib_shutdown_fp_trap_1              0x080002df   Thumb Code     0  libshutdown2.o(.ARM.Collect$$libshutdown$$00000007)
    __rt_lib_shutdown_heap_1                 0x080002df   Thumb Code     0  libshutdown2.o(.ARM.Collect$$libshutdown$$0000000F)
    __rt_lib_shutdown_return                 0x080002df   Thumb Code     0  libshutdown2.o(.ARM.Collect$$libshutdown$$00000010)
    __rt_lib_shutdown_signal_1               0x080002df   Thumb Code     0  libshutdown2.o(.ARM.Collect$$libshutdown$$0000000A)
    __rt_lib_shutdown_stdio_1                0x080002df   Thumb Code     0  libshutdown2.o(.ARM.Collect$$libshutdown$$00000004)
    __rt_lib_shutdown_user_alloc_1           0x080002df   Thumb Code     0  libshutdown2.o(.ARM.Collect$$libshutdown$$0000000C)
    __rt_entry                               0x080002e1   Thumb Code     0  __rtentry.o(.ARM.Collect$$rtentry$$00000000)
    __rt_entry_presh_1                       0x080002e1   Thumb Code     0  __rtentry2.o(.ARM.Collect$$rtentry$$00000002)
    __rt_entry_sh                            0x080002e1   Thumb Code     0  __rtentry4.o(.ARM.Collect$$rtentry$$00000004)
    __rt_entry_li                            0x080002e7   Thumb Code     0  __rtentry2.o(.ARM.Collect$$rtentry$$0000000A)
    __rt_entry_postsh_1                      0x080002e7   Thumb Code     0  __rtentry2.o(.ARM.Collect$$rtentry$$00000009)
    __rt_entry_main                          0x080002eb   Thumb Code     0  __rtentry2.o(.ARM.Collect$$rtentry$$0000000D)
    __rt_entry_postli_1                      0x080002eb   Thumb Code     0  __rtentry2.o(.ARM.Collect$$rtentry$$0000000C)
    __rt_exit                                0x080002f3   Thumb Code     0  rtexit.o(.ARM.Collect$$rtexit$$00000000)
    __rt_exit_ls                             0x080002f5   Thumb Code     0  rtexit2.o(.ARM.Collect$$rtexit$$00000003)
    __rt_exit_prels_1                        0x080002f5   Thumb Code     0  rtexit2.o(.ARM.Collect$$rtexit$$00000002)
    __rt_exit_exit                           0x080002f9   Thumb Code     0  rtexit2.o(.ARM.Collect$$rtexit$$00000004)
    Reset_Handler                            0x08000301   Thumb Code     8  startup_stm32f401xe.o(.text)
    NMI_Handler                              0x08000309   Thumb Code     2  startup_stm32f401xe.o(.text)
    HardFault_Handler                        0x0800030b   Thumb Code     2  startup_stm32f401xe.o(.text)
    MemManage_Handler                        0x0800030d   Thumb Code     2  startup_stm32f401xe.o(.text)
    BusFault_Handler                         0x0800030f   Thumb Code     2  startup_stm32f401xe.o(.text)
    UsageFault_Handler                       0x08000311   Thumb Code     2  startup_stm32f401xe.o(.text)
    SVC_Handler                              0x08000313   Thumb Code     2  startup_stm32f401xe.o(.text)
    DebugMon_Handler                         0x08000315   Thumb Code     2  startup_stm32f401xe.o(.text)
    PendSV_Handler                           0x08000317   Thumb Code     2  startup_stm32f401xe.o(.text)
    ADC_IRQHandler                           0x0800031b   Thumb Code     0  startup_stm32f401xe.o(.text)
    DMA1_Stream0_IRQHandler                  0x0800031b   Thumb Code     0  startup_stm32f401xe.o(.text)
    DMA1_Stream1_IRQHandler                  0x0800031b   Thumb Code     0  startup_stm32f401xe.o(.text)
    DMA1_Stream2_IRQHandler                  0x0800031b   Thumb Code     0  startup_stm32f401xe.o(.text)
    DMA1_Stream3_IRQHandler                  0x0800031b   Thumb Code     0  startup_stm32f401xe.o(.text)
    DMA1_Stream4_IRQHandler                  0x0800031b   Thumb Code     0  startup_stm32f401xe.o(.text)
    DMA1_Stream5_IRQHandler                  0x0800031b   Thumb Code     0  startup_stm32f401xe.o(.text)
    DMA1_Stream6_IRQHandler                  0x0800031b   Thumb Code     0  startup_stm32f401xe.o(.text)
    DMA1_Stream7_IRQHandler                  0x0800031b   Thumb Code     0  startup_stm32f401xe.o(.text)
    DMA2_Stream0_IRQHandler                  0x0800031b   Thumb Code     0  startup_stm32f401xe.o(.text)
    DMA2_Stream1_IRQHandler                  0x0800031b   Thumb Code     0  startup_stm32f401xe.o(.text)
    DMA2_Stream2_IRQHandler                  0x0800031b   Thumb Code     0  startup_stm32f401xe.o(.text)
    DMA2_Stream3_IRQHandler                  0x0800031b   Thumb Code     0  startup_stm32f401xe.o(.text)
    DMA2_Stream4_IRQHandler                  0x0800031b   Thumb Code     0  startup_stm32f401xe.o(.text)
    DMA2_Stream5_IRQHandler                  0x0800031b   Thumb Code     0  startup_stm32f401xe.o(.text)
    DMA2_Stream6_IRQHandler                  0x0800031b   Thumb Code     0  startup_stm32f401xe.o(.text)
    DMA2_Stream7_IRQHandler                  0x0800031b   Thumb Code     0  startup_stm32f401xe.o(.text)
    EXTI0_IRQHandler                         0x0800031b   Thumb Code     0  startup_stm32f401xe.o(.text)
    EXTI15_10_IRQHandler                     0x0800031b   Thumb Code     0  startup_stm32f401xe.o(.text)
    EXTI1_IRQHandler                         0x0800031b   Thumb Code     0  startup_stm32f401xe.o(.text)
    EXTI2_IRQHandler                         0x0800031b   Thumb Code     0  startup_stm32f401xe.o(.text)
    EXTI3_IRQHandler                         0x0800031b   Thumb Code     0  startup_stm32f401xe.o(.text)
    EXTI4_IRQHandler                         0x0800031b   Thumb Code     0  startup_stm32f401xe.o(.text)
    EXTI9_5_IRQHandler                       0x0800031b   Thumb Code     0  startup_stm32f401xe.o(.text)
    FLASH_IRQHandler                         0x0800031b   Thumb Code     0  startup_stm32f401xe.o(.text)
    FPU_IRQHandler                           0x0800031b   Thumb Code     0  startup_stm32f401xe.o(.text)
    I2C1_ER_IRQHandler                       0x0800031b   Thumb Code     0  startup_stm32f401xe.o(.text)
    I2C1_EV_IRQHandler                       0x0800031b   Thumb Code     0  startup_stm32f401xe.o(.text)
    I2C2_ER_IRQHandler                       0x0800031b   Thumb Code     0  startup_stm32f401xe.o(.text)
    I2C2_EV_IRQHandler                       0x0800031b   Thumb Code     0  startup_stm32f401xe.o(.text)
    I2C3_ER_IRQHandler                       0x0800031b   Thumb Code     0  startup_stm32f401xe.o(.text)
    I2C3_EV_IRQHandler                       0x0800031b   Thumb Code     0  startup_stm32f401xe.o(.text)
    OTG_FS_IRQHandler                        0x0800031b   Thumb Code     0  startup_stm32f401xe.o(.text)
    OTG_FS_WKUP_IRQHandler                   0x0800031b   Thumb Code     0  startup_stm32f401xe.o(.text)
    PVD_IRQHandler                           0x0800031b   Thumb Code     0  startup_stm32f401xe.o(.text)
    RCC_IRQHandler                           0x0800031b   Thumb Code     0  startup_stm32f401xe.o(.text)
    RTC_Alarm_IRQHandler                     0x0800031b   Thumb Code     0  startup_stm32f401xe.o(.text)
    RTC_WKUP_IRQHandler                      0x0800031b   Thumb Code     0  startup_stm32f401xe.o(.text)
    SDIO_IRQHandler                          0x0800031b   Thumb Code     0  startup_stm32f401xe.o(.text)
    SPI1_IRQHandler                          0x0800031b   Thumb Code     0  startup_stm32f401xe.o(.text)
    SPI2_IRQHandler                          0x0800031b   Thumb Code     0  startup_stm32f401xe.o(.text)
    SPI3_IRQHandler                          0x0800031b   Thumb Code     0  startup_stm32f401xe.o(.text)
    SPI4_IRQHandler                          0x0800031b   Thumb Code     0  startup_stm32f401xe.o(.text)
    TAMP_STAMP_IRQHandler                    0x0800031b   Thumb Code     0  startup_stm32f401xe.o(.text)
    TIM1_BRK_TIM9_IRQHandler                 0x0800031b   Thumb Code     0  startup_stm32f401xe.o(.text)
    TIM1_CC_IRQHandler                       0x0800031b   Thumb Code     0  startup_stm32f401xe.o(.text)
    TIM1_TRG_COM_TIM11_IRQHandler            0x0800031b   Thumb Code     0  startup_stm32f401xe.o(.text)
    TIM1_UP_TIM10_IRQHandler                 0x0800031b   Thumb Code     0  startup_stm32f401xe.o(.text)
    TIM2_IRQHandler                          0x0800031b   Thumb Code     0  startup_stm32f401xe.o(.text)
    TIM3_IRQHandler                          0x0800031b   Thumb Code     0  startup_stm32f401xe.o(.text)
    TIM4_IRQHandler                          0x0800031b   Thumb Code     0  startup_stm32f401xe.o(.text)
    USART1_IRQHandler                        0x0800031b   Thumb Code     0  startup_stm32f401xe.o(.text)
    USART2_IRQHandler                        0x0800031b   Thumb Code     0  startup_stm32f401xe.o(.text)
    USART6_IRQHandler                        0x0800031b   Thumb Code     0  startup_stm32f401xe.o(.text)
    WWDG_IRQHandler                          0x0800031b   Thumb Code     0  startup_stm32f401xe.o(.text)
    __user_initial_stackheap                 0x0800031d   Thumb Code     0  startup_stm32f401xe.o(.text)
    sprintf                                  0x08000341   Thumb Code    38  sprintf.o(.text)
    strlen                                   0x0800036d   Thumb Code    62  strlen.o(.text)
    __aeabi_memclr                           0x080003ab   Thumb Code     0  rt_memclr.o(.text)
    __rt_memclr                              0x080003ab   Thumb Code     0  rt_memclr.o(.text)
    _memset                                  0x080003af   Thumb Code    64  rt_memclr.o(.text)
    __use_two_region_memory                  0x080003ef   Thumb Code     2  heapauxi.o(.text)
    __rt_heap_escrow$2region                 0x080003f1   Thumb Code     2  heapauxi.o(.text)
    __rt_heap_expand$2region                 0x080003f3   Thumb Code     2  heapauxi.o(.text)
    __read_errno                             0x080003f5   Thumb Code    10  _rserrno.o(.text)
    __set_errno                              0x080003ff   Thumb Code    12  _rserrno.o(.text)
    _printf_pre_padding                      0x0800040b   Thumb Code    44  _printf_pad.o(.text)
    _printf_post_padding                     0x08000437   Thumb Code    34  _printf_pad.o(.text)
    _printf_truncate_signed                  0x08000459   Thumb Code    18  _printf_truncate.o(.text)
    _printf_truncate_unsigned                0x0800046b   Thumb Code    18  _printf_truncate.o(.text)
    _printf_str                              0x0800047d   Thumb Code    82  _printf_str.o(.text)
    _printf_int_dec                          0x080004d1   Thumb Code   104  _printf_dec.o(.text)
    _printf_charcount                        0x08000549   Thumb Code    40  _printf_charcount.o(.text)
    _printf_char_common                      0x0800057b   Thumb Code    32  _printf_char_common.o(.text)
    _sputc                                   0x080005a1   Thumb Code    10  _sputc.o(.text)
    _printf_wctomb                           0x080005ad   Thumb Code   182  _printf_wctomb.o(.text)
    _printf_longlong_dec                     0x08000669   Thumb Code   108  _printf_longlong_dec.o(.text)
    _printf_longlong_oct                     0x080006e5   Thumb Code    68  _printf_oct_int_ll.o(.text)
    _printf_int_oct                          0x08000729   Thumb Code    24  _printf_oct_int_ll.o(.text)
    _printf_ll_oct                           0x08000741   Thumb Code    12  _printf_oct_int_ll.o(.text)
    _printf_longlong_hex                     0x08000755   Thumb Code    86  _printf_hex_int_ll_ptr.o(.text)
    _printf_int_hex                          0x080007ab   Thumb Code    28  _printf_hex_int_ll_ptr.o(.text)
    _printf_ll_hex                           0x080007c7   Thumb Code    12  _printf_hex_int_ll_ptr.o(.text)
    _printf_hex_ptr                          0x080007d3   Thumb Code    18  _printf_hex_int_ll_ptr.o(.text)
    __printf                                 0x080007e9   Thumb Code   388  __printf_flags_ss_wp.o(.text)
    __aeabi_memclr4                          0x08000971   Thumb Code     0  rt_memclr_w.o(.text)
    __aeabi_memclr8                          0x08000971   Thumb Code     0  rt_memclr_w.o(.text)
    __rt_memclr_w                            0x08000971   Thumb Code     0  rt_memclr_w.o(.text)
    _memset_w                                0x08000975   Thumb Code    74  rt_memclr_w.o(.text)
    __aeabi_errno_addr                       0x080009c1   Thumb Code     8  rt_errno_addr_intlibspace.o(.text)
    __errno$intlibspace                      0x080009c1   Thumb Code     0  rt_errno_addr_intlibspace.o(.text)
    __rt_errno_addr$intlibspace              0x080009c1   Thumb Code     0  rt_errno_addr_intlibspace.o(.text)
    _ll_udiv10                               0x080009c9   Thumb Code   138  lludiv10.o(.text)
    _printf_int_common                       0x08000a53   Thumb Code   178  _printf_intcommon.o(.text)
    _printf_fp_dec_real                      0x08000cb5   Thumb Code   620  _printf_fp_dec.o(.text)
    _printf_fp_hex_real                      0x08000f21   Thumb Code   756  _printf_fp_hex.o(.text)
    _printf_cs_common                        0x0800121d   Thumb Code    20  _printf_char.o(.text)
    _printf_char                             0x08001231   Thumb Code    16  _printf_char.o(.text)
    _printf_string                           0x08001241   Thumb Code     8  _printf_char.o(.text)
    _printf_lcs_common                       0x08001249   Thumb Code    20  _printf_wchar.o(.text)
    _printf_wchar                            0x0800125d   Thumb Code    16  _printf_wchar.o(.text)
    _printf_wstring                          0x0800126d   Thumb Code     8  _printf_wchar.o(.text)
    _c16rtomb                                0x08001275   Thumb Code    72  _c16rtomb.o(.text)
    _wcrtomb                                 0x08001275   Thumb Code     0  _c16rtomb.o(.text)
    __user_libspace                          0x080012bd   Thumb Code     8  libspace.o(.text)
    __user_perproc_libspace                  0x080012bd   Thumb Code     0  libspace.o(.text)
    __user_perthread_libspace                0x080012bd   Thumb Code     0  libspace.o(.text)
    __user_setup_stackheap                   0x080012c5   Thumb Code    74  sys_stackheap_outer.o(.text)
    __rt_ctype_table                         0x08001311   Thumb Code    16  rt_ctype_table.o(.text)
    __rt_locale                              0x08001321   Thumb Code     8  rt_locale_intlibspace.o(.text)
    _printf_fp_infnan                        0x08001329   Thumb Code   112  _printf_fp_infnan.o(.text)
    _btod_etento                             0x080013a9   Thumb Code   224  bigflt0.o(.text)
    exit                                     0x0800148d   Thumb Code    18  exit.o(.text)
    strcmp                                   0x080014a1   Thumb Code   124  strcmpv7em.o(.text)
    _sys_exit                                0x0800151d   Thumb Code     8  sys_exit.o(.text)
    __I$use$semihosting                      0x08001529   Thumb Code     0  use_no_semi.o(.text)
    __use_no_semihosting_swi                 0x08001529   Thumb Code     2  use_no_semi.o(.text)
    __semihosting_library_function           0x0800152b   Thumb Code     0  indicate_semi.o(.text)
    HAL_Delay                                0x0800152d   Thumb Code    66  stm32f4xx_hal.o(.text.HAL_Delay)
    HAL_GPIO_Init                            0x08001571   Thumb Code   866  stm32f4xx_hal_gpio.o(.text.HAL_GPIO_Init)
    HAL_GPIO_TogglePin                       0x080018d5   Thumb Code    38  stm32f4xx_hal_gpio.o(.text.HAL_GPIO_TogglePin)
    HAL_GPIO_WritePin                        0x080018fd   Thumb Code    46  stm32f4xx_hal_gpio.o(.text.HAL_GPIO_WritePin)
    HAL_GetTick                              0x0800192d   Thumb Code    12  stm32f4xx_hal.o(.text.HAL_GetTick)
    HAL_IncTick                              0x08001939   Thumb Code    26  stm32f4xx_hal.o(.text.HAL_IncTick)
    HAL_Init                                 0x08001955   Thumb Code    46  stm32f4xx_hal.o(.text.HAL_Init)
    HAL_InitTick                             0x08001985   Thumb Code   112  stm32f4xx_hal.o(.text.HAL_InitTick)
    HAL_MspInit                              0x080019f5   Thumb Code     2  stm32f4xx_hal.o(.text.HAL_MspInit)
    HAL_NVIC_SetPriority                     0x080019f9   Thumb Code    50  stm32f4xx_hal_cortex.o(.text.HAL_NVIC_SetPriority)
    HAL_NVIC_SetPriorityGrouping             0x08001a2d   Thumb Code    16  stm32f4xx_hal_cortex.o(.text.HAL_NVIC_SetPriorityGrouping)
    HAL_SYSTICK_Config                       0x08001a3d   Thumb Code    16  stm32f4xx_hal_cortex.o(.text.HAL_SYSTICK_Config)
    LCD_Clear                                0x08001a4d   Thumb Code    16  lcd.o(.text.LCD_Clear)
    LCD_Delay_ms                             0x08001ba5   Thumb Code    20  lcd.o(.text.LCD_Delay_ms)
    LCD_Delay_us                             0x08001bb9   Thumb Code   124  lcd.o(.text.LCD_Delay_us)
    LCD_DisplayOn                            0x08001c35   Thumb Code    30  lcd.o(.text.LCD_DisplayOn)
    LCD_Init                                 0x08001c55   Thumb Code   280  lcd.o(.text.LCD_Init)
    LCD_Puts                                 0x08001d6d   Thumb Code   182  lcd.o(.text.LCD_Puts)
    SysTick_Handler                          0x08001ee5   Thumb Code     8  main.o(.text.SysTick_Handler)
    SystemCoreClockUpdate                    0x08001eed   Thumb Code   302  system_stm32f4xx.o(.text.SystemCoreClockUpdate)
    SystemInit                               0x0800201d   Thumb Code    18  system_stm32f4xx.o(.text.SystemInit)
    TIM5_Delay_us                            0x08002031   Thumb Code   164  main.o(.text.TIM5_Delay_us)
    TIM5_IRQHandler                          0x080020d5   Thumb Code    50  main.o(.text.TIM5_IRQHandler)
    UARTReceive                              0x08002109   Thumb Code   116  main.o(.text.UARTReceive)
    binOnOutput16Bit                         0x08002241   Thumb Code  2496  main.o(.text.binOnOutput16Bit)
    main                                     0x08002c01   Thumb Code  2258  main.o(.text.main)
    _btod_d2e                                0x080034d3   Thumb Code    62  btod.o(CL$$btod_d2e)
    _d2e_denorm_low                          0x08003511   Thumb Code    70  btod.o(CL$$btod_d2e_denorm_low)
    _d2e_norm_op1                            0x08003557   Thumb Code    96  btod.o(CL$$btod_d2e_norm_op1)
    __btod_div_common                        0x080035b9   Thumb Code   696  btod.o(CL$$btod_div_common)
    _e2e                                     0x080038f1   Thumb Code   220  btod.o(CL$$btod_e2e)
    _btod_ediv                               0x080039cd   Thumb Code    42  btod.o(CL$$btod_ediv)
    _btod_emul                               0x080039f7   Thumb Code    42  btod.o(CL$$btod_emul)
    __btod_mult_common                       0x08003a21   Thumb Code   580  btod.o(CL$$btod_mult_common)
    __ARM_fpclassify                         0x08003c65   Thumb Code    48  fpclassify.o(i.__ARM_fpclassify)
    __hardfp_pow                             0x08003c99   Thumb Code  3088  pow.o(i.__hardfp_pow)
    __kernel_poly                            0x080048f9   Thumb Code   248  poly.o(i.__kernel_poly)
    __mathlib_dbl_divzero                    0x080049f1   Thumb Code    28  dunder.o(i.__mathlib_dbl_divzero)
    __mathlib_dbl_infnan2                    0x08004a21   Thumb Code    20  dunder.o(i.__mathlib_dbl_infnan2)
    __mathlib_dbl_invalid                    0x08004a39   Thumb Code    24  dunder.o(i.__mathlib_dbl_invalid)
    __mathlib_dbl_overflow                   0x08004a59   Thumb Code    24  dunder.o(i.__mathlib_dbl_overflow)
    __mathlib_dbl_underflow                  0x08004a79   Thumb Code    24  dunder.o(i.__mathlib_dbl_underflow)
    _is_digit                                0x08004a99   Thumb Code    14  __printf_wp.o(i._is_digit)
    fabs                                     0x08004aa7   Thumb Code    24  fabs.o(i.fabs)
    sqrt                                     0x08004abf   Thumb Code   110  sqrt.o(i.sqrt)
    _get_lc_numeric                          0x08004b2d   Thumb Code    44  lc_numeric_c.o(locale$$code)
    _get_lc_ctype                            0x08004b59   Thumb Code    44  lc_ctype_c.o(locale$$code)
    __aeabi_dneg                             0x08004b85   Thumb Code     0  basic.o(x$fpl$basic)
    _dneg                                    0x08004b85   Thumb Code     6  basic.o(x$fpl$basic)
    __aeabi_fneg                             0x08004b8b   Thumb Code     0  basic.o(x$fpl$basic)
    _fneg                                    0x08004b8b   Thumb Code     6  basic.o(x$fpl$basic)
    _dabs                                    0x08004b91   Thumb Code     6  basic.o(x$fpl$basic)
    _fabs                                    0x08004b97   Thumb Code     6  basic.o(x$fpl$basic)
    __aeabi_dadd                             0x08004b9d   Thumb Code     0  daddsub_clz.o(x$fpl$dadd)
    _dadd                                    0x08004b9d   Thumb Code   332  daddsub_clz.o(x$fpl$dadd)
    __fpl_dcheck_NaN1                        0x08004ced   Thumb Code    10  dcheck1.o(x$fpl$dcheck1)
    __fpl_dcmp_Inf                           0x08004cfd   Thumb Code    24  dcmpi.o(x$fpl$dcmpinf)
    __aeabi_ddiv                             0x08004d15   Thumb Code     0  ddiv.o(x$fpl$ddiv)
    _ddiv                                    0x08004d15   Thumb Code   556  ddiv.o(x$fpl$ddiv)
    __aeabi_cdcmpeq                          0x08004fc9   Thumb Code     0  deqf.o(x$fpl$deqf)
    _dcmpeq                                  0x08004fc9   Thumb Code   120  deqf.o(x$fpl$deqf)
    __aeabi_d2iz                             0x08005041   Thumb Code     0  dfix.o(x$fpl$dfix)
    _dfix                                    0x08005041   Thumb Code    94  dfix.o(x$fpl$dfix)
    __aeabi_i2d                              0x0800509f   Thumb Code     0  dflt_clz.o(x$fpl$dflt)
    _dflt                                    0x0800509f   Thumb Code    46  dflt_clz.o(x$fpl$dflt)
    __aeabi_cdcmpge                          0x080050cd   Thumb Code     0  dgeqf.o(x$fpl$dgeqf)
    _dcmpge                                  0x080050cd   Thumb Code   120  dgeqf.o(x$fpl$dgeqf)
    __aeabi_cdcmple                          0x08005145   Thumb Code     0  dleqf.o(x$fpl$dleqf)
    _dcmple                                  0x08005145   Thumb Code   120  dleqf.o(x$fpl$dleqf)
    __fpl_dcmple_InfNaN                      0x080051a7   Thumb Code     0  dleqf.o(x$fpl$dleqf)
    __aeabi_dmul                             0x080051bd   Thumb Code     0  dmul.o(x$fpl$dmul)
    _dmul                                    0x080051bd   Thumb Code   332  dmul.o(x$fpl$dmul)
    __fpl_dnaninf                            0x08005311   Thumb Code   156  dnaninf.o(x$fpl$dnaninf)
    __fpl_dretinf                            0x080053ad   Thumb Code    12  dretinf.o(x$fpl$dretinf)
    __aeabi_cdrcmple                         0x080053b9   Thumb Code     0  drleqf.o(x$fpl$drleqf)
    _drcmple                                 0x080053b9   Thumb Code   108  drleqf.o(x$fpl$drleqf)
    __aeabi_drsub                            0x08005425   Thumb Code     0  daddsub_clz.o(x$fpl$drsb)
    _drsb                                    0x08005425   Thumb Code    22  daddsub_clz.o(x$fpl$drsb)
    _dsqrt                                   0x0800543d   Thumb Code   404  dsqrt_umaal.o(x$fpl$dsqrt)
    __aeabi_dsub                             0x080055d5   Thumb Code     0  daddsub_clz.o(x$fpl$dsub)
    _dsub                                    0x080055d5   Thumb Code   472  daddsub_clz.o(x$fpl$dsub)
    __aeabi_dcmpeq                           0x080057b1   Thumb Code     0  dcmp.o(x$fpl$fcmp)
    _deq                                     0x080057b1   Thumb Code    14  dcmp.o(x$fpl$fcmp)
    _dneq                                    0x080057bf   Thumb Code    14  dcmp.o(x$fpl$fcmp)
    __aeabi_dcmpgt                           0x080057cd   Thumb Code     0  dcmp.o(x$fpl$fcmp)
    _dgr                                     0x080057cd   Thumb Code    14  dcmp.o(x$fpl$fcmp)
    __aeabi_dcmpge                           0x080057db   Thumb Code     0  dcmp.o(x$fpl$fcmp)
    _dgeq                                    0x080057db   Thumb Code    14  dcmp.o(x$fpl$fcmp)
    __aeabi_dcmple                           0x080057e9   Thumb Code     0  dcmp.o(x$fpl$fcmp)
    _dleq                                    0x080057e9   Thumb Code    14  dcmp.o(x$fpl$fcmp)
    __aeabi_dcmplt                           0x080057f7   Thumb Code     0  dcmp.o(x$fpl$fcmp)
    _dls                                     0x080057f7   Thumb Code    14  dcmp.o(x$fpl$fcmp)
    _fp_init                                 0x08005805   Thumb Code    26  fpinit.o(x$fpl$fpinit)
    __fplib_config_fpu_vfp                   0x0800581d   Thumb Code     0  fpinit.o(x$fpl$fpinit)
    __fplib_config_pureend_doubles           0x0800581d   Thumb Code     0  fpinit.o(x$fpl$fpinit)
    _printf_fp_dec                           0x0800581f   Thumb Code     4  printf1.o(x$fpl$printf1)
    _printf_fp_hex                           0x08005823   Thumb Code     4  printf2.o(x$fpl$printf2)
    __fpl_return_NaN                         0x08005827   Thumb Code   100  retnan.o(x$fpl$retnan)
    __ARM_scalbn                             0x0800588b   Thumb Code    92  scalbn.o(x$fpl$scalbn)
    __fpl_cmpreturn                          0x080058e7   Thumb Code    48  trapv.o(x$fpl$trapveneer)
    __I$use$fp                               0x08005916   Number         0  usenofp.o(x$fpl$usenofp)
    __mathlib_zero                           0x080059e8   Data           8  qnan.o(.constdata)
    AHBPrescTable                            0x08005aac   Data          16  system_stm32f4xx.o(.rodata.AHBPrescTable)
    Region$$Table$$Base                      0x08005ac4   Number         0  anon$$obj.o(Region$$Table)
    Region$$Table$$Limit                     0x08005ae4   Number         0  anon$$obj.o(Region$$Table)
    __ctype                                  0x08005b0d   Data           0  lc_ctype_c.o(locale$$data)
    SystemCoreClock                          0x20000000   Data           4  system_stm32f4xx.o(.data.SystemCoreClock)
    counter5                                 0x20000004   Data           4  main.o(.data.counter5)
    programState                             0x20000290   Data           4  main.o(.data.programState)
    psc5                                     0x20000294   Data           4  main.o(.data.psc5)
    selectedFreq                             0x20000298   Data           4  main.o(.data.selectedFreq)
    uwTickFreq                               0x2000029c   Data           1  stm32f4xx_hal.o(.data.uwTickFreq)
    uwTickPrio                               0x200002a0   Data           4  stm32f4xx_hal.o(.data.uwTickPrio)
    __libspace_start                         0x200002a8   Data          96  libspace.o(.bss)
    __temporary_stack_top$libspace           0x20000308   Data           0  libspace.o(.bss)
    Overflow_Counter                         0x20000310   Data           4  main.o(.bss.Overflow_Counter)
    lcd                                      0x20000314   Data          32  main.o(.bss.lcd)
    uwTick                                   0x20000334   Data           4  stm32f4xx_hal.o(.bss.uwTick)



==============================================================================

Memory Map of the image

  Image Entry point : 0x08000195

  Load Region LR_IROM1 (Base: 0x08000000, Size: 0x00005eb8, Max: 0x00080000, ABSOLUTE, COMPRESSED[0x00005dc0])

    Execution Region ER_IROM1 (Exec base: 0x08000000, Load base: 0x08000000, Size: 0x00005c10, Max: 0x00080000, ABSOLUTE)

    Exec Addr    Load Addr    Size         Type   Attr      Idx    E Section Name        Object

    0x08000000   0x08000000   0x00000194   Data   RO          396    RESET               startup_stm32f401xe.o
    0x08000194   0x08000194   0x00000008   Code   RO          429  * !!!main             c_w.l(__main.o)
    0x0800019c   0x0800019c   0x00000034   Code   RO          873    !!!scatter          c_w.l(__scatter.o)
    0x080001d0   0x080001d0   0x0000003a   Code   RO          871    !!dczerorl          c_w.l(__dczerorl.o)
    0x0800020a   0x0800020a   0x00000002   PAD
    0x0800020c   0x0800020c   0x0000001c   Code   RO          875    !!handler_zi        c_w.l(__scatter_zi.o)
    0x08000228   0x08000228   0x00000000   Code   RO          544    .ARM.Collect$$_printf_percent$$00000000  c_w.l(_printf_percent.o)
    0x08000228   0x08000228   0x00000006   Code   RO          533    .ARM.Collect$$_printf_percent$$00000001  c_w.l(_printf_n.o)
    0x0800022e   0x0800022e   0x00000006   Code   RO          535    .ARM.Collect$$_printf_percent$$00000002  c_w.l(_printf_p.o)
    0x08000234   0x08000234   0x00000006   Code   RO          540    .ARM.Collect$$_printf_percent$$00000003  c_w.l(_printf_f.o)
    0x0800023a   0x0800023a   0x00000006   Code   RO          541    .ARM.Collect$$_printf_percent$$00000004  c_w.l(_printf_e.o)
    0x08000240   0x08000240   0x00000006   Code   RO          542    .ARM.Collect$$_printf_percent$$00000005  c_w.l(_printf_g.o)
    0x08000246   0x08000246   0x00000006   Code   RO          543    .ARM.Collect$$_printf_percent$$00000006  c_w.l(_printf_a.o)
    0x0800024c   0x0800024c   0x0000000a   Code   RO          548    .ARM.Collect$$_printf_percent$$00000007  c_w.l(_printf_ll.o)
    0x08000256   0x08000256   0x00000006   Code   RO          537    .ARM.Collect$$_printf_percent$$00000008  c_w.l(_printf_i.o)
    0x0800025c   0x0800025c   0x00000006   Code   RO          538    .ARM.Collect$$_printf_percent$$00000009  c_w.l(_printf_d.o)
    0x08000262   0x08000262   0x00000006   Code   RO          539    .ARM.Collect$$_printf_percent$$0000000A  c_w.l(_printf_u.o)
    0x08000268   0x08000268   0x00000006   Code   RO          536    .ARM.Collect$$_printf_percent$$0000000B  c_w.l(_printf_o.o)
    0x0800026e   0x0800026e   0x00000006   Code   RO          534    .ARM.Collect$$_printf_percent$$0000000C  c_w.l(_printf_x.o)
    0x08000274   0x08000274   0x00000006   Code   RO          545    .ARM.Collect$$_printf_percent$$0000000D  c_w.l(_printf_lli.o)
    0x0800027a   0x0800027a   0x00000006   Code   RO          546    .ARM.Collect$$_printf_percent$$0000000E  c_w.l(_printf_lld.o)
    0x08000280   0x08000280   0x00000006   Code   RO          547    .ARM.Collect$$_printf_percent$$0000000F  c_w.l(_printf_llu.o)
    0x08000286   0x08000286   0x00000006   Code   RO          552    .ARM.Collect$$_printf_percent$$00000010  c_w.l(_printf_llo.o)
    0x0800028c   0x0800028c   0x00000006   Code   RO          553    .ARM.Collect$$_printf_percent$$00000011  c_w.l(_printf_llx.o)
    0x08000292   0x08000292   0x0000000a   Code   RO          549    .ARM.Collect$$_printf_percent$$00000012  c_w.l(_printf_l.o)
    0x0800029c   0x0800029c   0x00000006   Code   RO          531    .ARM.Collect$$_printf_percent$$00000013  c_w.l(_printf_c.o)
    0x080002a2   0x080002a2   0x00000006   Code   RO          532    .ARM.Collect$$_printf_percent$$00000014  c_w.l(_printf_s.o)
    0x080002a8   0x080002a8   0x00000006   Code   RO          550    .ARM.Collect$$_printf_percent$$00000015  c_w.l(_printf_lc.o)
    0x080002ae   0x080002ae   0x00000006   Code   RO          551    .ARM.Collect$$_printf_percent$$00000016  c_w.l(_printf_ls.o)
    0x080002b4   0x080002b4   0x00000004   Code   RO          657    .ARM.Collect$$_printf_percent$$00000017  c_w.l(_printf_percent_end.o)
    0x080002b8   0x080002b8   0x00000002   Code   RO          721    .ARM.Collect$$libinit$$00000000  c_w.l(libinit.o)
    0x080002ba   0x080002ba   0x00000004   Code   RO          741    .ARM.Collect$$libinit$$00000001  c_w.l(libinit2.o)
    0x080002be   0x080002be   0x00000000   Code   RO          744    .ARM.Collect$$libinit$$00000004  c_w.l(libinit2.o)
    0x080002be   0x080002be   0x00000000   Code   RO          746    .ARM.Collect$$libinit$$00000006  c_w.l(libinit2.o)
    0x080002be   0x080002be   0x00000000   Code   RO          749    .ARM.Collect$$libinit$$0000000C  c_w.l(libinit2.o)
    0x080002be   0x080002be   0x00000000   Code   RO          751    .ARM.Collect$$libinit$$0000000E  c_w.l(libinit2.o)
    0x080002be   0x080002be   0x00000000   Code   RO          753    .ARM.Collect$$libinit$$00000010  c_w.l(libinit2.o)
    0x080002be   0x080002be   0x00000006   Code   RO          754    .ARM.Collect$$libinit$$00000011  c_w.l(libinit2.o)
    0x080002c4   0x080002c4   0x00000000   Code   RO          756    .ARM.Collect$$libinit$$00000013  c_w.l(libinit2.o)
    0x080002c4   0x080002c4   0x0000000c   Code   RO          757    .ARM.Collect$$libinit$$00000014  c_w.l(libinit2.o)
    0x080002d0   0x080002d0   0x00000000   Code   RO          758    .ARM.Collect$$libinit$$00000015  c_w.l(libinit2.o)
    0x080002d0   0x080002d0   0x00000000   Code   RO          760    .ARM.Collect$$libinit$$00000017  c_w.l(libinit2.o)
    0x080002d0   0x080002d0   0x0000000a   Code   RO          761    .ARM.Collect$$libinit$$00000018  c_w.l(libinit2.o)
    0x080002da   0x080002da   0x00000000   Code   RO          762    .ARM.Collect$$libinit$$00000019  c_w.l(libinit2.o)
    0x080002da   0x080002da   0x00000000   Code   RO          764    .ARM.Collect$$libinit$$0000001B  c_w.l(libinit2.o)
    0x080002da   0x080002da   0x00000000   Code   RO          766    .ARM.Collect$$libinit$$0000001D  c_w.l(libinit2.o)
    0x080002da   0x080002da   0x00000000   Code   RO          768    .ARM.Collect$$libinit$$0000001F  c_w.l(libinit2.o)
    0x080002da   0x080002da   0x00000000   Code   RO          770    .ARM.Collect$$libinit$$00000021  c_w.l(libinit2.o)
    0x080002da   0x080002da   0x00000000   Code   RO          772    .ARM.Collect$$libinit$$00000023  c_w.l(libinit2.o)
    0x080002da   0x080002da   0x00000000   Code   RO          774    .ARM.Collect$$libinit$$00000025  c_w.l(libinit2.o)
    0x080002da   0x080002da   0x00000000   Code   RO          776    .ARM.Collect$$libinit$$00000027  c_w.l(libinit2.o)
    0x080002da   0x080002da   0x00000000   Code   RO          780    .ARM.Collect$$libinit$$0000002E  c_w.l(libinit2.o)
    0x080002da   0x080002da   0x00000000   Code   RO          782    .ARM.Collect$$libinit$$00000030  c_w.l(libinit2.o)
    0x080002da   0x080002da   0x00000000   Code   RO          784    .ARM.Collect$$libinit$$00000032  c_w.l(libinit2.o)
    0x080002da   0x080002da   0x00000000   Code   RO          786    .ARM.Collect$$libinit$$00000034  c_w.l(libinit2.o)
    0x080002da   0x080002da   0x00000002   Code   RO          787    .ARM.Collect$$libinit$$00000035  c_w.l(libinit2.o)
    0x080002dc   0x080002dc   0x00000002   Code   RO          826    .ARM.Collect$$libshutdown$$00000000  c_w.l(libshutdown.o)
    0x080002de   0x080002de   0x00000000   Code   RO          854    .ARM.Collect$$libshutdown$$00000002  c_w.l(libshutdown2.o)
    0x080002de   0x080002de   0x00000000   Code   RO          856    .ARM.Collect$$libshutdown$$00000004  c_w.l(libshutdown2.o)
    0x080002de   0x080002de   0x00000000   Code   RO          859    .ARM.Collect$$libshutdown$$00000007  c_w.l(libshutdown2.o)
    0x080002de   0x080002de   0x00000000   Code   RO          862    .ARM.Collect$$libshutdown$$0000000A  c_w.l(libshutdown2.o)
    0x080002de   0x080002de   0x00000000   Code   RO          864    .ARM.Collect$$libshutdown$$0000000C  c_w.l(libshutdown2.o)
    0x080002de   0x080002de   0x00000000   Code   RO          867    .ARM.Collect$$libshutdown$$0000000F  c_w.l(libshutdown2.o)
    0x080002de   0x080002de   0x00000002   Code   RO          868    .ARM.Collect$$libshutdown$$00000010  c_w.l(libshutdown2.o)
    0x080002e0   0x080002e0   0x00000000   Code   RO          456    .ARM.Collect$$rtentry$$00000000  c_w.l(__rtentry.o)
    0x080002e0   0x080002e0   0x00000000   Code   RO          619    .ARM.Collect$$rtentry$$00000002  c_w.l(__rtentry2.o)
    0x080002e0   0x080002e0   0x00000006   Code   RO          631    .ARM.Collect$$rtentry$$00000004  c_w.l(__rtentry4.o)
    0x080002e6   0x080002e6   0x00000000   Code   RO          621    .ARM.Collect$$rtentry$$00000009  c_w.l(__rtentry2.o)
    0x080002e6   0x080002e6   0x00000004   Code   RO          622    .ARM.Collect$$rtentry$$0000000A  c_w.l(__rtentry2.o)
    0x080002ea   0x080002ea   0x00000000   Code   RO          624    .ARM.Collect$$rtentry$$0000000C  c_w.l(__rtentry2.o)
    0x080002ea   0x080002ea   0x00000008   Code   RO          625    .ARM.Collect$$rtentry$$0000000D  c_w.l(__rtentry2.o)
    0x080002f2   0x080002f2   0x00000002   Code   RO          726    .ARM.Collect$$rtexit$$00000000  c_w.l(rtexit.o)
    0x080002f4   0x080002f4   0x00000000   Code   RO          795    .ARM.Collect$$rtexit$$00000002  c_w.l(rtexit2.o)
    0x080002f4   0x080002f4   0x00000004   Code   RO          796    .ARM.Collect$$rtexit$$00000003  c_w.l(rtexit2.o)
    0x080002f8   0x080002f8   0x00000006   Code   RO          797    .ARM.Collect$$rtexit$$00000004  c_w.l(rtexit2.o)
    0x080002fe   0x080002fe   0x00000002   PAD
    0x08000300   0x08000300   0x00000040   Code   RO          397    .text               startup_stm32f401xe.o
    0x08000340   0x08000340   0x0000002c   Code   RO          421    .text               c_w.l(sprintf.o)
    0x0800036c   0x0800036c   0x0000003e   Code   RO          423    .text               c_w.l(strlen.o)
    0x080003aa   0x080003aa   0x00000044   Code   RO          425    .text               c_w.l(rt_memclr.o)
    0x080003ee   0x080003ee   0x00000006   Code   RO          427    .text               c_w.l(heapauxi.o)
    0x080003f4   0x080003f4   0x00000016   Code   RO          461    .text               c_w.l(_rserrno.o)
    0x0800040a   0x0800040a   0x0000004e   Code   RO          465    .text               c_w.l(_printf_pad.o)
    0x08000458   0x08000458   0x00000024   Code   RO          467    .text               c_w.l(_printf_truncate.o)
    0x0800047c   0x0800047c   0x00000052   Code   RO          469    .text               c_w.l(_printf_str.o)
    0x080004ce   0x080004ce   0x00000002   PAD
    0x080004d0   0x080004d0   0x00000078   Code   RO          471    .text               c_w.l(_printf_dec.o)
    0x08000548   0x08000548   0x00000028   Code   RO          473    .text               c_w.l(_printf_charcount.o)
    0x08000570   0x08000570   0x00000030   Code   RO          475    .text               c_w.l(_printf_char_common.o)
    0x080005a0   0x080005a0   0x0000000a   Code   RO          477    .text               c_w.l(_sputc.o)
    0x080005aa   0x080005aa   0x00000002   PAD
    0x080005ac   0x080005ac   0x000000bc   Code   RO          479    .text               c_w.l(_printf_wctomb.o)
    0x08000668   0x08000668   0x0000007c   Code   RO          482    .text               c_w.l(_printf_longlong_dec.o)
    0x080006e4   0x080006e4   0x00000070   Code   RO          488    .text               c_w.l(_printf_oct_int_ll.o)
    0x08000754   0x08000754   0x00000094   Code   RO          508    .text               c_w.l(_printf_hex_int_ll_ptr.o)
    0x080007e8   0x080007e8   0x00000188   Code   RO          528    .text               c_w.l(__printf_flags_ss_wp.o)
    0x08000970   0x08000970   0x0000004e   Code   RO          554    .text               c_w.l(rt_memclr_w.o)
    0x080009be   0x080009be   0x00000002   PAD
    0x080009c0   0x080009c0   0x00000008   Code   RO          638    .text               c_w.l(rt_errno_addr_intlibspace.o)
    0x080009c8   0x080009c8   0x0000008a   Code   RO          640    .text               c_w.l(lludiv10.o)
    0x08000a52   0x08000a52   0x000000b2   Code   RO          642    .text               c_w.l(_printf_intcommon.o)
    0x08000b04   0x08000b04   0x0000041c   Code   RO          644    .text               c_w.l(_printf_fp_dec.o)
    0x08000f20   0x08000f20   0x000002fc   Code   RO          648    .text               c_w.l(_printf_fp_hex.o)
    0x0800121c   0x0800121c   0x0000002c   Code   RO          653    .text               c_w.l(_printf_char.o)
    0x08001248   0x08001248   0x0000002c   Code   RO          655    .text               c_w.l(_printf_wchar.o)
    0x08001274   0x08001274   0x00000048   Code   RO          658    .text               c_w.l(_c16rtomb.o)
    0x080012bc   0x080012bc   0x00000008   Code   RO          666    .text               c_w.l(libspace.o)
    0x080012c4   0x080012c4   0x0000004a   Code   RO          669    .text               c_w.l(sys_stackheap_outer.o)
    0x0800130e   0x0800130e   0x00000002   PAD
    0x08001310   0x08001310   0x00000010   Code   RO          671    .text               c_w.l(rt_ctype_table.o)
    0x08001320   0x08001320   0x00000008   Code   RO          676    .text               c_w.l(rt_locale_intlibspace.o)
    0x08001328   0x08001328   0x00000080   Code   RO          678    .text               c_w.l(_printf_fp_infnan.o)
    0x080013a8   0x080013a8   0x000000e4   Code   RO          680    .text               c_w.l(bigflt0.o)
    0x0800148c   0x0800148c   0x00000012   Code   RO          710    .text               c_w.l(exit.o)
    0x0800149e   0x0800149e   0x00000002   PAD
    0x080014a0   0x080014a0   0x0000007c   Code   RO          739    .text               c_w.l(strcmpv7em.o)
    0x0800151c   0x0800151c   0x0000000c   Code   RO          790    .text               c_w.l(sys_exit.o)
    0x08001528   0x08001528   0x00000002   Code   RO          815    .text               c_w.l(use_no_semi.o)
    0x0800152a   0x0800152a   0x00000000   Code   RO          817    .text               c_w.l(indicate_semi.o)
    0x0800152a   0x0800152a   0x00000002   PAD
    0x0800152c   0x0800152c   0x00000042   Code   RO          135    .text.HAL_Delay     stm32f4xx_hal.o
    0x0800156e   0x0800156e   0x00000002   PAD
    0x08001570   0x08001570   0x00000362   Code   RO          250    .text.HAL_GPIO_Init  stm32f4xx_hal_gpio.o
    0x080018d2   0x080018d2   0x00000002   PAD
    0x080018d4   0x080018d4   0x00000026   Code   RO          258    .text.HAL_GPIO_TogglePin  stm32f4xx_hal_gpio.o
    0x080018fa   0x080018fa   0x00000002   PAD
    0x080018fc   0x080018fc   0x0000002e   Code   RO          256    .text.HAL_GPIO_WritePin  stm32f4xx_hal_gpio.o
    0x0800192a   0x0800192a   0x00000002   PAD
    0x0800192c   0x0800192c   0x0000000c   Code   RO          127    .text.HAL_GetTick   stm32f4xx_hal.o
    0x08001938   0x08001938   0x0000001a   Code   RO          125    .text.HAL_IncTick   stm32f4xx_hal.o
    0x08001952   0x08001952   0x00000002   PAD
    0x08001954   0x08001954   0x0000002e   Code   RO          115    .text.HAL_Init      stm32f4xx_hal.o
    0x08001982   0x08001982   0x00000002   PAD
    0x08001984   0x08001984   0x00000070   Code   RO          117    .text.HAL_InitTick  stm32f4xx_hal.o
    0x080019f4   0x080019f4   0x00000002   Code   RO          119    .text.HAL_MspInit   stm32f4xx_hal.o
    0x080019f6   0x080019f6   0x00000002   PAD
    0x080019f8   0x080019f8   0x00000032   Code   RO          183    .text.HAL_NVIC_SetPriority  stm32f4xx_hal_cortex.o
    0x08001a2a   0x08001a2a   0x00000002   PAD
    0x08001a2c   0x08001a2c   0x00000010   Code   RO          179    .text.HAL_NVIC_SetPriorityGrouping  stm32f4xx_hal_cortex.o
    0x08001a3c   0x08001a3c   0x00000010   Code   RO          203    .text.HAL_SYSTICK_Config  stm32f4xx_hal_cortex.o
    0x08001a4c   0x08001a4c   0x00000010   Code   RO           54    .text.LCD_Clear     lcd.o
    0x08001a5c   0x08001a5c   0x00000032   Code   RO           50    .text.LCD_Cmd       lcd.o
    0x08001a8e   0x08001a8e   0x00000002   PAD
    0x08001a90   0x08001a90   0x00000088   Code   RO           48    .text.LCD_Cmd4bit   lcd.o
    0x08001b18   0x08001b18   0x00000058   Code   RO           58    .text.LCD_CursorSet  lcd.o
    0x08001b70   0x08001b70   0x00000032   Code   RO           60    .text.LCD_Data      lcd.o
    0x08001ba2   0x08001ba2   0x00000002   PAD
    0x08001ba4   0x08001ba4   0x00000014   Code   RO           44    .text.LCD_Delay_ms  lcd.o
    0x08001bb8   0x08001bb8   0x0000007c   Code   RO           42    .text.LCD_Delay_us  lcd.o
    0x08001c34   0x08001c34   0x0000001e   Code   RO           52    .text.LCD_DisplayOn  lcd.o
    0x08001c52   0x08001c52   0x00000002   PAD
    0x08001c54   0x08001c54   0x00000118   Code   RO           46    .text.LCD_Init      lcd.o
    0x08001d6c   0x08001d6c   0x000000b6   Code   RO           56    .text.LCD_Puts      lcd.o
    0x08001e22   0x08001e22   0x00000002   PAD
    0x08001e24   0x08001e24   0x0000006c   Code   RO          189    .text.NVIC_EncodePriority  stm32f4xx_hal_cortex.o
    0x08001e90   0x08001e90   0x00000052   Code   RO          205    .text.SysTick_Config  stm32f4xx_hal_cortex.o
    0x08001ee2   0x08001ee2   0x00000002   PAD
    0x08001ee4   0x08001ee4   0x00000008   Code   RO           14    .text.SysTick_Handler  main.o
    0x08001eec   0x08001eec   0x0000012e   Code   RO          406    .text.SystemCoreClockUpdate  system_stm32f4xx.o
    0x0800201a   0x0800201a   0x00000002   PAD
    0x0800201c   0x0800201c   0x00000012   Code   RO          404    .text.SystemInit    system_stm32f4xx.o
    0x0800202e   0x0800202e   0x00000002   PAD
    0x08002030   0x08002030   0x000000a4   Code   RO            8    .text.TIM5_Delay_us  main.o
    0x080020d4   0x080020d4   0x00000032   Code   RO           16    .text.TIM5_IRQHandler  main.o
    0x08002106   0x08002106   0x00000002   PAD
    0x08002108   0x08002108   0x00000074   Code   RO            4    .text.UARTReceive   main.o
    0x0800217c   0x0800217c   0x00000030   Code   RO           12    .text.__NVIC_EnableIRQ  main.o
    0x080021ac   0x080021ac   0x00000010   Code   RO          185    .text.__NVIC_GetPriorityGrouping  stm32f4xx_hal_cortex.o
    0x080021bc   0x080021bc   0x00000042   Code   RO          187    .text.__NVIC_SetPriority  stm32f4xx_hal_cortex.o
    0x080021fe   0x080021fe   0x00000002   PAD
    0x08002200   0x08002200   0x0000003c   Code   RO          181    .text.__NVIC_SetPriorityGrouping  stm32f4xx_hal_cortex.o
    0x0800223c   0x0800223c   0x00000004   PAD
    0x08002240   0x08002240   0x000009c0   Code   RO            6    .text.binOnOutput16Bit  main.o
    0x08002c00   0x08002c00   0x000008d2   Code   RO           10    .text.main          main.o
    0x080034d2   0x080034d2   0x0000003e   Code   RO          683    CL$$btod_d2e        c_w.l(btod.o)
    0x08003510   0x08003510   0x00000046   Code   RO          685    CL$$btod_d2e_denorm_low  c_w.l(btod.o)
    0x08003556   0x08003556   0x00000060   Code   RO          684    CL$$btod_d2e_norm_op1  c_w.l(btod.o)
    0x080035b6   0x080035b6   0x00000002   PAD
    0x080035b8   0x080035b8   0x00000338   Code   RO          693    CL$$btod_div_common  c_w.l(btod.o)
    0x080038f0   0x080038f0   0x000000dc   Code   RO          690    CL$$btod_e2e        c_w.l(btod.o)
    0x080039cc   0x080039cc   0x0000002a   Code   RO          687    CL$$btod_ediv       c_w.l(btod.o)
    0x080039f6   0x080039f6   0x0000002a   Code   RO          686    CL$$btod_emul       c_w.l(btod.o)
    0x08003a20   0x08003a20   0x00000244   Code   RO          692    CL$$btod_mult_common  c_w.l(btod.o)
    0x08003c64   0x08003c64   0x00000030   Code   RO          607    i.__ARM_fpclassify  m_wm.l(fpclassify.o)
    0x08003c94   0x08003c94   0x00000004   PAD
    0x08003c98   0x08003c98   0x00000c60   Code   RO          449    i.__hardfp_pow      m_wm.l(pow.o)
    0x080048f8   0x080048f8   0x000000f8   Code   RO          609    i.__kernel_poly     m_wm.l(poly.o)
    0x080049f0   0x080049f0   0x00000030   Code   RO          587    i.__mathlib_dbl_divzero  m_wm.l(dunder.o)
    0x08004a20   0x08004a20   0x00000014   Code   RO          589    i.__mathlib_dbl_infnan2  m_wm.l(dunder.o)
    0x08004a34   0x08004a34   0x00000004   PAD
    0x08004a38   0x08004a38   0x00000020   Code   RO          590    i.__mathlib_dbl_invalid  m_wm.l(dunder.o)
    0x08004a58   0x08004a58   0x00000020   Code   RO          591    i.__mathlib_dbl_overflow  m_wm.l(dunder.o)
    0x08004a78   0x08004a78   0x00000020   Code   RO          593    i.__mathlib_dbl_underflow  m_wm.l(dunder.o)
    0x08004a98   0x08004a98   0x0000000e   Code   RO          521    i._is_digit         c_w.l(__printf_wp.o)
    0x08004aa6   0x08004aa6   0x00000018   Code   RO          603    i.fabs              m_wm.l(fabs.o)
    0x08004abe   0x08004abe   0x0000006e   Code   RO          614    i.sqrt              m_wm.l(sqrt.o)
    0x08004b2c   0x08004b2c   0x0000002c   Code   RO          708    locale$$code        c_w.l(lc_numeric_c.o)
    0x08004b58   0x08004b58   0x0000002c   Code   RO          733    locale$$code        c_w.l(lc_ctype_c.o)
    0x08004b84   0x08004b84   0x00000018   Code   RO          556    x$fpl$basic         fz_wm.l(basic.o)
    0x08004b9c   0x08004b9c   0x00000150   Code   RO          431    x$fpl$dadd          fz_wm.l(daddsub_clz.o)
    0x08004cec   0x08004cec   0x00000010   Code   RO          660    x$fpl$dcheck1       fz_wm.l(dcheck1.o)
    0x08004cfc   0x08004cfc   0x00000018   Code   RO          662    x$fpl$dcmpinf       fz_wm.l(dcmpi.o)
    0x08004d14   0x08004d14   0x000002b4   Code   RO          559    x$fpl$ddiv          fz_wm.l(ddiv.o)
    0x08004fc8   0x08004fc8   0x00000078   Code   RO          562    x$fpl$deqf          fz_wm.l(deqf.o)
    0x08005040   0x08005040   0x0000005e   Code   RO          439    x$fpl$dfix          fz_wm.l(dfix.o)
    0x0800509e   0x0800509e   0x0000002e   Code   RO          444    x$fpl$dflt          fz_wm.l(dflt_clz.o)
    0x080050cc   0x080050cc   0x00000078   Code   RO          564    x$fpl$dgeqf         fz_wm.l(dgeqf.o)
    0x08005144   0x08005144   0x00000078   Code   RO          566    x$fpl$dleqf         fz_wm.l(dleqf.o)
    0x080051bc   0x080051bc   0x00000154   Code   RO          568    x$fpl$dmul          fz_wm.l(dmul.o)
    0x08005310   0x08005310   0x0000009c   Code   RO          570    x$fpl$dnaninf       fz_wm.l(dnaninf.o)
    0x080053ac   0x080053ac   0x0000000c   Code   RO          572    x$fpl$dretinf       fz_wm.l(dretinf.o)
    0x080053b8   0x080053b8   0x0000006c   Code   RO          574    x$fpl$drleqf        fz_wm.l(drleqf.o)
    0x08005424   0x08005424   0x00000016   Code   RO          432    x$fpl$drsb          fz_wm.l(daddsub_clz.o)
    0x0800543a   0x0800543a   0x00000002   PAD
    0x0800543c   0x0800543c   0x00000198   Code   RO          664    x$fpl$dsqrt         fz_wm.l(dsqrt_umaal.o)
    0x080055d4   0x080055d4   0x000001dc   Code   RO          433    x$fpl$dsub          fz_wm.l(daddsub_clz.o)
    0x080057b0   0x080057b0   0x00000054   Code   RO          437    x$fpl$fcmp          fz_wm.l(dcmp.o)
    0x08005804   0x08005804   0x0000001a   Code   RO          809    x$fpl$fpinit        fz_wm.l(fpinit.o)
    0x0800581e   0x0800581e   0x00000004   Code   RO          576    x$fpl$printf1       fz_wm.l(printf1.o)
    0x08005822   0x08005822   0x00000004   Code   RO          578    x$fpl$printf2       fz_wm.l(printf2.o)
    0x08005826   0x08005826   0x00000064   Code   RO          724    x$fpl$retnan        fz_wm.l(retnan.o)
    0x0800588a   0x0800588a   0x0000005c   Code   RO          584    x$fpl$scalbn        fz_wm.l(scalbn.o)
    0x080058e6   0x080058e6   0x00000030   Code   RO          788    x$fpl$trapveneer    fz_wm.l(trapv.o)
    0x08005916   0x08005916   0x00000000   Code   RO          586    x$fpl$usenofp       fz_wm.l(usenofp.o)
    0x08005916   0x08005916   0x00000002   PAD
    0x08005918   0x08005918   0x00000088   Data   RO          452    .constdata          m_wm.l(pow.o)
    0x080059a0   0x080059a0   0x00000008   Data   RO          480    .constdata          c_w.l(_printf_wctomb.o)
    0x080059a8   0x080059a8   0x00000028   Data   RO          509    .constdata          c_w.l(_printf_hex_int_ll_ptr.o)
    0x080059d0   0x080059d0   0x00000011   Data   RO          529    .constdata          c_w.l(__printf_flags_ss_wp.o)
    0x080059e1   0x080059e1   0x00000007   PAD
    0x080059e8   0x080059e8   0x00000008   Data   RO          611    .constdata          m_wm.l(qnan.o)
    0x080059f0   0x080059f0   0x00000026   Data   RO          649    .constdata          c_w.l(_printf_fp_hex.o)
    0x08005a16   0x08005a16   0x00000002   PAD
    0x08005a18   0x08005a18   0x00000094   Data   RO          681    .constdata          c_w.l(bigflt0.o)
    0x08005aac   0x08005aac   0x00000010   Data   RO          409    .rodata.AHBPrescTable  system_stm32f4xx.o
    0x08005abc   0x08005abc   0x00000006   Data   RO           19    .rodata.str1.1      main.o
    0x08005ac2   0x08005ac2   0x00000002   PAD
    0x08005ac4   0x08005ac4   0x00000020   Data   RO          870    Region$$Table       anon$$obj.o
    0x08005ae4   0x08005ae4   0x0000001c   Data   RO          707    locale$$data        c_w.l(lc_numeric_c.o)
    0x08005b00   0x08005b00   0x00000110   Data   RO          732    locale$$data        c_w.l(lc_ctype_c.o)


    Execution Region RW_IRAM1 (Exec base: 0x20000000, Load base: 0x08005c10, Size: 0x00000938, Max: 0x00018000, ABSOLUTE, COMPRESSED[0x000001b0])

    Exec Addr    Load Addr    Size         Type   Attr      Idx    E Section Name        Object

    0x20000000   COMPRESSED   0x00000004   Data   RW          408    .data.SystemCoreClock  system_stm32f4xx.o
    0x20000004   COMPRESSED   0x00000004   Data   RW           26    .data.counter5      main.o
    0x20000008   COMPRESSED   0x00000084   Data   RW           30    .data.main.sin90    main.o
    0x2000008c   COMPRESSED   0x00000204   Data   RW           31    .data.main.traingle  main.o
    0x20000290   COMPRESSED   0x00000004   Data   RW           18    .data.programState  main.o
    0x20000294   COMPRESSED   0x00000004   Data   RW           27    .data.psc5          main.o
    0x20000298   COMPRESSED   0x00000004   Data   RW           25    .data.selectedFreq  main.o
    0x2000029c   COMPRESSED   0x00000001   Data   RW          170    .data.uwTickFreq    stm32f4xx_hal.o
    0x2000029d   COMPRESSED   0x00000003   PAD
    0x200002a0   COMPRESSED   0x00000004   Data   RW          169    .data.uwTickPrio    stm32f4xx_hal.o
    0x200002a4   COMPRESSED   0x00000004   PAD
    0x200002a8        -       0x00000060   Zero   RW          667    .bss                c_w.l(libspace.o)
    0x20000308        -       0x00000005   Zero   RW           82    .bss.LCD_Opts       lcd.o
    0x2000030d   COMPRESSED   0x00000003   PAD
    0x20000310        -       0x00000004   Zero   RW           28    .bss.Overflow_Counter  main.o
    0x20000314        -       0x00000020   Zero   RW           29    .bss.lcd            main.o
    0x20000334        -       0x00000004   Zero   RW          171    .bss.uwTick         stm32f4xx_hal.o
    0x20000338        -       0x00000200   Zero   RW          395    HEAP                startup_stm32f401xe.o
    0x20000538        -       0x00000400   Zero   RW          394    STACK               startup_stm32f401xe.o


==============================================================================

Image component sizes


      Code (inc. data)   RO Data    RW Data    ZI Data      Debug   Object Name

       976          0          0          0          5       4666   lcd.o
      5140         32          6        664         36       9742   main.o
        64         26        404          0       1536        904   startup_stm32f401xe.o
       264          0          0          5          4       6966   stm32f4xx_hal.o
       414          0          0          0          0       9217   stm32f4xx_hal_cortex.o
       950          0          0          0          0       5332   stm32f4xx_hal_gpio.o
       320          0         16          4          0       2718   system_stm32f4xx.o

    ----------------------------------------------------------------------
      8166         58        460        676       1588      39545   Object Totals
         0          0         32          0          0          0   (incl. Generated)
        38          0          2          3          7          0   (incl. Padding)

    ----------------------------------------------------------------------

      Code (inc. data)   RO Data    RW Data    ZI Data      Debug   Library Member Name

        58          0          0          0          0          0   __dczerorl.o
         8          0          0          0          0         68   __main.o
       392          4         17          0          0         92   __printf_flags_ss_wp.o
        14          0          0          0          0         68   __printf_wp.o
         0          0          0          0          0          0   __rtentry.o
        12          0          0          0          0          0   __rtentry2.o
         6          0          0          0          0          0   __rtentry4.o
        52          8          0          0          0          0   __scatter.o
        28          0          0          0          0          0   __scatter_zi.o
        72          0          0          0          0         96   _c16rtomb.o
         6          0          0          0          0          0   _printf_a.o
         6          0          0          0          0          0   _printf_c.o
        44          0          0          0          0        108   _printf_char.o
        48          6          0          0          0         96   _printf_char_common.o
        40          0          0          0          0         68   _printf_charcount.o
         6          0          0          0          0          0   _printf_d.o
       120         16          0          0          0         92   _printf_dec.o
         6          0          0          0          0          0   _printf_e.o
         6          0          0          0          0          0   _printf_f.o
      1052          0          0          0          0        148   _printf_fp_dec.o
       764          8         38          0          0        100   _printf_fp_hex.o
       128         16          0          0          0         84   _printf_fp_infnan.o
         6          0          0          0          0          0   _printf_g.o
       148          4         40          0          0        160   _printf_hex_int_ll_ptr.o
         6          0          0          0          0          0   _printf_i.o
       178          0          0          0          0         88   _printf_intcommon.o
        10          0          0          0          0          0   _printf_l.o
         6          0          0          0          0          0   _printf_lc.o
        10          0          0          0          0          0   _printf_ll.o
         6          0          0          0          0          0   _printf_lld.o
         6          0          0          0          0          0   _printf_lli.o
         6          0          0          0          0          0   _printf_llo.o
         6          0          0          0          0          0   _printf_llu.o
         6          0          0          0          0          0   _printf_llx.o
       124         16          0          0          0         92   _printf_longlong_dec.o
         6          0          0          0          0          0   _printf_ls.o
         6          0          0          0          0          0   _printf_n.o
         6          0          0          0          0          0   _printf_o.o
       112          8          0          0          0        124   _printf_oct_int_ll.o
         6          0          0          0          0          0   _printf_p.o
        78          0          0          0          0        108   _printf_pad.o
         0          0          0          0          0          0   _printf_percent.o
         4          0          0          0          0          0   _printf_percent_end.o
         6          0          0          0          0          0   _printf_s.o
        82          0          0          0          0         80   _printf_str.o
        36          0          0          0          0         84   _printf_truncate.o
         6          0          0          0          0          0   _printf_u.o
        44          0          0          0          0        108   _printf_wchar.o
       188          6          8          0          0         92   _printf_wctomb.o
         6          0          0          0          0          0   _printf_x.o
        22          0          0          0          0        100   _rserrno.o
        10          0          0          0          0         68   _sputc.o
       228          4        148          0          0         96   bigflt0.o
      1936        128          0          0          0        668   btod.o
        18          0          0          0          0         80   exit.o
         6          0          0          0          0        152   heapauxi.o
         0          0          0          0          0          0   indicate_semi.o
        44         10        272          0          0         76   lc_ctype_c.o
        44         10         28          0          0         76   lc_numeric_c.o
         2          0          0          0          0          0   libinit.o
        34          0          0          0          0          0   libinit2.o
         2          0          0          0          0          0   libshutdown.o
         2          0          0          0          0          0   libshutdown2.o
         8          4          0          0         96         68   libspace.o
       138          0          0          0          0         80   lludiv10.o
        16          4          0          0          0         76   rt_ctype_table.o
         8          4          0          0          0         68   rt_errno_addr_intlibspace.o
         8          4          0          0          0         68   rt_locale_intlibspace.o
        68          0          0          0          0         68   rt_memclr.o
        78          0          0          0          0         80   rt_memclr_w.o
         2          0          0          0          0          0   rtexit.o
        10          0          0          0          0          0   rtexit2.o
        44          6          0          0          0         84   sprintf.o
       124          0          0          0          0         88   strcmpv7em.o
        62          0          0          0          0         76   strlen.o
        12          4          0          0          0         68   sys_exit.o
        74          0          0          0          0         80   sys_stackheap_outer.o
         2          0          0          0          0         68   use_no_semi.o
        24          0          0          0          0        164   basic.o
       834         16          0          0          0        516   daddsub_clz.o
        16          4          0          0          0        116   dcheck1.o
        84          0          0          0          0        244   dcmp.o
        24          0          0          0          0        116   dcmpi.o
       692        140          0          0          0        264   ddiv.o
       120          4          0          0          0        140   deqf.o
        94          4          0          0          0        140   dfix.o
        46          0          0          0          0        116   dflt_clz.o
       120          4          0          0          0        140   dgeqf.o
       120          4          0          0          0        140   dleqf.o
       340         12          0          0          0        152   dmul.o
       156          4          0          0          0        140   dnaninf.o
        12          0          0          0          0        116   dretinf.o
       108          0          0          0          0        128   drleqf.o
       408         56          0          0          0        168   dsqrt_umaal.o
        26          0          0          0          0        116   fpinit.o
         4          0          0          0          0        116   printf1.o
         4          0          0          0          0        116   printf2.o
       100          0          0          0          0        116   retnan.o
        92          0          0          0          0        116   scalbn.o
        48          0          0          0          0        116   trapv.o
         0          0          0          0          0          0   usenofp.o
       164         44          0          0          0        620   dunder.o
        24          0          0          0          0        124   fabs.o
        48          0          0          0          0        124   fpclassify.o
       248          0          0          0          0        152   poly.o
      3168        296        136          0          0        352   pow.o
         0          0          8          0          0          0   qnan.o
       110          0          0          0          0        148   sqrt.o

    ----------------------------------------------------------------------
     14238        858        704          0         96       9260   Library Totals
        30          0          9          0          0          0   (incl. Padding)

    ----------------------------------------------------------------------

      Code (inc. data)   RO Data    RW Data    ZI Data      Debug   Library Name

      6974        270        551          0         96       4244   c_w.l
      3472        248          0          0          0       3496   fz_wm.l
      3762        340        144          0          0       1520   m_wm.l

    ----------------------------------------------------------------------
     14238        858        704          0         96       9260   Library Totals

    ----------------------------------------------------------------------

==============================================================================


      Code (inc. data)   RO Data    RW Data    ZI Data      Debug   

     22404        916       1164        676       1684      43217   Grand Totals
     22404        916       1164        432       1684      43217   ELF Image Totals (compressed)
     22404        916       1164        432          0          0   ROM Totals

==============================================================================

    Total RO  Size (Code + RO Data)                23568 (  23.02kB)
    Total RW  Size (RW Data + ZI Data)              2360 (   2.30kB)
    Total ROM Size (Code + RO Data + RW Data)      24000 (  23.44kB)

==============================================================================

