Component: Arm Compiler for Embedded 6.19 Tool: armlink [5e73cb00]

==============================================================================

Section Cross References

    main.o(.ARM.exidx.text.UARTSend) refers to main.o(.text.UARTSend) for [Anonymous Symbol]
    main.o(.text.main) refers to system_stm32f4xx.o(.text.SystemCoreClockUpdate) for SystemCoreClockUpdate
    main.o(.text.main) refers to stm32f4xx_hal.o(.text.HAL_Init) for HAL_Init
    main.o(.text.main) refers to stm32f4xx_hal_gpio.o(.text.HAL_GPIO_Init) for HAL_GPIO_Init
    main.o(.text.main) refers to main.o(.rodata..L__const.main.str_tx) for .L__const.main.str_tx
    main.o(.text.main) refers to rt_memcpy_v6.o(.text) for __aeabi_memcpy
    main.o(.text.main) refers to lcd.o(.text.LCD_Init) for LCD_Init
    main.o(.text.main) refers to main.o(.rodata.str1.1) for .L.str.12
    main.o(.text.main) refers to lcd.o(.text.LCD_Puts) for LCD_Puts
    main.o(.text.main) refers to stm32f4xx_hal.o(.text.HAL_Delay) for HAL_Delay
    main.o(.text.main) refers to my_keypad4x4.o(.text.Keypad4x4_Init) for Keypad4x4_Init
    main.o(.text.main) refers to main.o(.data.waveFormShort) for waveFormShort
    main.o(.text.main) refers to main.o(.bss.lcd0) for lcd0
    main.o(.text.main) refers to sprintf.o(.text) for sprintf
    main.o(.text.main) refers to main.o(.bss.lcd1) for lcd1
    main.o(.text.main) refers to main.o(.bss.programState) for programState
    main.o(.text.main) refers to my_keypad4x4.o(.text.Keypad4x4_ReadKeypad) for Keypad4x4_ReadKeypad
    main.o(.text.main) refers to my_keypad4x4.o(.text.Keypad4x4_GetInt) for Keypad4x4_GetInt
    main.o(.text.main) refers to lcd.o(.text.LCD_Clear) for LCD_Clear
    main.o(.text.main) refers to main.o(.bss.selectedWaveFormIndex) for selectedWaveFormIndex
    main.o(.text.main) refers to main.o(.data.waveForm) for waveForm
    main.o(.text.main) refers to main.o(.data.selectedWaveForm) for selectedWaveForm
    main.o(.text.main) refers to main.o(.bss.lcd) for lcd
    main.o(.text.main) refers to f2d.o(x$fpl$f2d) for __aeabi_f2d
    main.o(.text.main) refers to dmul.o(x$fpl$dmul) for __aeabi_dmul
    main.o(.text.main) refers to daddsub_clz.o(x$fpl$dadd) for __aeabi_dadd
    main.o(.text.main) refers to d2f.o(x$fpl$d2f) for __aeabi_d2f
    main.o(.text.main) refers to main.o(.bss.oldResult) for oldResult
    main.o(.text.main) refers to main.o(.bss.selectedTime) for selectedTime
    main.o(.text.main) refers to main.o(.bss.selectedFreq) for selectedFreq
    main.o(.text.main) refers to strlen.o(.text) for strlen
    main.o(.text.main) refers to main.o(.text.UARTSend) for UARTSend
    main.o(.ARM.exidx.text.main) refers to main.o(.text.main) for [Anonymous Symbol]
    main.o(.text.SysTick_Handler) refers to stm32f4xx_hal.o(.text.HAL_IncTick) for HAL_IncTick
    main.o(.ARM.exidx.text.SysTick_Handler) refers to main.o(.text.SysTick_Handler) for [Anonymous Symbol]
    main.o(.data.waveForm) refers to main.o(.rodata.str1.1) for [Anonymous Symbol]
    main.o(.data.waveFormShort) refers to main.o(.rodata.str1.1) for [Anonymous Symbol]
    main.o(.data.selectedWaveForm) refers to main.o(.rodata.str1.1) for [Anonymous Symbol]
    lcd.o(.text.LCD_Delay_us) refers to stm32f4xx_hal.o(.text.HAL_GetTick) for HAL_GetTick
    lcd.o(.ARM.exidx.text.LCD_Delay_us) refers to lcd.o(.text.LCD_Delay_us) for [Anonymous Symbol]
    lcd.o(.text.LCD_Delay_ms) refers to stm32f4xx_hal.o(.text.HAL_Delay) for HAL_Delay
    lcd.o(.ARM.exidx.text.LCD_Delay_ms) refers to lcd.o(.text.LCD_Delay_ms) for [Anonymous Symbol]
    lcd.o(.text.LCD_Init) refers to stm32f4xx_hal_gpio.o(.text.HAL_GPIO_Init) for HAL_GPIO_Init
    lcd.o(.text.LCD_Init) refers to stm32f4xx_hal.o(.text.HAL_GetTick) for HAL_GetTick
    lcd.o(.text.LCD_Init) refers to lcd.o(.text.LCD_Delay_ms) for LCD_Delay_ms
    lcd.o(.text.LCD_Init) refers to lcd.o(.bss.LCD_Opts) for LCD_Opts
    lcd.o(.text.LCD_Init) refers to lcd.o(.text.LCD_Cmd4bit) for LCD_Cmd4bit
    lcd.o(.text.LCD_Init) refers to lcd.o(.text.LCD_Cmd) for LCD_Cmd
    lcd.o(.text.LCD_Init) refers to lcd.o(.text.LCD_DisplayOn) for LCD_DisplayOn
    lcd.o(.text.LCD_Init) refers to lcd.o(.text.LCD_Clear) for LCD_Clear
    lcd.o(.ARM.exidx.text.LCD_Init) refers to lcd.o(.text.LCD_Init) for [Anonymous Symbol]
    lcd.o(.text.LCD_Cmd4bit) refers to stm32f4xx_hal_gpio.o(.text.HAL_GPIO_WritePin) for HAL_GPIO_WritePin
    lcd.o(.text.LCD_Cmd4bit) refers to lcd.o(.text.LCD_Delay_us) for LCD_Delay_us
    lcd.o(.ARM.exidx.text.LCD_Cmd4bit) refers to lcd.o(.text.LCD_Cmd4bit) for [Anonymous Symbol]
    lcd.o(.text.LCD_Cmd) refers to stm32f4xx_hal_gpio.o(.text.HAL_GPIO_WritePin) for HAL_GPIO_WritePin
    lcd.o(.text.LCD_Cmd) refers to lcd.o(.text.LCD_Cmd4bit) for LCD_Cmd4bit
    lcd.o(.ARM.exidx.text.LCD_Cmd) refers to lcd.o(.text.LCD_Cmd) for [Anonymous Symbol]
    lcd.o(.text.LCD_DisplayOn) refers to lcd.o(.bss.LCD_Opts) for LCD_Opts
[...]
    .ARM.Collect$$_printf_percent$$00000016  0x0800028e   Section        6  _printf_ls.o(.ARM.Collect$$_printf_percent$$00000016)
    .ARM.Collect$$_printf_percent$$00000017  0x08000294   Section        4  _printf_percent_end.o(.ARM.Collect$$_printf_percent$$00000017)
    .ARM.Collect$$libinit$$00000000          0x08000298   Section        2  libinit.o(.ARM.Collect$$libinit$$00000000)
    .ARM.Collect$$libinit$$00000001          0x0800029a   Section        4  libinit2.o(.ARM.Collect$$libinit$$00000001)
    .ARM.Collect$$libinit$$00000004          0x0800029e   Section        0  libinit2.o(.ARM.Collect$$libinit$$00000004)
    .ARM.Collect$$libinit$$00000006          0x0800029e   Section        0  libinit2.o(.ARM.Collect$$libinit$$00000006)
    .ARM.Collect$$libinit$$0000000C          0x0800029e   Section        0  libinit2.o(.ARM.Collect$$libinit$$0000000C)
    .ARM.Collect$$libinit$$0000000E          0x0800029e   Section        0  libinit2.o(.ARM.Collect$$libinit$$0000000E)
    .ARM.Collect$$libinit$$00000010          0x0800029e   Section        0  libinit2.o(.ARM.Collect$$libinit$$00000010)
    .ARM.Collect$$libinit$$00000011          0x0800029e   Section        6  libinit2.o(.ARM.Collect$$libinit$$00000011)
    .ARM.Collect$$libinit$$00000013          0x080002a4   Section        0  libinit2.o(.ARM.Collect$$libinit$$00000013)
    .ARM.Collect$$libinit$$00000014          0x080002a4   Section       12  libinit2.o(.ARM.Collect$$libinit$$00000014)
    .ARM.Collect$$libinit$$00000015          0x080002b0   Section        0  libinit2.o(.ARM.Collect$$libinit$$00000015)
    .ARM.Collect$$libinit$$00000017          0x080002b0   Section        0  libinit2.o(.ARM.Collect$$libinit$$00000017)
    .ARM.Collect$$libinit$$00000018          0x080002b0   Section       10  libinit2.o(.ARM.Collect$$libinit$$00000018)
    .ARM.Collect$$libinit$$00000019          0x080002ba   Section        0  libinit2.o(.ARM.Collect$$libinit$$00000019)
    .ARM.Collect$$libinit$$0000001B          0x080002ba   Section        0  libinit2.o(.ARM.Collect$$libinit$$0000001B)
    .ARM.Collect$$libinit$$0000001D          0x080002ba   Section        0  libinit2.o(.ARM.Collect$$libinit$$0000001D)
    .ARM.Collect$$libinit$$0000001F          0x080002ba   Section        0  libinit2.o(.ARM.Collect$$libinit$$0000001F)
    .ARM.Collect$$libinit$$00000021          0x080002ba   Section        0  libinit2.o(.ARM.Collect$$libinit$$00000021)
    .ARM.Collect$$libinit$$00000023          0x080002ba   Section        0  libinit2.o(.ARM.Collect$$libinit$$00000023)
    .ARM.Collect$$libinit$$00000025          0x080002ba   Section        0  libinit2.o(.ARM.Collect$$libinit$$00000025)
    .ARM.Collect$$libinit$$00000027          0x080002ba   Section        0  libinit2.o(.ARM.Collect$$libinit$$00000027)
    .ARM.Collect$$libinit$$0000002E          0x080002ba   Section        0  libinit2.o(.ARM.Collect$$libinit$$0000002E)
    .ARM.Collect$$libinit$$00000030          0x080002ba   Section        0  libinit2.o(.ARM.Collect$$libinit$$00000030)
    .ARM.Collect$$libinit$$00000032          0x080002ba   Section        0  libinit2.o(.ARM.Collect$$libinit$$00000032)
    .ARM.Collect$$libinit$$00000034          0x080002ba   Section        0  libinit2.o(.ARM.Collect$$libinit$$00000034)
    .ARM.Collect$$libinit$$00000035          0x080002ba   Section        2  libinit2.o(.ARM.Collect$$libinit$$00000035)
    .ARM.Collect$$libshutdown$$00000000      0x080002bc   Section        2  libshutdown.o(.ARM.Collect$$libshutdown$$00000000)
    .ARM.Collect$$libshutdown$$00000002      0x080002be   Section        0  libshutdown2.o(.ARM.Collect$$libshutdown$$00000002)
    .ARM.Collect$$libshutdown$$00000004      0x080002be   Section        0  libshutdown2.o(.ARM.Collect$$libshutdown$$00000004)
    .ARM.Collect$$libshutdown$$00000007      0x080002be   Section        0  libshutdown2.o(.ARM.Collect$$libshutdown$$00000007)
    .ARM.Collect$$libshutdown$$0000000A      0x080002be   Section        0  libshutdown2.o(.ARM.Collect$$libshutdown$$0000000A)
    .ARM.Collect$$libshutdown$$0000000C      0x080002be   Section        0  libshutdown2.o(.ARM.Collect$$libshutdown$$0000000C)
    .ARM.Collect$$libshutdown$$0000000F      0x080002be   Section        0  libshutdown2.o(.ARM.Collect$$libshutdown$$0000000F)
    .ARM.Collect$$libshutdown$$00000010      0x080002be   Section        2  libshutdown2.o(.ARM.Collect$$libshutdown$$00000010)
    .ARM.Collect$$rtentry$$00000000          0x080002c0   Section        0  __rtentry.o(.ARM.Collect$$rtentry$$00000000)
    .ARM.Collect$$rtentry$$00000002          0x080002c0   Section        0  __rtentry2.o(.ARM.Collect$$rtentry$$00000002)
    .ARM.Collect$$rtentry$$00000004          0x080002c0   Section        6  __rtentry4.o(.ARM.Collect$$rtentry$$00000004)
    .ARM.Collect$$rtentry$$00000009          0x080002c6   Section        0  __rtentry2.o(.ARM.Collect$$rtentry$$00000009)
    .ARM.Collect$$rtentry$$0000000A          0x080002c6   Section        4  __rtentry2.o(.ARM.Collect$$rtentry$$0000000A)
    .ARM.Collect$$rtentry$$0000000C          0x080002ca   Section        0  __rtentry2.o(.ARM.Collect$$rtentry$$0000000C)
    .ARM.Collect$$rtentry$$0000000D          0x080002ca   Section        8  __rtentry2.o(.ARM.Collect$$rtentry$$0000000D)
    .ARM.Collect$$rtexit$$00000000           0x080002d2   Section        2  rtexit.o(.ARM.Collect$$rtexit$$00000000)
    .ARM.Collect$$rtexit$$00000002           0x080002d4   Section        0  rtexit2.o(.ARM.Collect$$rtexit$$00000002)
    .ARM.Collect$$rtexit$$00000003           0x080002d4   Section        4  rtexit2.o(.ARM.Collect$$rtexit$$00000003)
    .ARM.Collect$$rtexit$$00000004           0x080002d8   Section        6  rtexit2.o(.ARM.Collect$$rtexit$$00000004)
    $v0                                      0x080002e0   Number         0  startup_stm32f401xe.o(.text)
    .text                                    0x080002e0   Section       64  startup_stm32f401xe.o(.text)
    .text                                    0x08000320   Section        0  sprintf.o(.text)
    .text                                    0x0800034c   Section        0  strlen.o(.text)
    .text                                    0x0800038a   Section      138  rt_memcpy_v6.o(.text)
    .text                                    0x08000414   Section        0  heapauxi.o(.text)
    .text                                    0x0800041a   Section        0  _printf_pad.o(.text)
    .text                                    0x08000468   Section        0  _printf_truncate.o(.text)
    .text                                    0x0800048c   Section        0  _printf_str.o(.text)
    .text                                    0x080004e0   Section        0  _printf_dec.o(.text)
    .text                                    0x08000558   Section        0  _printf_charcount.o(.text)
    _printf_input_char                       0x08000581   Thumb Code    10  _printf_char_common.o(.text)
    .text                                    0x08000580   Section        0  _printf_char_common.o(.text)
    .text                                    0x080005b0   Section        0  _sputc.o(.text)
    .text                                    0x080005bc   Section        0  _printf_wctomb.o(.text)
    .text                                    0x08000678   Section        0  _printf_longlong_dec.o(.text)
    _printf_longlong_oct_internal            0x080006f5   Thumb Code     0  _printf_oct_int_ll.o(.text)
    .text                                    0x080006f4   Section        0  _printf_oct_int_ll.o(.text)
    _printf_hex_common                       0x08000765   Thumb Code     0  _printf_hex_int_ll_ptr.o(.text)
    .text                                    0x08000764   Section        0  _printf_hex_int_ll_ptr.o(.text)
    .text                                    0x080007f8   Section        0  __printf_flags_ss_wp.o(.text)
    .text                                    0x08000980   Section      100  rt_memcpy_w.o(.text)
    .text                                    0x080009e4   Section      138  lludiv10.o(.text)
    .text                                    0x08000a6e   Section        0  _printf_intcommon.o(.text)
    _fp_digits                               0x08000b21   Thumb Code   432  _printf_fp_dec.o(.text)
    .text                                    0x08000b20   Section        0  _printf_fp_dec.o(.text)
    .text                                    0x08000f3c   Section        0  _printf_fp_hex.o(.text)
    .text                                    0x08001238   Section        0  _printf_char.o(.text)
    .text                                    0x08001264   Section        0  _printf_wchar.o(.text)
    .text                                    0x08001290   Section        0  _c16rtomb.o(.text)
    .text                                    0x080012d8   Section       74  sys_stackheap_outer.o(.text)
    .text                                    0x08001324   Section       16  rt_ctype_table.o(.text)
    .text                                    0x08001334   Section        8  rt_locale_intlibspace.o(.text)
    .text                                    0x0800133c   Section        0  _printf_fp_infnan.o(.text)
    .text                                    0x080013bc   Section        0  bigflt0.o(.text)
    .text                                    0x080014a0   Section        0  exit.o(.text)
    .text                                    0x080014b4   Section        8  libspace.o(.text)
    .text                                    0x080014c0   Section      124  strcmpv7em.o(.text)
    .text                                    0x0800153c   Section        0  sys_exit.o(.text)
    .text                                    0x08001548   Section        2  use_no_semi.o(.text)
    .text                                    0x0800154a   Section        0  indicate_semi.o(.text)
    [Anonymous Symbol]                       0x0800154c   Section        0  stm32f4xx_hal.o(.text.HAL_Delay)
    [Anonymous Symbol]                       0x08001590   Section        0  stm32f4xx_hal_gpio.o(.text.HAL_GPIO_Init)
    [Anonymous Symbol]                       0x080018f4   Section        0  stm32f4xx_hal_gpio.o(.text.HAL_GPIO_ReadPin)
    [Anonymous Symbol]                       0x08001924   Section        0  stm32f4xx_hal_gpio.o(.text.HAL_GPIO_WritePin)
    [Anonymous Symbol]                       0x08001954   Section        0  stm32f4xx_hal.o(.text.HAL_GetTick)
    [Anonymous Symbol]                       0x08001960   Section        0  stm32f4xx_hal.o(.text.HAL_IncTick)
    [Anonymous Symbol]                       0x0800197c   Section        0  stm32f4xx_hal.o(.text.HAL_Init)
    [Anonymous Symbol]                       0x080019ac   Section        0  stm32f4xx_hal.o(.text.HAL_InitTick)
    [Anonymous Symbol]                       0x08001a1c   Section        0  stm32f4xx_hal.o(.text.HAL_MspInit)
    [Anonymous Symbol]                       0x08001a20   Section        0  stm32f4xx_hal_cortex.o(.text.HAL_NVIC_SetPriority)
    [Anonymous Symbol]                       0x08001a54   Section        0  stm32f4xx_hal_cortex.o(.text.HAL_NVIC_SetPriorityGrouping)
    [Anonymous Symbol]                       0x08001a64   Section        0  stm32f4xx_hal_cortex.o(.text.HAL_SYSTICK_Config)
    Keypad4x4_ChangeColomn                   0x08001a75   Thumb Code   296  my_keypad4x4.o(.text.Keypad4x4_ChangeColomn)
    [Anonymous Symbol]                       0x08001a74   Section        0  my_keypad4x4.o(.text.Keypad4x4_ChangeColomn)
    Keypad4x4_FindPins_positions             0x08001b9d   Thumb Code   194  my_keypad4x4.o(.text.Keypad4x4_FindPins_positions)
    [Anonymous Symbol]                       0x08001b9c   Section        0  my_keypad4x4.o(.text.Keypad4x4_FindPins_positions)
    [Anonymous Symbol]                       0x08001c60   Section        0  my_keypad4x4.o(.text.Keypad4x4_GetInt)
    [Anonymous Symbol]                       0x08001c7c   Section        0  my_keypad4x4.o(.text.Keypad4x4_Init)
    [Anonymous Symbol]                       0x08001d64   Section        0  my_keypad4x4.o(.text.Keypad4x4_ReadKeypad)
    [Anonymous Symbol]                       0x08001ed0   Section        0  lcd.o(.text.LCD_Clear)
    LCD_Cmd                                  0x08001ee1   Thumb Code    50  lcd.o(.text.LCD_Cmd)
    [Anonymous Symbol]                       0x08001ee0   Section        0  lcd.o(.text.LCD_Cmd)
    LCD_Cmd4bit                              0x08001f15   Thumb Code   136  lcd.o(.text.LCD_Cmd4bit)
    [Anonymous Symbol]                       0x08001f14   Section        0  lcd.o(.text.LCD_Cmd4bit)
    LCD_CursorSet                            0x08001f9d   Thumb Code    88  lcd.o(.text.LCD_CursorSet)
    [Anonymous Symbol]                       0x08001f9c   Section        0  lcd.o(.text.LCD_CursorSet)
    LCD_Data                                 0x08001ff5   Thumb Code    50  lcd.o(.text.LCD_Data)
    [Anonymous Symbol]                       0x08001ff4   Section        0  lcd.o(.text.LCD_Data)
    [Anonymous Symbol]                       0x08002028   Section        0  lcd.o(.text.LCD_Delay_ms)
    [Anonymous Symbol]                       0x0800203c   Section        0  lcd.o(.text.LCD_Delay_us)
    [Anonymous Symbol]                       0x080020b8   Section        0  lcd.o(.text.LCD_DisplayOn)
    [Anonymous Symbol]                       0x080020d8   Section        0  lcd.o(.text.LCD_Init)
    [Anonymous Symbol]                       0x080021f0   Section        0  lcd.o(.text.LCD_Puts)
    NVIC_EncodePriority                      0x080022a9   Thumb Code   108  stm32f4xx_hal_cortex.o(.text.NVIC_EncodePriority)
    [Anonymous Symbol]                       0x080022a8   Section        0  stm32f4xx_hal_cortex.o(.text.NVIC_EncodePriority)
    SysTick_Config                           0x08002315   Thumb Code    82  stm32f4xx_hal_cortex.o(.text.SysTick_Config)
    [Anonymous Symbol]                       0x08002314   Section        0  stm32f4xx_hal_cortex.o(.text.SysTick_Config)
    [Anonymous Symbol]                       0x08002368   Section        0  main.o(.text.SysTick_Handler)
    [Anonymous Symbol]                       0x08002370   Section        0  system_stm32f4xx.o(.text.SystemCoreClockUpdate)
    [Anonymous Symbol]                       0x080024a0   Section        0  system_stm32f4xx.o(.text.SystemInit)
    [Anonymous Symbol]                       0x080024b4   Section        0  main.o(.text.UARTSend)
    __NVIC_GetPriorityGrouping               0x08002501   Thumb Code    16  stm32f4xx_hal_cortex.o(.text.__NVIC_GetPriorityGrouping)
    [Anonymous Symbol]                       0x08002500   Section        0  stm32f4xx_hal_cortex.o(.text.__NVIC_GetPriorityGrouping)
    __NVIC_SetPriority                       0x08002511   Thumb Code    66  stm32f4xx_hal_cortex.o(.text.__NVIC_SetPriority)
    [Anonymous Symbol]                       0x08002510   Section        0  stm32f4xx_hal_cortex.o(.text.__NVIC_SetPriority)
    __NVIC_SetPriorityGrouping               0x08002555   Thumb Code    60  stm32f4xx_hal_cortex.o(.text.__NVIC_SetPriorityGrouping)
    [Anonymous Symbol]                       0x08002554   Section        0  stm32f4xx_hal_cortex.o(.text.__NVIC_SetPriorityGrouping)
    [Anonymous Symbol]                       0x08002590   Section        0  main.o(.text.main)
    CL$$btod_d2e                             0x08002d66   Section       62  btod.o(CL$$btod_d2e)
    CL$$btod_d2e_denorm_low                  0x08002da4   Section       70  btod.o(CL$$btod_d2e_denorm_low)
    CL$$btod_d2e_norm_op1                    0x08002dea   Section       96  btod.o(CL$$btod_d2e_norm_op1)
    CL$$btod_div_common                      0x08002e4c   Section      824  btod.o(CL$$btod_div_common)
    CL$$btod_e2e                             0x08003184   Section      220  btod.o(CL$$btod_e2e)
    CL$$btod_ediv                            0x08003260   Section       42  btod.o(CL$$btod_ediv)
    CL$$btod_emul                            0x0800328a   Section       42  btod.o(CL$$btod_emul)
    CL$$btod_mult_common                     0x080032b4   Section      580  btod.o(CL$$btod_mult_common)
    i.__ARM_fpclassify                       0x080034f8   Section        0  fpclassify.o(i.__ARM_fpclassify)
    i._is_digit                              0x08003528   Section        0  __printf_wp.o(i._is_digit)
    locale$$code                             0x08003538   Section       44  lc_numeric_c.o(locale$$code)
    locale$$code                             0x08003564   Section       44  lc_ctype_c.o(locale$$code)
    $v0                                      0x08003590   Number         0  d2f.o(x$fpl$d2f)
    x$fpl$d2f                                0x08003590   Section       98  d2f.o(x$fpl$d2f)
    $v0                                      0x080035f4   Number         0  daddsub_clz.o(x$fpl$dadd)
    x$fpl$dadd                               0x080035f4   Section      336  daddsub_clz.o(x$fpl$dadd)
    _dadd1                                   0x08003605   Thumb Code     0  daddsub_clz.o(x$fpl$dadd)
    $v0                                      0x08003744   Number         0  dmul.o(x$fpl$dmul)
    x$fpl$dmul                               0x08003744   Section      340  dmul.o(x$fpl$dmul)
    $v0                                      0x08003898   Number         0  dnaninf.o(x$fpl$dnaninf)
    x$fpl$dnaninf                            0x08003898   Section      156  dnaninf.o(x$fpl$dnaninf)
    $v0                                      0x08003934   Number         0  dretinf.o(x$fpl$dretinf)
    x$fpl$dretinf                            0x08003934   Section       12  dretinf.o(x$fpl$dretinf)
    $v0                                      0x08003940   Number         0  daddsub_clz.o(x$fpl$dsub)
    x$fpl$dsub                               0x08003940   Section      476  daddsub_clz.o(x$fpl$dsub)
    _dsub1                                   0x08003951   Thumb Code     0  daddsub_clz.o(x$fpl$dsub)
    $v0                                      0x08003b1c   Number         0  f2d.o(x$fpl$f2d)
    x$fpl$f2d                                0x08003b1c   Section       86  f2d.o(x$fpl$f2d)
    $v0                                      0x08003b72   Number         0  fnaninf.o(x$fpl$fnaninf)
    x$fpl$fnaninf                            0x08003b72   Section      140  fnaninf.o(x$fpl$fnaninf)
    $v0                                      0x08003bfe   Number         0  fpinit.o(x$fpl$fpinit)
    x$fpl$fpinit                             0x08003bfe   Section       26  fpinit.o(x$fpl$fpinit)
    $v0                                      0x08003c18   Number         0  fretinf.o(x$fpl$fretinf)
    x$fpl$fretinf                            0x08003c18   Section       10  fretinf.o(x$fpl$fretinf)
    $v0                                      0x08003c22   Number         0  printf1.o(x$fpl$printf1)
    x$fpl$printf1                            0x08003c22   Section        4  printf1.o(x$fpl$printf1)
    $v0                                      0x08003c26   Number         0  printf2.o(x$fpl$printf2)
    x$fpl$printf2                            0x08003c26   Section        4  printf2.o(x$fpl$printf2)
    x$fpl$usenofp                            0x08003c2a   Section        0  usenofp.o(x$fpl$usenofp)
    initial_mbstate                          0x08003c2c   Data           8  _printf_wctomb.o(.constdata)
    .constdata                               0x08003c2c   Section        8  _printf_wctomb.o(.constdata)
    uc_hextab                                0x08003c34   Data          20  _printf_hex_int_ll_ptr.o(.constdata)
    .constdata                               0x08003c34   Section       40  _printf_hex_int_ll_ptr.o(.constdata)
    lc_hextab                                0x08003c48   Data          20  _printf_hex_int_ll_ptr.o(.constdata)
    maptable                                 0x08003c5c   Data          17  __printf_flags_ss_wp.o(.constdata)
    .constdata                               0x08003c5c   Section       17  __printf_flags_ss_wp.o(.constdata)
    lc_hextab                                0x08003c6d   Data          19  _printf_fp_hex.o(.constdata)
    .constdata                               0x08003c6d   Section       38  _printf_fp_hex.o(.constdata)
    uc_hextab                                0x08003c80   Data          19  _printf_fp_hex.o(.constdata)
    tenpwrs_x                                0x08003c94   Data          60  bigflt0.o(.constdata)
    .constdata                               0x08003c94   Section      148  bigflt0.o(.constdata)
    tenpwrs_i                                0x08003cd0   Data          64  bigflt0.o(.constdata)
    .L__const.main.str_tx                    0x08003d28   Data          50  main.o(.rodata..L__const.main.str_tx)
    .L.str.25                                0x08003d6a   Data          11  main.o(.rodata.str1.1)
    [Anonymous Symbol]                       0x08003d6a   Section        0  main.o(.rodata.str1.1)
    .L.str.18                                0x08003d75   Data          17  main.o(.rodata.str1.1)
    .L.str.12                                0x08003d86   Data           9  main.o(.rodata.str1.1)
    .L.str.19                                0x08003d8f   Data          15  main.o(.rodata.str1.1)
    .L.str.16                                0x08003d9e   Data          13  main.o(.rodata.str1.1)
    .L.str.22                                0x08003dab   Data          15  main.o(.rodata.str1.1)
    .L.str.20                                0x08003dba   Data          13  main.o(.rodata.str1.1)
    .L.str.13                                0x08003dfd   Data          15  main.o(.rodata.str1.1)
    .L.str.14                                0x08003e0c   Data          15  main.o(.rodata.str1.1)
    .L.str.15                                0x08003e1b   Data          23  main.o(.rodata.str1.1)
    .L.str.23                                0x08003e32   Data           5  main.o(.rodata.str1.1)
    .L.str.17                                0x08003e3b   Data           6  main.o(.rodata.str1.1)
    .L.str.21                                0x08003e48   Data           6  main.o(.rodata.str1.1)
    .L.str.24                                0x08003e4e   Data          14  main.o(.rodata.str1.1)
    locale$$data                             0x08003e7c   Section       28  lc_numeric_c.o(locale$$data)
    __lcnum_c_name                           0x08003e80   Data           2  lc_numeric_c.o(locale$$data)
    __lcnum_c_start                          0x08003e88   Data           0  lc_numeric_c.o(locale$$data)
    __lcnum_c_point                          0x08003e94   Data           0  lc_numeric_c.o(locale$$data)
    __lcnum_c_thousands                      0x08003e96   Data           0  lc_numeric_c.o(locale$$data)
    __lcnum_c_grouping                       0x08003e97   Data           0  lc_numeric_c.o(locale$$data)
    __lcnum_c_end                            0x08003e98   Data           0  lc_numeric_c.o(locale$$data)
    locale$$data                             0x08003e98   Section      272  lc_ctype_c.o(locale$$data)
    __lcctype_c_name                         0x08003e9c   Data           2  lc_ctype_c.o(locale$$data)
    __lcctype_c_start                        0x08003ea4   Data           0  lc_ctype_c.o(locale$$data)
    __lcctype_c_end                          0x08003fa8   Data           0  lc_ctype_c.o(locale$$data)
    keypadIntKeys                            0x20000004   Data          64  my_keypad4x4.o(.data.keypadIntKeys)
    [Anonymous Symbol]                       0x20000004   Section        0  my_keypad4x4.o(.data.keypadIntKeys)
    .bss                                     0x20000080   Section       96  libspace.o(.bss)
    KeypadStruct                             0x200000e0   Data          48  my_keypad4x4.o(.bss.KeypadStruct)
    [Anonymous Symbol]                       0x200000e0   Section        0  my_keypad4x4.o(.bss.KeypadStruct)
    LCD_Opts                                 0x20000110   Data           5  lcd.o(.bss.LCD_Opts)
    [Anonymous Symbol]                       0x20000110   Section        0  lcd.o(.bss.LCD_Opts)
    OutPositions                             0x20000115   Data           4  my_keypad4x4.o(.bss.OutPositions)
    [Anonymous Symbol]                       0x20000115   Section        0  my_keypad4x4.o(.bss.OutPositions)
    Heap_Mem                                 0x20000178   Data         512  startup_stm32f401xe.o(HEAP)
    HEAP                                     0x20000178   Section      512  startup_stm32f401xe.o(HEAP)
    Stack_Mem                                0x20000378   Data        1024  startup_stm32f401xe.o(STACK)
    STACK                                    0x20000378   Section     1024  startup_stm32f401xe.o(STACK)
    __initial_sp                             0x20000778   Data           0  startup_stm32f401xe.o(STACK)

    Global Symbols

    Symbol Name                              Value     Ov Type        Size  Object(Section)

    BuildAttributes$$THM_ISAv4$E$P$D$K$B$S$7EM$VFPi3$EXTD16$VFPS$VFMA$PE$A:L22UL41UL21$X:L11$S22US41US21$IEEE1$IW$~IW$USESV6$~STKCKD$USESV7$~SHL$OTIME$ROPI$IEEEJ$EBA8$UX$STANDARDLIB$REQ8$PRES8$EABIv2 0x00000000   Number         0  anon$$obj.o ABSOLUTE
    _printf_flags                            0x00000000   Number         0  printf_stubs.o ABSOLUTE
    _printf_return_value                     0x00000000   Number         0  printf_stubs.o ABSOLUTE
    _printf_sizespec                         0x00000000   Number         0  printf_stubs.o ABSOLUTE
    _printf_widthprec                        0x00000000   Number         0  printf_stubs.o ABSOLUTE
    __ARM_exceptions_init                     - Undefined Weak Reference
    __alloca_initialize                       - Undefined Weak Reference
    __arm_preinit_                            - Undefined Weak Reference
    __arm_relocate_pie_                       - Undefined Weak Reference
    __cpp_initialize__aeabi_                  - Undefined Weak Reference
    __cxa_finalize                            - Undefined Weak Reference
    __sigvec_lookup                           - Undefined Weak Reference
    _atexit_init                              - Undefined Weak Reference
    _call_atexit_fns                          - Undefined Weak Reference
    _clock_init                               - Undefined Weak Reference
    _fp_trap_init                             - Undefined Weak Reference
    _fp_trap_shutdown                         - Undefined Weak Reference
    _get_lc_collate                           - Undefined Weak Reference
    _get_lc_monetary                          - Undefined Weak Reference
    _get_lc_time                              - Undefined Weak Reference
    _getenv_init                              - Undefined Weak Reference
    _handle_redirection                       - Undefined Weak Reference
    _init_alloc                               - Undefined Weak Reference
    _init_user_alloc                          - Undefined Weak Reference
    _initio                                   - Undefined Weak Reference
    _printf_mbtowc                            - Undefined Weak Reference
    _printf_wc                                - Undefined Weak Reference
    _rand_init                                - Undefined Weak Reference
    _signal_finish                            - Undefined Weak Reference
    _signal_init                              - Undefined Weak Reference
    _terminate_alloc                          - Undefined Weak Reference
    _terminate_user_alloc                     - Undefined Weak Reference
    _terminateio                              - Undefined Weak Reference
    __Vectors_Size                           0x00000194   Number         0  startup_stm32f401xe.o ABSOLUTE
    __Vectors                                0x08000000   Data           4  startup_stm32f401xe.o(RESET)
    __Vectors_End                            0x08000194   Data           0  startup_stm32f401xe.o(RESET)
    __main                                   0x08000195   Thumb Code     8  __main.o(!!!main)
    __scatterload                            0x0800019d   Thumb Code     0  __scatter.o(!!!scatter)
    __scatterload_rt2                        0x0800019d   Thumb Code    44  __scatter.o(!!!scatter)
    __scatterload_rt2_thumb_only             0x0800019d   Thumb Code     0  __scatter.o(!!!scatter)
    __scatterload_null                       0x080001ab   Thumb Code     0  __scatter.o(!!!scatter)
    __scatterload_copy                       0x080001d1   Thumb Code    26  __scatter_copy.o(!!handler_copy)
    __scatterload_zeroinit                   0x080001ed   Thumb Code    28  __scatter_zi.o(!!handler_zi)
    _printf_n                                0x08000209   Thumb Code     0  _printf_n.o(.ARM.Collect$$_printf_percent$$00000001)
    _printf_percent                          0x08000209   Thumb Code     0  _printf_percent.o(.ARM.Collect$$_printf_percent$$00000000)
    _printf_p                                0x0800020f   Thumb Code     0  _printf_p.o(.ARM.Collect$$_printf_percent$$00000002)
    _printf_f                                0x08000215   Thumb Code     0  _printf_f.o(.ARM.Collect$$_printf_percent$$00000003)
    _printf_e                                0x0800021b   Thumb Code     0  _printf_e.o(.ARM.Collect$$_printf_percent$$00000004)
    _printf_g                                0x08000221   Thumb Code     0  _printf_g.o(.ARM.Collect$$_printf_percent$$00000005)
    _printf_a                                0x08000227   Thumb Code     0  _printf_a.o(.ARM.Collect$$_printf_percent$$00000006)
    _printf_ll                               0x0800022d   Thumb Code     0  _printf_ll.o(.ARM.Collect$$_printf_percent$$00000007)
    _printf_i                                0x08000237   Thumb Code     0  _printf_i.o(.ARM.Collect$$_printf_percent$$00000008)
    _printf_d                                0x0800023d   Thumb Code     0  _printf_d.o(.ARM.Collect$$_printf_percent$$00000009)
    _printf_u                                0x08000243   Thumb Code     0  _printf_u.o(.ARM.Collect$$_printf_percent$$0000000A)
    _printf_o                                0x08000249   Thumb Code     0  _printf_o.o(.ARM.Collect$$_printf_percent$$0000000B)
    _printf_x                                0x0800024f   Thumb Code     0  _printf_x.o(.ARM.Collect$$_printf_percent$$0000000C)
    _printf_lli                              0x08000255   Thumb Code     0  _printf_lli.o(.ARM.Collect$$_printf_percent$$0000000D)
    _printf_lld                              0x0800025b   Thumb Code     0  _printf_lld.o(.ARM.Collect$$_printf_percent$$0000000E)
    _printf_llu                              0x08000261   Thumb Code     0  _printf_llu.o(.ARM.Collect$$_printf_percent$$0000000F)
    _printf_llo                              0x08000267   Thumb Code     0  _printf_llo.o(.ARM.Collect$$_printf_percent$$00000010)
    _printf_llx                              0x0800026d   Thumb Code     0  _printf_llx.o(.ARM.Collect$$_printf_percent$$00000011)
    _printf_l                                0x08000273   Thumb Code     0  _printf_l.o(.ARM.Collect$$_printf_percent$$00000012)
    _printf_c                                0x0800027d   Thumb Code     0  _printf_c.o(.ARM.Collect$$_printf_percent$$00000013)
    _printf_s                                0x08000283   Thumb Code     0  _printf_s.o(.ARM.Collect$$_printf_percent$$00000014)
    _printf_lc                               0x08000289   Thumb Code     0  _printf_lc.o(.ARM.Collect$$_printf_percent$$00000015)
    _printf_ls                               0x0800028f   Thumb Code     0  _printf_ls.o(.ARM.Collect$$_printf_percent$$00000016)
    _printf_percent_end                      0x08000295   Thumb Code     0  _printf_percent_end.o(.ARM.Collect$$_printf_percent$$00000017)
    __rt_lib_init                            0x08000299   Thumb Code     0  libinit.o(.ARM.Collect$$libinit$$00000000)
    __rt_lib_init_fp_1                       0x0800029b   Thumb Code     0  libinit2.o(.ARM.Collect$$libinit$$00000001)
    __rt_lib_init_heap_1                     0x0800029f   Thumb Code     0  libinit2.o(.ARM.Collect$$libinit$$0000000C)
    __rt_lib_init_lc_common                  0x0800029f   Thumb Code     0  libinit2.o(.ARM.Collect$$libinit$$00000011)
    __rt_lib_init_preinit_1                  0x0800029f   Thumb Code     0  libinit2.o(.ARM.Collect$$libinit$$00000006)
    __rt_lib_init_rand_1                     0x0800029f   Thumb Code     0  libinit2.o(.ARM.Collect$$libinit$$00000010)
    __rt_lib_init_relocate_pie_1             0x0800029f   Thumb Code     0  libinit2.o(.ARM.Collect$$libinit$$00000004)
    __rt_lib_init_user_alloc_1               0x0800029f   Thumb Code     0  libinit2.o(.ARM.Collect$$libinit$$0000000E)
    __rt_lib_init_lc_collate_1               0x080002a5   Thumb Code     0  libinit2.o(.ARM.Collect$$libinit$$00000013)
    __rt_lib_init_lc_ctype_2                 0x080002a5   Thumb Code     0  libinit2.o(.ARM.Collect$$libinit$$00000014)
    __rt_lib_init_lc_ctype_1                 0x080002b1   Thumb Code     0  libinit2.o(.ARM.Collect$$libinit$$00000015)
    __rt_lib_init_lc_monetary_1              0x080002b1   Thumb Code     0  libinit2.o(.ARM.Collect$$libinit$$00000017)
    __rt_lib_init_lc_numeric_2               0x080002b1   Thumb Code     0  libinit2.o(.ARM.Collect$$libinit$$00000018)
    __rt_lib_init_alloca_1                   0x080002bb   Thumb Code     0  libinit2.o(.ARM.Collect$$libinit$$00000030)
    __rt_lib_init_argv_1                     0x080002bb   Thumb Code     0  libinit2.o(.ARM.Collect$$libinit$$0000002E)
    __rt_lib_init_atexit_1                   0x080002bb   Thumb Code     0  libinit2.o(.ARM.Collect$$libinit$$0000001D)
    __rt_lib_init_clock_1                    0x080002bb   Thumb Code     0  libinit2.o(.ARM.Collect$$libinit$$00000023)
    __rt_lib_init_cpp_1                      0x080002bb   Thumb Code     0  libinit2.o(.ARM.Collect$$libinit$$00000034)
    __rt_lib_init_exceptions_1               0x080002bb   Thumb Code     0  libinit2.o(.ARM.Collect$$libinit$$00000032)
    __rt_lib_init_fp_trap_1                  0x080002bb   Thumb Code     0  libinit2.o(.ARM.Collect$$libinit$$00000021)
    __rt_lib_init_getenv_1                   0x080002bb   Thumb Code     0  libinit2.o(.ARM.Collect$$libinit$$00000025)
    __rt_lib_init_lc_numeric_1               0x080002bb   Thumb Code     0  libinit2.o(.ARM.Collect$$libinit$$00000019)
    __rt_lib_init_lc_time_1                  0x080002bb   Thumb Code     0  libinit2.o(.ARM.Collect$$libinit$$0000001B)
    __rt_lib_init_return                     0x080002bb   Thumb Code     0  libinit2.o(.ARM.Collect$$libinit$$00000035)
    __rt_lib_init_signal_1                   0x080002bb   Thumb Code     0  libinit2.o(.ARM.Collect$$libinit$$0000001F)
    __rt_lib_init_stdio_1                    0x080002bb   Thumb Code     0  libinit2.o(.ARM.Collect$$libinit$$00000027)
    __rt_lib_shutdown                        0x080002bd   Thumb Code     0  libshutdown.o(.ARM.Collect$$libshutdown$$00000000)
    __rt_lib_shutdown_cpp_1                  0x080002bf   Thumb Code     0  libshutdown2.o(.ARM.Collect$$libshutdown$$00000002)
    __rt_lib_shutdown_fp_trap_1              0x080002bf   Thumb Code     0  libshutdown2.o(.ARM.Collect$$libshutdown$$00000007)
    __rt_lib_shutdown_heap_1                 0x080002bf   Thumb Code     0  libshutdown2.o(.ARM.Collect$$libshutdown$$0000000F)
    __rt_lib_shutdown_return                 0x080002bf   Thumb Code     0  libshutdown2.o(.ARM.Collect$$libshutdown$$00000010)
    __rt_lib_shutdown_signal_1               0x080002bf   Thumb Code     0  libshutdown2.o(.ARM.Collect$$libshutdown$$0000000A)
    __rt_lib_shutdown_stdio_1                0x080002bf   Thumb Code     0  libshutdown2.o(.ARM.Collect$$libshutdown$$00000004)
    __rt_lib_shutdown_user_alloc_1           0x080002bf   Thumb Code     0  libshutdown2.o(.ARM.Collect$$libshutdown$$0000000C)
    __rt_entry                               0x080002c1   Thumb Code     0  __rtentry.o(.ARM.Collect$$rtentry$$00000000)
    __rt_entry_presh_1                       0x080002c1   Thumb Code     0  __rtentry2.o(.ARM.Collect$$rtentry$$00000002)
    __rt_entry_sh                            0x080002c1   Thumb Code     0  __rtentry4.o(.ARM.Collect$$rtentry$$00000004)
    __rt_entry_li                            0x080002c7   Thumb Code     0  __rtentry2.o(.ARM.Collect$$rtentry$$0000000A)
    __rt_entry_postsh_1                      0x080002c7   Thumb Code     0  __rtentry2.o(.ARM.Collect$$rtentry$$00000009)
    __rt_entry_main                          0x080002cb   Thumb Code     0  __rtentry2.o(.ARM.Collect$$rtentry$$0000000D)
    __rt_entry_postli_1                      0x080002cb   Thumb Code     0  __rtentry2.o(.ARM.Collect$$rtentry$$0000000C)
    __rt_exit                                0x080002d3   Thumb Code     0  rtexit.o(.ARM.Collect$$rtexit$$00000000)
    __rt_exit_ls                             0x080002d5   Thumb Code     0  rtexit2.o(.ARM.Collect$$rtexit$$00000003)
    __rt_exit_prels_1                        0x080002d5   Thumb Code     0  rtexit2.o(.ARM.Collect$$rtexit$$00000002)
    __rt_exit_exit                           0x080002d9   Thumb Code     0  rtexit2.o(.ARM.Collect$$rtexit$$00000004)
    Reset_Handler                            0x080002e1   Thumb Code     8  startup_stm32f401xe.o(.text)
    NMI_Handler                              0x080002e9   Thumb Code     2  startup_stm32f401xe.o(.text)
    HardFault_Handler                        0x080002eb   Thumb Code     2  startup_stm32f401xe.o(.text)
    MemManage_Handler                        0x080002ed   Thumb Code     2  startup_stm32f401xe.o(.text)
    BusFault_Handler                         0x080002ef   Thumb Code     2  startup_stm32f401xe.o(.text)
    UsageFault_Handler                       0x080002f1   Thumb Code     2  startup_stm32f401xe.o(.text)
    SVC_Handler                              0x080002f3   Thumb Code     2  startup_stm32f401xe.o(.text)
    DebugMon_Handler                         0x080002f5   Thumb Code     2  startup_stm32f401xe.o(.text)
    PendSV_Handler                           0x080002f7   Thumb Code     2  startup_stm32f401xe.o(.text)
    ADC_IRQHandler                           0x080002fb   Thumb Code     0  startup_stm32f401xe.o(.text)
    DMA1_Stream0_IRQHandler                  0x080002fb   Thumb Code     0  startup_stm32f401xe.o(.text)
    DMA1_Stream1_IRQHandler                  0x080002fb   Thumb Code     0  startup_stm32f401xe.o(.text)
    DMA1_Stream2_IRQHandler                  0x080002fb   Thumb Code     0  startup_stm32f401xe.o(.text)
    DMA1_Stream3_IRQHandler                  0x080002fb   Thumb Code     0  startup_stm32f401xe.o(.text)
    DMA1_Stream4_IRQHandler                  0x080002fb   Thumb Code     0  startup_stm32f401xe.o(.text)
    DMA1_Stream5_IRQHandler                  0x080002fb   Thumb Code     0  startup_stm32f401xe.o(.text)
    DMA1_Stream6_IRQHandler                  0x080002fb   Thumb Code     0  startup_stm32f401xe.o(.text)
    DMA1_Stream7_IRQHandler                  0x080002fb   Thumb Code     0  startup_stm32f401xe.o(.text)
    DMA2_Stream0_IRQHandler                  0x080002fb   Thumb Code     0  startup_stm32f401xe.o(.text)
    DMA2_Stream1_IRQHandler                  0x080002fb   Thumb Code     0  startup_stm32f401xe.o(.text)
    DMA2_Stream2_IRQHandler                  0x080002fb   Thumb Code     0  startup_stm32f401xe.o(.text)
    DMA2_Stream3_IRQHandler                  0x080002fb   Thumb Code     0  startup_stm32f401xe.o(.text)
    DMA2_Stream4_IRQHandler                  0x080002fb   Thumb Code     0  startup_stm32f401xe.o(.text)
    DMA2_Stream5_IRQHandler                  0x080002fb   Thumb Code     0  startup_stm32f401xe.o(.text)
    DMA2_Stream6_IRQHandler                  0x080002fb   Thumb Code     0  startup_stm32f401xe.o(.text)
    DMA2_Stream7_IRQHandler                  0x080002fb   Thumb Code     0  startup_stm32f401xe.o(.text)
    EXTI0_IRQHandler                         0x080002fb   Thumb Code     0  startup_stm32f401xe.o(.text)
    EXTI15_10_IRQHandler                     0x080002fb   Thumb Code     0  startup_stm32f401xe.o(.text)
    EXTI1_IRQHandler                         0x080002fb   Thumb Code     0  startup_stm32f401xe.o(.text)
    EXTI2_IRQHandler                         0x080002fb   Thumb Code     0  startup_stm32f401xe.o(.text)
    EXTI3_IRQHandler                         0x080002fb   Thumb Code     0  startup_stm32f401xe.o(.text)
    EXTI4_IRQHandler                         0x080002fb   Thumb Code     0  startup_stm32f401xe.o(.text)
    EXTI9_5_IRQHandler                       0x080002fb   Thumb Code     0  startup_stm32f401xe.o(.text)
    FLASH_IRQHandler                         0x080002fb   Thumb Code     0  startup_stm32f401xe.o(.text)
    FPU_IRQHandler                           0x080002fb   Thumb Code     0  startup_stm32f401xe.o(.text)
    I2C1_ER_IRQHandler                       0x080002fb   Thumb Code     0  startup_stm32f401xe.o(.text)
    I2C1_EV_IRQHandler                       0x080002fb   Thumb Code     0  startup_stm32f401xe.o(.text)
    I2C2_ER_IRQHandler                       0x080002fb   Thumb Code     0  startup_stm32f401xe.o(.text)
    I2C2_EV_IRQHandler                       0x080002fb   Thumb Code     0  startup_stm32f401xe.o(.text)
    I2C3_ER_IRQHandler                       0x080002fb   Thumb Code     0  startup_stm32f401xe.o(.text)
    I2C3_EV_IRQHandler                       0x080002fb   Thumb Code     0  startup_stm32f401xe.o(.text)
    OTG_FS_IRQHandler                        0x080002fb   Thumb Code     0  startup_stm32f401xe.o(.text)
    OTG_FS_WKUP_IRQHandler                   0x080002fb   Thumb Code     0  startup_stm32f401xe.o(.text)
    PVD_IRQHandler                           0x080002fb   Thumb Code     0  startup_stm32f401xe.o(.text)
    RCC_IRQHandler                           0x080002fb   Thumb Code     0  startup_stm32f401xe.o(.text)
    RTC_Alarm_IRQHandler                     0x080002fb   Thumb Code     0  startup_stm32f401xe.o(.text)
    RTC_WKUP_IRQHandler                      0x080002fb   Thumb Code     0  startup_stm32f401xe.o(.text)
    SDIO_IRQHandler                          0x080002fb   Thumb Code     0  startup_stm32f401xe.o(.text)
    SPI1_IRQHandler                          0x080002fb   Thumb Code     0  startup_stm32f401xe.o(.text)
    SPI2_IRQHandler                          0x080002fb   Thumb Code     0  startup_stm32f401xe.o(.text)
    SPI3_IRQHandler                          0x080002fb   Thumb Code     0  startup_stm32f401xe.o(.text)
    SPI4_IRQHandler                          0x080002fb   Thumb Code     0  startup_stm32f401xe.o(.text)
    TAMP_STAMP_IRQHandler                    0x080002fb   Thumb Code     0  startup_stm32f401xe.o(.text)
    TIM1_BRK_TIM9_IRQHandler                 0x080002fb   Thumb Code     0  startup_stm32f401xe.o(.text)
    TIM1_CC_IRQHandler                       0x080002fb   Thumb Code     0  startup_stm32f401xe.o(.text)
    TIM1_TRG_COM_TIM11_IRQHandler            0x080002fb   Thumb Code     0  startup_stm32f401xe.o(.text)
    TIM1_UP_TIM10_IRQHandler                 0x080002fb   Thumb Code     0  startup_stm32f401xe.o(.text)
    TIM2_IRQHandler                          0x080002fb   Thumb Code     0  startup_stm32f401xe.o(.text)
    TIM3_IRQHandler                          0x080002fb   Thumb Code     0  startup_stm32f401xe.o(.text)
    TIM4_IRQHandler                          0x080002fb   Thumb Code     0  startup_stm32f401xe.o(.text)
    TIM5_IRQHandler                          0x080002fb   Thumb Code     0  startup_stm32f401xe.o(.text)
    USART1_IRQHandler                        0x080002fb   Thumb Code     0  startup_stm32f401xe.o(.text)
    USART2_IRQHandler                        0x080002fb   Thumb Code     0  startup_stm32f401xe.o(.text)
    USART6_IRQHandler                        0x080002fb   Thumb Code     0  startup_stm32f401xe.o(.text)
    WWDG_IRQHandler                          0x080002fb   Thumb Code     0  startup_stm32f401xe.o(.text)
    __user_initial_stackheap                 0x080002fd   Thumb Code     0  startup_stm32f401xe.o(.text)
    sprintf                                  0x08000321   Thumb Code    38  sprintf.o(.text)
    strlen                                   0x0800034d   Thumb Code    62  strlen.o(.text)
    __aeabi_memcpy                           0x0800038b   Thumb Code     0  rt_memcpy_v6.o(.text)
    __rt_memcpy                              0x0800038b   Thumb Code   138  rt_memcpy_v6.o(.text)
    _memcpy_lastbytes                        0x080003f1   Thumb Code     0  rt_memcpy_v6.o(.text)
    __use_two_region_memory                  0x08000415   Thumb Code     2  heapauxi.o(.text)
    __rt_heap_escrow$2region                 0x08000417   Thumb Code     2  heapauxi.o(.text)
    __rt_heap_expand$2region                 0x08000419   Thumb Code     2  heapauxi.o(.text)
    _printf_pre_padding                      0x0800041b   Thumb Code    44  _printf_pad.o(.text)
    _printf_post_padding                     0x08000447   Thumb Code    34  _printf_pad.o(.text)
    _printf_truncate_signed                  0x08000469   Thumb Code    18  _printf_truncate.o(.text)
    _printf_truncate_unsigned                0x0800047b   Thumb Code    18  _printf_truncate.o(.text)
    _printf_str                              0x0800048d   Thumb Code    82  _printf_str.o(.text)
    _printf_int_dec                          0x080004e1   Thumb Code   104  _printf_dec.o(.text)
    _printf_charcount                        0x08000559   Thumb Code    40  _printf_charcount.o(.text)
    _printf_char_common                      0x0800058b   Thumb Code    32  _printf_char_common.o(.text)
    _sputc                                   0x080005b1   Thumb Code    10  _sputc.o(.text)
    _printf_wctomb                           0x080005bd   Thumb Code   182  _printf_wctomb.o(.text)
    _printf_longlong_dec                     0x08000679   Thumb Code   108  _printf_longlong_dec.o(.text)
    _printf_longlong_oct                     0x080006f5   Thumb Code    68  _printf_oct_int_ll.o(.text)
    _printf_int_oct                          0x08000739   Thumb Code    24  _printf_oct_int_ll.o(.text)
    _printf_ll_oct                           0x08000751   Thumb Code    12  _printf_oct_int_ll.o(.text)
    _printf_longlong_hex                     0x08000765   Thumb Code    86  _printf_hex_int_ll_ptr.o(.text)
    _printf_int_hex                          0x080007bb   Thumb Code    28  _printf_hex_int_ll_ptr.o(.text)
    _printf_ll_hex                           0x080007d7   Thumb Code    12  _printf_hex_int_ll_ptr.o(.text)
    _printf_hex_ptr                          0x080007e3   Thumb Code    18  _printf_hex_int_ll_ptr.o(.text)
    __printf                                 0x080007f9   Thumb Code   388  __printf_flags_ss_wp.o(.text)
    __aeabi_memcpy4                          0x08000981   Thumb Code     0  rt_memcpy_w.o(.text)
    __aeabi_memcpy8                          0x08000981   Thumb Code     0  rt_memcpy_w.o(.text)
    __rt_memcpy_w                            0x08000981   Thumb Code   100  rt_memcpy_w.o(.text)
    _memcpy_lastbytes_aligned                0x080009c9   Thumb Code     0  rt_memcpy_w.o(.text)
    _ll_udiv10                               0x080009e5   Thumb Code   138  lludiv10.o(.text)
    _printf_int_common                       0x08000a6f   Thumb Code   178  _printf_intcommon.o(.text)
    _printf_fp_dec_real                      0x08000cd1   Thumb Code   620  _printf_fp_dec.o(.text)
    _printf_fp_hex_real                      0x08000f3d   Thumb Code   756  _printf_fp_hex.o(.text)
    _printf_cs_common                        0x08001239   Thumb Code    20  _printf_char.o(.text)
    _printf_char                             0x0800124d   Thumb Code    16  _printf_char.o(.text)
    _printf_string                           0x0800125d   Thumb Code     8  _printf_char.o(.text)
    _printf_lcs_common                       0x08001265   Thumb Code    20  _printf_wchar.o(.text)
    _printf_wchar                            0x08001279   Thumb Code    16  _printf_wchar.o(.text)
    _printf_wstring                          0x08001289   Thumb Code     8  _printf_wchar.o(.text)
    _c16rtomb                                0x08001291   Thumb Code    72  _c16rtomb.o(.text)
    _wcrtomb                                 0x08001291   Thumb Code     0  _c16rtomb.o(.text)
    __user_setup_stackheap                   0x080012d9   Thumb Code    74  sys_stackheap_outer.o(.text)
    __rt_ctype_table                         0x08001325   Thumb Code    16  rt_ctype_table.o(.text)
    __rt_locale                              0x08001335   Thumb Code     8  rt_locale_intlibspace.o(.text)
    _printf_fp_infnan                        0x0800133d   Thumb Code   112  _printf_fp_infnan.o(.text)
    _btod_etento                             0x080013bd   Thumb Code   224  bigflt0.o(.text)
    exit                                     0x080014a1   Thumb Code    18  exit.o(.text)
    __user_libspace                          0x080014b5   Thumb Code     8  libspace.o(.text)
    __user_perproc_libspace                  0x080014b5   Thumb Code     0  libspace.o(.text)
    __user_perthread_libspace                0x080014b5   Thumb Code     0  libspace.o(.text)
    strcmp                                   0x080014c1   Thumb Code   124  strcmpv7em.o(.text)
    _sys_exit                                0x0800153d   Thumb Code     8  sys_exit.o(.text)
    __I$use$semihosting                      0x08001549   Thumb Code     0  use_no_semi.o(.text)
    __use_no_semihosting_swi                 0x08001549   Thumb Code     2  use_no_semi.o(.text)
    __semihosting_library_function           0x0800154b   Thumb Code     0  indicate_semi.o(.text)
    HAL_Delay                                0x0800154d   Thumb Code    66  stm32f4xx_hal.o(.text.HAL_Delay)
    HAL_GPIO_Init                            0x08001591   Thumb Code   866  stm32f4xx_hal_gpio.o(.text.HAL_GPIO_Init)
    HAL_GPIO_ReadPin                         0x080018f5   Thumb Code    46  stm32f4xx_hal_gpio.o(.text.HAL_GPIO_ReadPin)
    HAL_GPIO_WritePin                        0x08001925   Thumb Code    46  stm32f4xx_hal_gpio.o(.text.HAL_GPIO_WritePin)
    HAL_GetTick                              0x08001955   Thumb Code    12  stm32f4xx_hal.o(.text.HAL_GetTick)
    HAL_IncTick                              0x08001961   Thumb Code    26  stm32f4xx_hal.o(.text.HAL_IncTick)
    HAL_Init                                 0x0800197d   Thumb Code    46  stm32f4xx_hal.o(.text.HAL_Init)
    HAL_InitTick                             0x080019ad   Thumb Code   112  stm32f4xx_hal.o(.text.HAL_InitTick)
    HAL_MspInit                              0x08001a1d   Thumb Code     2  stm32f4xx_hal.o(.text.HAL_MspInit)
    HAL_NVIC_SetPriority                     0x08001a21   Thumb Code    50  stm32f4xx_hal_cortex.o(.text.HAL_NVIC_SetPriority)
    HAL_NVIC_SetPriorityGrouping             0x08001a55   Thumb Code    16  stm32f4xx_hal_cortex.o(.text.HAL_NVIC_SetPriorityGrouping)
    HAL_SYSTICK_Config                       0x08001a65   Thumb Code    16  stm32f4xx_hal_cortex.o(.text.HAL_SYSTICK_Config)
    Keypad4x4_GetInt                         0x08001c61   Thumb Code    26  my_keypad4x4.o(.text.Keypad4x4_GetInt)
    Keypad4x4_Init                           0x08001c7d   Thumb Code   230  my_keypad4x4.o(.text.Keypad4x4_Init)
    Keypad4x4_ReadKeypad                     0x08001d65   Thumb Code   362  my_keypad4x4.o(.text.Keypad4x4_ReadKeypad)
    LCD_Clear                                0x08001ed1   Thumb Code    16  lcd.o(.text.LCD_Clear)
    LCD_Delay_ms                             0x08002029   Thumb Code    20  lcd.o(.text.LCD_Delay_ms)
    LCD_Delay_us                             0x0800203d   Thumb Code   124  lcd.o(.text.LCD_Delay_us)
    LCD_DisplayOn                            0x080020b9   Thumb Code    30  lcd.o(.text.LCD_DisplayOn)
    LCD_Init                                 0x080020d9   Thumb Code   280  lcd.o(.text.LCD_Init)
    LCD_Puts                                 0x080021f1   Thumb Code   182  lcd.o(.text.LCD_Puts)
    SysTick_Handler                          0x08002369   Thumb Code     8  main.o(.text.SysTick_Handler)
    SystemCoreClockUpdate                    0x08002371   Thumb Code   302  system_stm32f4xx.o(.text.SystemCoreClockUpdate)
    SystemInit                               0x080024a1   Thumb Code    18  system_stm32f4xx.o(.text.SystemInit)
    UARTSend                                 0x080024b5   Thumb Code    74  main.o(.text.UARTSend)
    main                                     0x08002591   Thumb Code  2006  main.o(.text.main)
    _btod_d2e                                0x08002d67   Thumb Code    62  btod.o(CL$$btod_d2e)
    _d2e_denorm_low                          0x08002da5   Thumb Code    70  btod.o(CL$$btod_d2e_denorm_low)
    _d2e_norm_op1                            0x08002deb   Thumb Code    96  btod.o(CL$$btod_d2e_norm_op1)
    __btod_div_common                        0x08002e4d   Thumb Code   696  btod.o(CL$$btod_div_common)
    _e2e                                     0x08003185   Thumb Code   220  btod.o(CL$$btod_e2e)
    _btod_ediv                               0x08003261   Thumb Code    42  btod.o(CL$$btod_ediv)
    _btod_emul                               0x0800328b   Thumb Code    42  btod.o(CL$$btod_emul)
    __btod_mult_common                       0x080032b5   Thumb Code   580  btod.o(CL$$btod_mult_common)
    __ARM_fpclassify                         0x080034f9   Thumb Code    48  fpclassify.o(i.__ARM_fpclassify)
    _is_digit                                0x08003529   Thumb Code    14  __printf_wp.o(i._is_digit)
    _get_lc_numeric                          0x08003539   Thumb Code    44  lc_numeric_c.o(locale$$code)
    _get_lc_ctype                            0x08003565   Thumb Code    44  lc_ctype_c.o(locale$$code)
    __aeabi_d2f                              0x08003591   Thumb Code     0  d2f.o(x$fpl$d2f)
    _d2f                                     0x08003591   Thumb Code    98  d2f.o(x$fpl$d2f)
    __aeabi_dadd                             0x080035f5   Thumb Code     0  daddsub_clz.o(x$fpl$dadd)
    _dadd                                    0x080035f5   Thumb Code   332  daddsub_clz.o(x$fpl$dadd)
    __aeabi_dmul                             0x08003745   Thumb Code     0  dmul.o(x$fpl$dmul)
    _dmul                                    0x08003745   Thumb Code   332  dmul.o(x$fpl$dmul)
    __fpl_dnaninf                            0x08003899   Thumb Code   156  dnaninf.o(x$fpl$dnaninf)
    __fpl_dretinf                            0x08003935   Thumb Code    12  dretinf.o(x$fpl$dretinf)
    __aeabi_dsub                             0x08003941   Thumb Code     0  daddsub_clz.o(x$fpl$dsub)
    _dsub                                    0x08003941   Thumb Code   472  daddsub_clz.o(x$fpl$dsub)
    __aeabi_f2d                              0x08003b1d   Thumb Code     0  f2d.o(x$fpl$f2d)
    _f2d                                     0x08003b1d   Thumb Code    86  f2d.o(x$fpl$f2d)
    __fpl_fnaninf                            0x08003b73   Thumb Code   140  fnaninf.o(x$fpl$fnaninf)
    _fp_init                                 0x08003bff   Thumb Code    26  fpinit.o(x$fpl$fpinit)
    __fplib_config_fpu_vfp                   0x08003c17   Thumb Code     0  fpinit.o(x$fpl$fpinit)
    __fplib_config_pureend_doubles           0x08003c17   Thumb Code     0  fpinit.o(x$fpl$fpinit)
    __fpl_fretinf                            0x08003c19   Thumb Code    10  fretinf.o(x$fpl$fretinf)
    _printf_fp_dec                           0x08003c23   Thumb Code     4  printf1.o(x$fpl$printf1)
    _printf_fp_hex                           0x08003c27   Thumb Code     4  printf2.o(x$fpl$printf2)
    __I$use$fp                               0x08003c2a   Number         0  usenofp.o(x$fpl$usenofp)
    AHBPrescTable                            0x08003d5a   Data          16  system_stm32f4xx.o(.rodata.AHBPrescTable)
    Region$$Table$$Base                      0x08003e5c   Number         0  anon$$obj.o(Region$$Table)
    Region$$Table$$Limit                     0x08003e7c   Number         0  anon$$obj.o(Region$$Table)
    __ctype                                  0x08003ea5   Data           0  lc_ctype_c.o(locale$$data)
    SystemCoreClock                          0x20000000   Data           4  system_stm32f4xx.o(.data.SystemCoreClock)
    selectedWaveForm                         0x20000044   Data           4  main.o(.data.selectedWaveForm)
    uwTickFreq                               0x20000048   Data           1  stm32f4xx_hal.o(.data.uwTickFreq)
    uwTickPrio                               0x2000004c   Data           4  stm32f4xx_hal.o(.data.uwTickPrio)
    waveForm                                 0x20000050   Data          24  main.o(.data.waveForm)
    waveFormShort                            0x20000068   Data          24  main.o(.data.waveFormShort)
    __libspace_start                         0x20000080   Data          96  libspace.o(.bss)
    __temporary_stack_top$libspace           0x200000e0   Data           0  libspace.o(.bss)
    lcd                                      0x20000119   Data          32  main.o(.bss.lcd)
    lcd0                                     0x20000139   Data          16  main.o(.bss.lcd0)
    lcd1                                     0x20000149   Data          16  main.o(.bss.lcd1)
    oldResult                                0x2000015c   Data           4  main.o(.bss.oldResult)
    programState                             0x20000160   Data           4  main.o(.bss.programState)
    selectedFreq                             0x20000164   Data           4  main.o(.bss.selectedFreq)
    selectedTime                             0x20000168   Data           4  main.o(.bss.selectedTime)
    selectedWaveFormIndex                    0x2000016c   Data           4  main.o(.bss.selectedWaveFormIndex)
    uwTick                                   0x20000170   Data           4  stm32f4xx_hal.o(.bss.uwTick)



==============================================================================

Memory Map of the image

  Image Entry point : 0x08000195

  Load Region LR_IROM1 (Base: 0x08000000, Size: 0x00004028, Max: 0x00080000, ABSOLUTE)

    Execution Region ER_IROM1 (Exec base: 0x08000000, Load base: 0x08000000, Size: 0x00003fa8, Max: 0x00080000, ABSOLUTE)

    Exec Addr    Load Addr    Size         Type   Attr      Idx    E Section Name        Object

    0x08000000   0x08000000   0x00000194   Data   RO          383    RESET               startup_stm32f401xe.o
    0x08000194   0x08000194   0x00000008   Code   RO          416  * !!!main             c_w.l(__main.o)
    0x0800019c   0x0800019c   0x00000034   Code   RO          785    !!!scatter          c_w.l(__scatter.o)
    0x080001d0   0x080001d0   0x0000001a   Code   RO          787    !!handler_copy      c_w.l(__scatter_copy.o)
    0x080001ea   0x080001ea   0x00000002   PAD
    0x080001ec   0x080001ec   0x0000001c   Code   RO          789    !!handler_zi        c_w.l(__scatter_zi.o)
    0x08000208   0x08000208   0x00000000   Code   RO          516    .ARM.Collect$$_printf_percent$$00000000  c_w.l(_printf_percent.o)
    0x08000208   0x08000208   0x00000006   Code   RO          505    .ARM.Collect$$_printf_percent$$00000001  c_w.l(_printf_n.o)
    0x0800020e   0x0800020e   0x00000006   Code   RO          507    .ARM.Collect$$_printf_percent$$00000002  c_w.l(_printf_p.o)
    0x08000214   0x08000214   0x00000006   Code   RO          512    .ARM.Collect$$_printf_percent$$00000003  c_w.l(_printf_f.o)
    0x0800021a   0x0800021a   0x00000006   Code   RO          513    .ARM.Collect$$_printf_percent$$00000004  c_w.l(_printf_e.o)
    0x08000220   0x08000220   0x00000006   Code   RO          514    .ARM.Collect$$_printf_percent$$00000005  c_w.l(_printf_g.o)
    0x08000226   0x08000226   0x00000006   Code   RO          515    .ARM.Collect$$_printf_percent$$00000006  c_w.l(_printf_a.o)
    0x0800022c   0x0800022c   0x0000000a   Code   RO          520    .ARM.Collect$$_printf_percent$$00000007  c_w.l(_printf_ll.o)
    0x08000236   0x08000236   0x00000006   Code   RO          509    .ARM.Collect$$_printf_percent$$00000008  c_w.l(_printf_i.o)
    0x0800023c   0x0800023c   0x00000006   Code   RO          510    .ARM.Collect$$_printf_percent$$00000009  c_w.l(_printf_d.o)
    0x08000242   0x08000242   0x00000006   Code   RO          511    .ARM.Collect$$_printf_percent$$0000000A  c_w.l(_printf_u.o)
    0x08000248   0x08000248   0x00000006   Code   RO          508    .ARM.Collect$$_printf_percent$$0000000B  c_w.l(_printf_o.o)
    0x0800024e   0x0800024e   0x00000006   Code   RO          506    .ARM.Collect$$_printf_percent$$0000000C  c_w.l(_printf_x.o)
    0x08000254   0x08000254   0x00000006   Code   RO          517    .ARM.Collect$$_printf_percent$$0000000D  c_w.l(_printf_lli.o)
    0x0800025a   0x0800025a   0x00000006   Code   RO          518    .ARM.Collect$$_printf_percent$$0000000E  c_w.l(_printf_lld.o)
    0x08000260   0x08000260   0x00000006   Code   RO          519    .ARM.Collect$$_printf_percent$$0000000F  c_w.l(_printf_llu.o)
    0x08000266   0x08000266   0x00000006   Code   RO          524    .ARM.Collect$$_printf_percent$$00000010  c_w.l(_printf_llo.o)
    0x0800026c   0x0800026c   0x00000006   Code   RO          525    .ARM.Collect$$_printf_percent$$00000011  c_w.l(_printf_llx.o)
    0x08000272   0x08000272   0x0000000a   Code   RO          521    .ARM.Collect$$_printf_percent$$00000012  c_w.l(_printf_l.o)
    0x0800027c   0x0800027c   0x00000006   Code   RO          503    .ARM.Collect$$_printf_percent$$00000013  c_w.l(_printf_c.o)
    0x08000282   0x08000282   0x00000006   Code   RO          504    .ARM.Collect$$_printf_percent$$00000014  c_w.l(_printf_s.o)
    0x08000288   0x08000288   0x00000006   Code   RO          522    .ARM.Collect$$_printf_percent$$00000015  c_w.l(_printf_lc.o)
    0x0800028e   0x0800028e   0x00000006   Code   RO          523    .ARM.Collect$$_printf_percent$$00000016  c_w.l(_printf_ls.o)
    0x08000294   0x08000294   0x00000004   Code   RO          579    .ARM.Collect$$_printf_percent$$00000017  c_w.l(_printf_percent_end.o)
    0x08000298   0x08000298   0x00000002   Code   RO          634    .ARM.Collect$$libinit$$00000000  c_w.l(libinit.o)
    0x0800029a   0x0800029a   0x00000004   Code   RO          657    .ARM.Collect$$libinit$$00000001  c_w.l(libinit2.o)
    0x0800029e   0x0800029e   0x00000000   Code   RO          660    .ARM.Collect$$libinit$$00000004  c_w.l(libinit2.o)
    0x0800029e   0x0800029e   0x00000000   Code   RO          662    .ARM.Collect$$libinit$$00000006  c_w.l(libinit2.o)
    0x0800029e   0x0800029e   0x00000000   Code   RO          665    .ARM.Collect$$libinit$$0000000C  c_w.l(libinit2.o)
    0x0800029e   0x0800029e   0x00000000   Code   RO          667    .ARM.Collect$$libinit$$0000000E  c_w.l(libinit2.o)
    0x0800029e   0x0800029e   0x00000000   Code   RO          669    .ARM.Collect$$libinit$$00000010  c_w.l(libinit2.o)
    0x0800029e   0x0800029e   0x00000006   Code   RO          670    .ARM.Collect$$libinit$$00000011  c_w.l(libinit2.o)
    0x080002a4   0x080002a4   0x00000000   Code   RO          672    .ARM.Collect$$libinit$$00000013  c_w.l(libinit2.o)
    0x080002a4   0x080002a4   0x0000000c   Code   RO          673    .ARM.Collect$$libinit$$00000014  c_w.l(libinit2.o)
    0x080002b0   0x080002b0   0x00000000   Code   RO          674    .ARM.Collect$$libinit$$00000015  c_w.l(libinit2.o)
    0x080002b0   0x080002b0   0x00000000   Code   RO          676    .ARM.Collect$$libinit$$00000017  c_w.l(libinit2.o)
    0x080002b0   0x080002b0   0x0000000a   Code   RO          677    .ARM.Collect$$libinit$$00000018  c_w.l(libinit2.o)
    0x080002ba   0x080002ba   0x00000000   Code   RO          678    .ARM.Collect$$libinit$$00000019  c_w.l(libinit2.o)
    0x080002ba   0x080002ba   0x00000000   Code   RO          680    .ARM.Collect$$libinit$$0000001B  c_w.l(libinit2.o)
    0x080002ba   0x080002ba   0x00000000   Code   RO          682    .ARM.Collect$$libinit$$0000001D  c_w.l(libinit2.o)
    0x080002ba   0x080002ba   0x00000000   Code   RO          684    .ARM.Collect$$libinit$$0000001F  c_w.l(libinit2.o)
    0x080002ba   0x080002ba   0x00000000   Code   RO          686    .ARM.Collect$$libinit$$00000021  c_w.l(libinit2.o)
    0x080002ba   0x080002ba   0x00000000   Code   RO          688    .ARM.Collect$$libinit$$00000023  c_w.l(libinit2.o)
    0x080002ba   0x080002ba   0x00000000   Code   RO          690    .ARM.Collect$$libinit$$00000025  c_w.l(libinit2.o)
    0x080002ba   0x080002ba   0x00000000   Code   RO          692    .ARM.Collect$$libinit$$00000027  c_w.l(libinit2.o)
    0x080002ba   0x080002ba   0x00000000   Code   RO          696    .ARM.Collect$$libinit$$0000002E  c_w.l(libinit2.o)
    0x080002ba   0x080002ba   0x00000000   Code   RO          698    .ARM.Collect$$libinit$$00000030  c_w.l(libinit2.o)
    0x080002ba   0x080002ba   0x00000000   Code   RO          700    .ARM.Collect$$libinit$$00000032  c_w.l(libinit2.o)
    0x080002ba   0x080002ba   0x00000000   Code   RO          702    .ARM.Collect$$libinit$$00000034  c_w.l(libinit2.o)
    0x080002ba   0x080002ba   0x00000002   Code   RO          703    .ARM.Collect$$libinit$$00000035  c_w.l(libinit2.o)
    0x080002bc   0x080002bc   0x00000002   Code   RO          740    .ARM.Collect$$libshutdown$$00000000  c_w.l(libshutdown.o)
    0x080002be   0x080002be   0x00000000   Code   RO          768    .ARM.Collect$$libshutdown$$00000002  c_w.l(libshutdown2.o)
    0x080002be   0x080002be   0x00000000   Code   RO          770    .ARM.Collect$$libshutdown$$00000004  c_w.l(libshutdown2.o)
    0x080002be   0x080002be   0x00000000   Code   RO          773    .ARM.Collect$$libshutdown$$00000007  c_w.l(libshutdown2.o)
    0x080002be   0x080002be   0x00000000   Code   RO          776    .ARM.Collect$$libshutdown$$0000000A  c_w.l(libshutdown2.o)
    0x080002be   0x080002be   0x00000000   Code   RO          778    .ARM.Collect$$libshutdown$$0000000C  c_w.l(libshutdown2.o)
    0x080002be   0x080002be   0x00000000   Code   RO          781    .ARM.Collect$$libshutdown$$0000000F  c_w.l(libshutdown2.o)
    0x080002be   0x080002be   0x00000002   Code   RO          782    .ARM.Collect$$libshutdown$$00000010  c_w.l(libshutdown2.o)
    0x080002c0   0x080002c0   0x00000000   Code   RO          430    .ARM.Collect$$rtentry$$00000000  c_w.l(__rtentry.o)
    0x080002c0   0x080002c0   0x00000000   Code   RO          546    .ARM.Collect$$rtentry$$00000002  c_w.l(__rtentry2.o)
    0x080002c0   0x080002c0   0x00000006   Code   RO          558    .ARM.Collect$$rtentry$$00000004  c_w.l(__rtentry4.o)
    0x080002c6   0x080002c6   0x00000000   Code   RO          548    .ARM.Collect$$rtentry$$00000009  c_w.l(__rtentry2.o)
    0x080002c6   0x080002c6   0x00000004   Code   RO          549    .ARM.Collect$$rtentry$$0000000A  c_w.l(__rtentry2.o)
    0x080002ca   0x080002ca   0x00000000   Code   RO          551    .ARM.Collect$$rtentry$$0000000C  c_w.l(__rtentry2.o)
    0x080002ca   0x080002ca   0x00000008   Code   RO          552    .ARM.Collect$$rtentry$$0000000D  c_w.l(__rtentry2.o)
    0x080002d2   0x080002d2   0x00000002   Code   RO          642    .ARM.Collect$$rtexit$$00000000  c_w.l(rtexit.o)
    0x080002d4   0x080002d4   0x00000000   Code   RO          709    .ARM.Collect$$rtexit$$00000002  c_w.l(rtexit2.o)
    0x080002d4   0x080002d4   0x00000004   Code   RO          710    .ARM.Collect$$rtexit$$00000003  c_w.l(rtexit2.o)
    0x080002d8   0x080002d8   0x00000006   Code   RO          711    .ARM.Collect$$rtexit$$00000004  c_w.l(rtexit2.o)
    0x080002de   0x080002de   0x00000002   PAD
    0x080002e0   0x080002e0   0x00000040   Code   RO          384    .text               startup_stm32f401xe.o
    0x08000320   0x08000320   0x0000002c   Code   RO          408    .text               c_w.l(sprintf.o)
    0x0800034c   0x0800034c   0x0000003e   Code   RO          410    .text               c_w.l(strlen.o)
    0x0800038a   0x0800038a   0x0000008a   Code   RO          412    .text               c_w.l(rt_memcpy_v6.o)
    0x08000414   0x08000414   0x00000006   Code   RO          414    .text               c_w.l(heapauxi.o)
    0x0800041a   0x0800041a   0x0000004e   Code   RO          437    .text               c_w.l(_printf_pad.o)
    0x08000468   0x08000468   0x00000024   Code   RO          439    .text               c_w.l(_printf_truncate.o)
    0x0800048c   0x0800048c   0x00000052   Code   RO          441    .text               c_w.l(_printf_str.o)
    0x080004de   0x080004de   0x00000002   PAD
    0x080004e0   0x080004e0   0x00000078   Code   RO          443    .text               c_w.l(_printf_dec.o)
    0x08000558   0x08000558   0x00000028   Code   RO          445    .text               c_w.l(_printf_charcount.o)
    0x08000580   0x08000580   0x00000030   Code   RO          447    .text               c_w.l(_printf_char_common.o)
    0x080005b0   0x080005b0   0x0000000a   Code   RO          449    .text               c_w.l(_sputc.o)
    0x080005ba   0x080005ba   0x00000002   PAD
    0x080005bc   0x080005bc   0x000000bc   Code   RO          451    .text               c_w.l(_printf_wctomb.o)
    0x08000678   0x08000678   0x0000007c   Code   RO          454    .text               c_w.l(_printf_longlong_dec.o)
    0x080006f4   0x080006f4   0x00000070   Code   RO          460    .text               c_w.l(_printf_oct_int_ll.o)
    0x08000764   0x08000764   0x00000094   Code   RO          480    .text               c_w.l(_printf_hex_int_ll_ptr.o)
    0x080007f8   0x080007f8   0x00000188   Code   RO          500    .text               c_w.l(__printf_flags_ss_wp.o)
    0x08000980   0x08000980   0x00000064   Code   RO          526    .text               c_w.l(rt_memcpy_w.o)
    0x080009e4   0x080009e4   0x0000008a   Code   RO          562    .text               c_w.l(lludiv10.o)
    0x08000a6e   0x08000a6e   0x000000b2   Code   RO          564    .text               c_w.l(_printf_intcommon.o)
    0x08000b20   0x08000b20   0x0000041c   Code   RO          566    .text               c_w.l(_printf_fp_dec.o)
    0x08000f3c   0x08000f3c   0x000002fc   Code   RO          570    .text               c_w.l(_printf_fp_hex.o)
    0x08001238   0x08001238   0x0000002c   Code   RO          575    .text               c_w.l(_printf_char.o)
    0x08001264   0x08001264   0x0000002c   Code   RO          577    .text               c_w.l(_printf_wchar.o)
    0x08001290   0x08001290   0x00000048   Code   RO          580    .text               c_w.l(_c16rtomb.o)
    0x080012d8   0x080012d8   0x0000004a   Code   RO          582    .text               c_w.l(sys_stackheap_outer.o)
    0x08001322   0x08001322   0x00000002   PAD
    0x08001324   0x08001324   0x00000010   Code   RO          584    .text               c_w.l(rt_ctype_table.o)
    0x08001334   0x08001334   0x00000008   Code   RO          589    .text               c_w.l(rt_locale_intlibspace.o)
    0x0800133c   0x0800133c   0x00000080   Code   RO          591    .text               c_w.l(_printf_fp_infnan.o)
    0x080013bc   0x080013bc   0x000000e4   Code   RO          593    .text               c_w.l(bigflt0.o)
    0x080014a0   0x080014a0   0x00000012   Code   RO          623    .text               c_w.l(exit.o)
    0x080014b2   0x080014b2   0x00000002   PAD
    0x080014b4   0x080014b4   0x00000008   Code   RO          639    .text               c_w.l(libspace.o)
    0x080014bc   0x080014bc   0x00000004   PAD
    0x080014c0   0x080014c0   0x0000007c   Code   RO          655    .text               c_w.l(strcmpv7em.o)
    0x0800153c   0x0800153c   0x0000000c   Code   RO          704    .text               c_w.l(sys_exit.o)
    0x08001548   0x08001548   0x00000002   Code   RO          729    .text               c_w.l(use_no_semi.o)
    0x0800154a   0x0800154a   0x00000000   Code   RO          731    .text               c_w.l(indicate_semi.o)
    0x0800154a   0x0800154a   0x00000002   PAD
    0x0800154c   0x0800154c   0x00000042   Code   RO          122    .text.HAL_Delay     stm32f4xx_hal.o
    0x0800158e   0x0800158e   0x00000002   PAD
    0x08001590   0x08001590   0x00000362   Code   RO          237    .text.HAL_GPIO_Init  stm32f4xx_hal_gpio.o
    0x080018f2   0x080018f2   0x00000002   PAD
    0x080018f4   0x080018f4   0x0000002e   Code   RO          241    .text.HAL_GPIO_ReadPin  stm32f4xx_hal_gpio.o
    0x08001922   0x08001922   0x00000002   PAD
    0x08001924   0x08001924   0x0000002e   Code   RO          243    .text.HAL_GPIO_WritePin  stm32f4xx_hal_gpio.o
    0x08001952   0x08001952   0x00000002   PAD
    0x08001954   0x08001954   0x0000000c   Code   RO          114    .text.HAL_GetTick   stm32f4xx_hal.o
    0x08001960   0x08001960   0x0000001a   Code   RO          112    .text.HAL_IncTick   stm32f4xx_hal.o
    0x0800197a   0x0800197a   0x00000002   PAD
    0x0800197c   0x0800197c   0x0000002e   Code   RO          102    .text.HAL_Init      stm32f4xx_hal.o
    0x080019aa   0x080019aa   0x00000002   PAD
    0x080019ac   0x080019ac   0x00000070   Code   RO          104    .text.HAL_InitTick  stm32f4xx_hal.o
    0x08001a1c   0x08001a1c   0x00000002   Code   RO          106    .text.HAL_MspInit   stm32f4xx_hal.o
    0x08001a1e   0x08001a1e   0x00000002   PAD
    0x08001a20   0x08001a20   0x00000032   Code   RO          170    .text.HAL_NVIC_SetPriority  stm32f4xx_hal_cortex.o
    0x08001a52   0x08001a52   0x00000002   PAD
    0x08001a54   0x08001a54   0x00000010   Code   RO          166    .text.HAL_NVIC_SetPriorityGrouping  stm32f4xx_hal_cortex.o
    0x08001a64   0x08001a64   0x00000010   Code   RO          190    .text.HAL_SYSTICK_Config  stm32f4xx_hal_cortex.o
    0x08001a74   0x08001a74   0x00000128   Code   RO           84    .text.Keypad4x4_ChangeColomn  my_keypad4x4.o
    0x08001b9c   0x08001b9c   0x000000c2   Code   RO           80    .text.Keypad4x4_FindPins_positions  my_keypad4x4.o
    0x08001c5e   0x08001c5e   0x00000002   PAD
    0x08001c60   0x08001c60   0x0000001a   Code   RO           88    .text.Keypad4x4_GetInt  my_keypad4x4.o
    0x08001c7a   0x08001c7a   0x00000002   PAD
    0x08001c7c   0x08001c7c   0x000000e6   Code   RO           78    .text.Keypad4x4_Init  my_keypad4x4.o
    0x08001d62   0x08001d62   0x00000002   PAD
    0x08001d64   0x08001d64   0x0000016a   Code   RO           82    .text.Keypad4x4_ReadKeypad  my_keypad4x4.o
    0x08001ece   0x08001ece   0x00000002   PAD
    0x08001ed0   0x08001ed0   0x00000010   Code   RO           41    .text.LCD_Clear     lcd.o
    0x08001ee0   0x08001ee0   0x00000032   Code   RO           37    .text.LCD_Cmd       lcd.o
    0x08001f12   0x08001f12   0x00000002   PAD
    0x08001f14   0x08001f14   0x00000088   Code   RO           35    .text.LCD_Cmd4bit   lcd.o
    0x08001f9c   0x08001f9c   0x00000058   Code   RO           45    .text.LCD_CursorSet  lcd.o
    0x08001ff4   0x08001ff4   0x00000032   Code   RO           47    .text.LCD_Data      lcd.o
    0x08002026   0x08002026   0x00000002   PAD
    0x08002028   0x08002028   0x00000014   Code   RO           31    .text.LCD_Delay_ms  lcd.o
    0x0800203c   0x0800203c   0x0000007c   Code   RO           29    .text.LCD_Delay_us  lcd.o
    0x080020b8   0x080020b8   0x0000001e   Code   RO           39    .text.LCD_DisplayOn  lcd.o
    0x080020d6   0x080020d6   0x00000002   PAD
    0x080020d8   0x080020d8   0x00000118   Code   RO           33    .text.LCD_Init      lcd.o
    0x080021f0   0x080021f0   0x000000b6   Code   RO           43    .text.LCD_Puts      lcd.o
    0x080022a6   0x080022a6   0x00000002   PAD
    0x080022a8   0x080022a8   0x0000006c   Code   RO          176    .text.NVIC_EncodePriority  stm32f4xx_hal_cortex.o
    0x08002314   0x08002314   0x00000052   Code   RO          192    .text.SysTick_Config  stm32f4xx_hal_cortex.o
    0x08002366   0x08002366   0x00000002   PAD
    0x08002368   0x08002368   0x00000008   Code   RO            6    .text.SysTick_Handler  main.o
    0x08002370   0x08002370   0x0000012e   Code   RO          393    .text.SystemCoreClockUpdate  system_stm32f4xx.o
    0x0800249e   0x0800249e   0x00000002   PAD
    0x080024a0   0x080024a0   0x00000012   Code   RO          391    .text.SystemInit    system_stm32f4xx.o
    0x080024b2   0x080024b2   0x00000002   PAD
    0x080024b4   0x080024b4   0x0000004a   Code   RO            2    .text.UARTSend      main.o
    0x080024fe   0x080024fe   0x00000002   PAD
    0x08002500   0x08002500   0x00000010   Code   RO          172    .text.__NVIC_GetPriorityGrouping  stm32f4xx_hal_cortex.o
    0x08002510   0x08002510   0x00000042   Code   RO          174    .text.__NVIC_SetPriority  stm32f4xx_hal_cortex.o
    0x08002552   0x08002552   0x00000002   PAD
    0x08002554   0x08002554   0x0000003c   Code   RO          168    .text.__NVIC_SetPriorityGrouping  stm32f4xx_hal_cortex.o
    0x08002590   0x08002590   0x000007d6   Code   RO            4    .text.main          main.o
    0x08002d66   0x08002d66   0x0000003e   Code   RO          596    CL$$btod_d2e        c_w.l(btod.o)
    0x08002da4   0x08002da4   0x00000046   Code   RO          598    CL$$btod_d2e_denorm_low  c_w.l(btod.o)
    0x08002dea   0x08002dea   0x00000060   Code   RO          597    CL$$btod_d2e_norm_op1  c_w.l(btod.o)
    0x08002e4a   0x08002e4a   0x00000002   PAD
    0x08002e4c   0x08002e4c   0x00000338   Code   RO          606    CL$$btod_div_common  c_w.l(btod.o)
    0x08003184   0x08003184   0x000000dc   Code   RO          603    CL$$btod_e2e        c_w.l(btod.o)
    0x08003260   0x08003260   0x0000002a   Code   RO          600    CL$$btod_ediv       c_w.l(btod.o)
    0x0800328a   0x0800328a   0x0000002a   Code   RO          599    CL$$btod_emul       c_w.l(btod.o)
    0x080032b4   0x080032b4   0x00000244   Code   RO          605    CL$$btod_mult_common  c_w.l(btod.o)
    0x080034f8   0x080034f8   0x00000030   Code   RO          637    i.__ARM_fpclassify  m_wm.l(fpclassify.o)
    0x08003528   0x08003528   0x0000000e   Code   RO          493    i._is_digit         c_w.l(__printf_wp.o)
    0x08003536   0x08003536   0x00000002   PAD
    0x08003538   0x08003538   0x0000002c   Code   RO          621    locale$$code        c_w.l(lc_numeric_c.o)
    0x08003564   0x08003564   0x0000002c   Code   RO          649    locale$$code        c_w.l(lc_ctype_c.o)
    0x08003590   0x08003590   0x00000062   Code   RO          418    x$fpl$d2f           fz_wm.l(d2f.o)
    0x080035f2   0x080035f2   0x00000002   PAD
    0x080035f4   0x080035f4   0x00000150   Code   RO          420    x$fpl$dadd          fz_wm.l(daddsub_clz.o)
    0x08003744   0x08003744   0x00000154   Code   RO          426    x$fpl$dmul          fz_wm.l(dmul.o)
    0x08003898   0x08003898   0x0000009c   Code   RO          528    x$fpl$dnaninf       fz_wm.l(dnaninf.o)
    0x08003934   0x08003934   0x0000000c   Code   RO          530    x$fpl$dretinf       fz_wm.l(dretinf.o)
    0x08003940   0x08003940   0x000001dc   Code   RO          422    x$fpl$dsub          fz_wm.l(daddsub_clz.o)
    0x08003b1c   0x08003b1c   0x00000056   Code   RO          428    x$fpl$f2d           fz_wm.l(f2d.o)
    0x08003b72   0x08003b72   0x0000008c   Code   RO          532    x$fpl$fnaninf       fz_wm.l(fnaninf.o)
    0x08003bfe   0x08003bfe   0x0000001a   Code   RO          723    x$fpl$fpinit        fz_wm.l(fpinit.o)
    0x08003c18   0x08003c18   0x0000000a   Code   RO          534    x$fpl$fretinf       fz_wm.l(fretinf.o)
    0x08003c22   0x08003c22   0x00000004   Code   RO          536    x$fpl$printf1       fz_wm.l(printf1.o)
    0x08003c26   0x08003c26   0x00000004   Code   RO          538    x$fpl$printf2       fz_wm.l(printf2.o)
    0x08003c2a   0x08003c2a   0x00000000   Code   RO          544    x$fpl$usenofp       fz_wm.l(usenofp.o)
    0x08003c2a   0x08003c2a   0x00000002   PAD
    0x08003c2c   0x08003c2c   0x00000008   Data   RO          452    .constdata          c_w.l(_printf_wctomb.o)
    0x08003c34   0x08003c34   0x00000028   Data   RO          481    .constdata          c_w.l(_printf_hex_int_ll_ptr.o)
    0x08003c5c   0x08003c5c   0x00000011   Data   RO          501    .constdata          c_w.l(__printf_flags_ss_wp.o)
    0x08003c6d   0x08003c6d   0x00000026   Data   RO          571    .constdata          c_w.l(_printf_fp_hex.o)
    0x08003c93   0x08003c93   0x00000001   PAD
    0x08003c94   0x08003c94   0x00000094   Data   RO          594    .constdata          c_w.l(bigflt0.o)
    0x08003d28   0x08003d28   0x00000032   Data   RO           17    .rodata..L__const.main.str_tx  main.o
    0x08003d5a   0x08003d5a   0x00000010   Data   RO          396    .rodata.AHBPrescTable  system_stm32f4xx.o
    0x08003d6a   0x08003d6a   0x000000f2   Data   RO            8    .rodata.str1.1      main.o
    0x08003e5c   0x08003e5c   0x00000020   Data   RO          784    Region$$Table       anon$$obj.o
    0x08003e7c   0x08003e7c   0x0000001c   Data   RO          620    locale$$data        c_w.l(lc_numeric_c.o)
    0x08003e98   0x08003e98   0x00000110   Data   RO          648    locale$$data        c_w.l(lc_ctype_c.o)


    Execution Region RW_IRAM1 (Exec base: 0x20000000, Load base: 0x08003fa8, Size: 0x00000778, Max: 0x00018000, ABSOLUTE)

    Exec Addr    Load Addr    Size         Type   Attr      Idx    E Section Name        Object

    0x20000000   0x08003fa8   0x00000004   Data   RW          395    .data.SystemCoreClock  system_stm32f4xx.o
    0x20000004   0x08003fac   0x00000040   Data   RW           93    .data.keypadIntKeys  my_keypad4x4.o
    0x20000044   0x08003fec   0x00000004   Data   RW           11    .data.selectedWaveForm  main.o
    0x20000048   0x08003ff0   0x00000001   Data   RW          157    .data.uwTickFreq    stm32f4xx_hal.o
    0x20000049   0x08003ff1   0x00000003   PAD
    0x2000004c   0x08003ff4   0x00000004   Data   RW          156    .data.uwTickPrio    stm32f4xx_hal.o
    0x20000050   0x08003ff8   0x00000018   Data   RW            9    .data.waveForm      main.o
    0x20000068   0x08004010   0x00000018   Data   RW           10    .data.waveFormShort  main.o
    0x20000080        -       0x00000060   Zero   RW          640    .bss                c_w.l(libspace.o)
    0x200000e0        -       0x00000030   Zero   RW           90    .bss.KeypadStruct   my_keypad4x4.o
    0x20000110        -       0x00000005   Zero   RW           69    .bss.LCD_Opts       lcd.o
    0x20000115        -       0x00000004   Zero   RW           91    .bss.OutPositions   my_keypad4x4.o
    0x20000119        -       0x00000020   Zero   RW           20    .bss.lcd            main.o
    0x20000139        -       0x00000010   Zero   RW           18    .bss.lcd0           main.o
    0x20000149        -       0x00000010   Zero   RW           19    .bss.lcd1           main.o
    0x20000159   0x08004028   0x00000003   PAD
    0x2000015c        -       0x00000004   Zero   RW           16    .bss.oldResult      main.o
    0x20000160        -       0x00000004   Zero   RW           15    .bss.programState   main.o
    0x20000164        -       0x00000004   Zero   RW           14    .bss.selectedFreq   main.o
    0x20000168        -       0x00000004   Zero   RW           13    .bss.selectedTime   main.o
    0x2000016c        -       0x00000004   Zero   RW           12    .bss.selectedWaveFormIndex  main.o
    0x20000170        -       0x00000004   Zero   RW          158    .bss.uwTick         stm32f4xx_hal.o
    0x20000174   0x08004028   0x00000004   PAD
    0x20000178        -       0x00000200   Zero   RW          382    HEAP                startup_stm32f401xe.o
    0x20000378        -       0x00000400   Zero   RW          381    STACK               startup_stm32f401xe.o


==============================================================================

Image component sizes


      Code (inc. data)   RO Data    RW Data    ZI Data      Debug   Object Name

       976          0          0          0          5       4666   lcd.o
      2088         16        292         52         84       5582   main.o
      1108          0          0         64         52       3579   my_keypad4x4.o
        64         26        404          0       1536        904   startup_stm32f401xe.o
       264          0          0          5          4       6966   stm32f4xx_hal.o
       414          0          0          0          0       9217   stm32f4xx_hal_cortex.o
       958          0          0          0          0       5332   stm32f4xx_hal_gpio.o
       320          0         16          4          0       2718   system_stm32f4xx.o

    ----------------------------------------------------------------------
      6234         42        744        128       1688      38964   Object Totals
         0          0         32          0          0          0   (incl. Generated)
        42          0          0          3          7          0   (incl. Padding)

    ----------------------------------------------------------------------

      Code (inc. data)   RO Data    RW Data    ZI Data      Debug   Library Member Name

         8          0          0          0          0         68   __main.o
       392          4         17          0          0         92   __printf_flags_ss_wp.o
        14          0          0          0          0         68   __printf_wp.o
         0          0          0          0          0          0   __rtentry.o
        12          0          0          0          0          0   __rtentry2.o
         6          0          0          0          0          0   __rtentry4.o
        52          8          0          0          0          0   __scatter.o
        26          0          0          0          0          0   __scatter_copy.o
        28          0          0          0          0          0   __scatter_zi.o
        72          0          0          0          0         96   _c16rtomb.o
         6          0          0          0          0          0   _printf_a.o
         6          0          0          0          0          0   _printf_c.o
        44          0          0          0          0        108   _printf_char.o
        48          6          0          0          0         96   _printf_char_common.o
        40          0          0          0          0         68   _printf_charcount.o
         6          0          0          0          0          0   _printf_d.o
       120         16          0          0          0         92   _printf_dec.o
         6          0          0          0          0          0   _printf_e.o
         6          0          0          0          0          0   _printf_f.o
      1052          0          0          0          0        148   _printf_fp_dec.o
       764          8         38          0          0        100   _printf_fp_hex.o
       128         16          0          0          0         84   _printf_fp_infnan.o
         6          0          0          0          0          0   _printf_g.o
       148          4         40          0          0        160   _printf_hex_int_ll_ptr.o
         6          0          0          0          0          0   _printf_i.o
       178          0          0          0          0         88   _printf_intcommon.o
        10          0          0          0          0          0   _printf_l.o
         6          0          0          0          0          0   _printf_lc.o
        10          0          0          0          0          0   _printf_ll.o
         6          0          0          0          0          0   _printf_lld.o
         6          0          0          0          0          0   _printf_lli.o
         6          0          0          0          0          0   _printf_llo.o
         6          0          0          0          0          0   _printf_llu.o
         6          0          0          0          0          0   _printf_llx.o
       124         16          0          0          0         92   _printf_longlong_dec.o
         6          0          0          0          0          0   _printf_ls.o
         6          0          0          0          0          0   _printf_n.o
         6          0          0          0          0          0   _printf_o.o
       112          8          0          0          0        124   _printf_oct_int_ll.o
         6          0          0          0          0          0   _printf_p.o
        78          0          0          0          0        108   _printf_pad.o
         0          0          0          0          0          0   _printf_percent.o
         4          0          0          0          0          0   _printf_percent_end.o
         6          0          0          0          0          0   _printf_s.o
        82          0          0          0          0         80   _printf_str.o
        36          0          0          0          0         84   _printf_truncate.o
         6          0          0          0          0          0   _printf_u.o
        44          0          0          0          0        108   _printf_wchar.o
       188          6          8          0          0         92   _printf_wctomb.o
         6          0          0          0          0          0   _printf_x.o
        10          0          0          0          0         68   _sputc.o
       228          4        148          0          0         96   bigflt0.o
      1936        128          0          0          0        668   btod.o
        18          0          0          0          0         80   exit.o
         6          0          0          0          0        152   heapauxi.o
         0          0          0          0          0          0   indicate_semi.o
        44         10        272          0          0         76   lc_ctype_c.o
        44         10         28          0          0         76   lc_numeric_c.o
         2          0          0          0          0          0   libinit.o
        34          0          0          0          0          0   libinit2.o
         2          0          0          0          0          0   libshutdown.o
         2          0          0          0          0          0   libshutdown2.o
         8          4          0          0         96         68   libspace.o
       138          0          0          0          0         80   lludiv10.o
        16          4          0          0          0         76   rt_ctype_table.o
         8          4          0          0          0         68   rt_locale_intlibspace.o
       138          0          0          0          0         68   rt_memcpy_v6.o
       100          0          0          0          0         80   rt_memcpy_w.o
         2          0          0          0          0          0   rtexit.o
        10          0          0          0          0          0   rtexit2.o
        44          6          0          0          0         84   sprintf.o
       124          0          0          0          0         88   strcmpv7em.o
        62          0          0          0          0         76   strlen.o
        12          4          0          0          0         68   sys_exit.o
        74          0          0          0          0         80   sys_stackheap_outer.o
         2          0          0          0          0         68   use_no_semi.o
        98          4          0          0          0        140   d2f.o
       812         16          0          0          0        392   daddsub_clz.o
       340         12          0          0          0        152   dmul.o
       156          4          0          0          0        140   dnaninf.o
        12          0          0          0          0        116   dretinf.o
        86          4          0          0          0        132   f2d.o
       140          4          0          0          0        132   fnaninf.o
        26          0          0          0          0        116   fpinit.o
        10          0          0          0          0        116   fretinf.o
         4          0          0          0          0        116   printf1.o
         4          0          0          0          0        116   printf2.o
         0          0          0          0          0          0   usenofp.o
        48          0          0          0          0        124   fpclassify.o

    ----------------------------------------------------------------------
      8766        314        552          0         96       5868   Library Totals
        26          4          1          0          0          0   (incl. Padding)

    ----------------------------------------------------------------------

      Code (inc. data)   RO Data    RW Data    ZI Data      Debug   Library Name

      7004        266        551          0         96       4076   c_w.l
      1688         44          0          0          0       1668   fz_wm.l
        48          0          0          0          0        124   m_wm.l

    ----------------------------------------------------------------------
      8766        314        552          0         96       5868   Library Totals

    ----------------------------------------------------------------------

==============================================================================


      Code (inc. data)   RO Data    RW Data    ZI Data      Debug   

     15000        356       1296        128       1784      41428   Grand Totals
     15000        356       1296        128       1784      41428   ELF Image Totals
     15000        356       1296        128          0          0   ROM Totals

==============================================================================

    Total RO  Size (Code + RO Data)                16296 (  15.91kB)
    Total RW  Size (RW Data + ZI Data)              1912 (   1.87kB)
    Total ROM Size (Code + RO Data + RW Data)      16424 (  16.04kB)

==============================================================================

